Archive member included because of file (symbol)

../rangefinder_v151116_bsp/\libhal_bsp.a(alt_iic.o)
                              obj/default/timer.o (alt_ic_isr_register)
../rangefinder_v151116_bsp/\libhal_bsp.a(alt_iic_isr_register.o)
                              ../rangefinder_v151116_bsp/\libhal_bsp.a(alt_iic.o) (alt_iic_isr_register)
../rangefinder_v151116_bsp/\libhal_bsp.a(alt_irq_entry.o)
                              ../rangefinder_v151116_bsp/\libhal_bsp.a(alt_iic_isr_register.o) (alt_irq_entry)
../rangefinder_v151116_bsp/\libhal_bsp.a(alt_irq_handler.o)
                              ../rangefinder_v151116_bsp/\libhal_bsp.a(alt_iic_isr_register.o) (alt_irq)
../rangefinder_v151116_bsp/\libhal_bsp.a(alt_irq_vars.o)
                              ../rangefinder_v151116_bsp/\libhal_bsp.a(alt_iic.o) (alt_irq_active)
../rangefinder_v151116_bsp/\libhal_bsp.a(alt_load.o)
                              ../rangefinder_v151116_bsp//obj/HAL/src/crt0.o (alt_load)
../rangefinder_v151116_bsp/\libhal_bsp.a(alt_main.o)
                              ../rangefinder_v151116_bsp//obj/HAL/src/crt0.o (alt_main)
../rangefinder_v151116_bsp/\libhal_bsp.a(alt_open.o)
                              obj/default/uart.o (open)
../rangefinder_v151116_bsp/\libhal_bsp.a(alt_read.o)
                              obj/default/uart.o (read)
../rangefinder_v151116_bsp/\libhal_bsp.a(alt_release_fd.o)
                              ../rangefinder_v151116_bsp/\libhal_bsp.a(alt_open.o) (alt_release_fd)
../rangefinder_v151116_bsp/\libhal_bsp.a(alt_write.o)
                              obj/default/uart.o (write)
../rangefinder_v151116_bsp/\libhal_bsp.a(alt_sys_init.o)
                              ../rangefinder_v151116_bsp/\libhal_bsp.a(alt_main.o) (alt_irq_init)
../rangefinder_v151116_bsp/\libhal_bsp.a(altera_avalon_timer_sc.o)
                              ../rangefinder_v151116_bsp/\libhal_bsp.a(alt_sys_init.o) (alt_avalon_timer_sc_init)
../rangefinder_v151116_bsp/\libhal_bsp.a(altera_avalon_uart_fd.o)
                              ../rangefinder_v151116_bsp/\libhal_bsp.a(alt_sys_init.o) (altera_avalon_uart_read_fd)
../rangefinder_v151116_bsp/\libhal_bsp.a(altera_avalon_uart_init.o)
                              ../rangefinder_v151116_bsp/\libhal_bsp.a(alt_sys_init.o) (altera_avalon_uart_init)
../rangefinder_v151116_bsp/\libhal_bsp.a(altera_avalon_uart_read.o)
                              ../rangefinder_v151116_bsp/\libhal_bsp.a(altera_avalon_uart_fd.o) (altera_avalon_uart_read)
../rangefinder_v151116_bsp/\libhal_bsp.a(altera_avalon_uart_write.o)
                              ../rangefinder_v151116_bsp/\libhal_bsp.a(altera_avalon_uart_fd.o) (altera_avalon_uart_write)
../rangefinder_v151116_bsp/\libhal_bsp.a(alt_close.o)
                              ../rangefinder_v151116_bsp/\libhal_bsp.a(alt_main.o) (close)
../rangefinder_v151116_bsp/\libhal_bsp.a(alt_dcache_flush_all.o)
                              ../rangefinder_v151116_bsp/\libhal_bsp.a(alt_load.o) (alt_dcache_flush_all)
../rangefinder_v151116_bsp/\libhal_bsp.a(alt_dev.o)
                              ../rangefinder_v151116_bsp/\libhal_bsp.a(alt_open.o) (alt_dev_list)
../rangefinder_v151116_bsp/\libhal_bsp.a(alt_dev_llist_insert.o)
                              ../rangefinder_v151116_bsp/\libhal_bsp.a(alt_sys_init.o) (alt_dev_llist_insert)
../rangefinder_v151116_bsp/\libhal_bsp.a(alt_do_ctors.o)
                              ../rangefinder_v151116_bsp/\libhal_bsp.a(alt_main.o) (_do_ctors)
../rangefinder_v151116_bsp/\libhal_bsp.a(alt_do_dtors.o)
                              ../rangefinder_v151116_bsp/\libhal_bsp.a(alt_main.o) (_do_dtors)
../rangefinder_v151116_bsp/\libhal_bsp.a(alt_errno.o)
                              ../rangefinder_v151116_bsp/\libhal_bsp.a(alt_open.o) (alt_errno)
../rangefinder_v151116_bsp/\libhal_bsp.a(alt_exception_entry.o)
                              ../rangefinder_v151116_bsp/\libhal_bsp.a(alt_irq_entry.o) (alt_exception)
../rangefinder_v151116_bsp/\libhal_bsp.a(alt_find_dev.o)
                              ../rangefinder_v151116_bsp/\libhal_bsp.a(alt_open.o) (alt_find_dev)
../rangefinder_v151116_bsp/\libhal_bsp.a(alt_find_file.o)
                              ../rangefinder_v151116_bsp/\libhal_bsp.a(alt_open.o) (alt_find_file)
../rangefinder_v151116_bsp/\libhal_bsp.a(alt_get_fd.o)
                              ../rangefinder_v151116_bsp/\libhal_bsp.a(alt_open.o) (alt_get_fd)
../rangefinder_v151116_bsp/\libhal_bsp.a(alt_icache_flush_all.o)
                              ../rangefinder_v151116_bsp/\libhal_bsp.a(alt_load.o) (alt_icache_flush_all)
../rangefinder_v151116_bsp/\libhal_bsp.a(alt_io_redirect.o)
                              ../rangefinder_v151116_bsp/\libhal_bsp.a(alt_main.o) (alt_io_redirect)
../rangefinder_v151116_bsp/\libhal_bsp.a(alt_tick.o)
                              ../rangefinder_v151116_bsp/\libhal_bsp.a(altera_avalon_timer_sc.o) (_alt_tick_rate)
[...]
Memory Configuration

Name             Origin             Length             Attributes
reset            0x0000000000000000 0x0000000000000020
ram_cpu          0x0000000000000020 0x0000000000007fe0
ram_sample_5     0x0000000000009000 0x0000000000000100
ram_sample_4     0x0000000000009100 0x0000000000000100
ram_sample_3     0x0000000000009200 0x0000000000000100
ram_sample_2     0x0000000000009300 0x0000000000000100
ram_sample_1     0x0000000000009400 0x0000000000000100
ram_sample_0     0x0000000000009500 0x0000000000000100
*default*        0x0000000000000000 0xffffffffffffffff

Linker script and memory map

LOAD ../rangefinder_v151116_bsp//obj/HAL/src/crt0.o
LOAD obj/default/accelerometer.o
LOAD obj/default/buttons.o
LOAD obj/default/fpga.o
LOAD obj/default/i2c.o
LOAD obj/default/laser.o
LOAD obj/default/leds.o
LOAD obj/default/main.o
LOAD obj/default/measurement.o
LOAD obj/default/sample_loader.o
LOAD obj/default/spi.o
LOAD obj/default/tdc.o
LOAD obj/default/test_generator.o
LOAD obj/default/timer.o
LOAD obj/default/uart.o
LOAD obj/default/vga.o
LOAD e:/altera/14.0/nios2eds/bin/gnu/h-x86_64-mingw32/bin/../lib/gcc/nios2-elf/4.7.3/../../../../../H-x86_64-mingw32/nios2-elf/lib\libstdc++.a
LOAD e:/altera/14.0/nios2eds/bin/gnu/h-x86_64-mingw32/bin/../lib/gcc/nios2-elf/4.7.3/../../../../../H-x86_64-mingw32/nios2-elf/lib\libm.a
LOAD e:/altera/14.0/nios2eds/bin/gnu/h-x86_64-mingw32/bin/../lib/gcc/nios2-elf/4.7.3\libgcc.a
START GROUP
LOAD e:/altera/14.0/nios2eds/bin/gnu/h-x86_64-mingw32/bin/../lib/gcc/nios2-elf/4.7.3/../../../../../H-x86_64-mingw32/nios2-elf/lib\libc.a
LOAD e:/altera/14.0/nios2eds/bin/gnu/h-x86_64-mingw32/bin/../lib/gcc/nios2-elf/4.7.3\libgcc.a
LOAD ../rangefinder_v151116_bsp/\libhal_bsp.a
END GROUP
LOAD e:/altera/14.0/nios2eds/bin/gnu/h-x86_64-mingw32/bin/../lib/gcc/nios2-elf/4.7.3\libgcc.a
                0x0000000000000000                __alt_mem_ram_cpu = 0x0
                0x0000000000009000                __alt_mem_ram_sample_5 = 0x9000
                0x0000000000009100                __alt_mem_ram_sample_4 = 0x9100
                0x0000000000009200                __alt_mem_ram_sample_3 = 0x9200
                0x0000000000009300                __alt_mem_ram_sample_2 = 0x9300
                0x0000000000009400                __alt_mem_ram_sample_1 = 0x9400
                0x0000000000009500                __alt_mem_ram_sample_0 = 0x9500

.entry          0x0000000000000000       0x20
 *(.entry)
 .entry         0x0000000000000000       0x20 ../rangefinder_v151116_bsp//obj/HAL/src/crt0.o
                0x0000000000000000                __reset

.exceptions     0x0000000000000020      0x198
                0x0000000000000020                PROVIDE (__ram_exceptions_start, ABSOLUTE (.))
                0x0000000000000020                . = ALIGN (0x20)
 *(.irq)
 *(.exceptions.entry.label)
 .exceptions.entry.label
                0x0000000000000020        0x0 ../rangefinder_v151116_bsp/\libhal_bsp.a(alt_irq_entry.o)
                0x0000000000000020                alt_irq_entry
 .exceptions.entry.label
                0x0000000000000020        0x0 ../rangefinder_v151116_bsp/\libhal_bsp.a(alt_exception_entry.o)
                0x0000000000000020                alt_exception
 *(.exceptions.entry.user)
 *(.exceptions.entry.ecc_fatal)
 *(.exceptions.entry)
 .exceptions.entry
                0x0000000000000020       0x54 ../rangefinder_v151116_bsp/\libhal_bsp.a(alt_exception_entry.o)
 *(.exceptions.irqtest.user)
 *(.exceptions.irqtest)
 .exceptions.irqtest
                0x0000000000000074       0x10 ../rangefinder_v151116_bsp/\libhal_bsp.a(alt_irq_entry.o)
 *(.exceptions.irqhandler.user)
 *(.exceptions.irqhandler)
 .exceptions.irqhandler
                0x0000000000000084        0x4 ../rangefinder_v151116_bsp/\libhal_bsp.a(alt_irq_entry.o)
 *(.exceptions.irqreturn.user)
 *(.exceptions.irqreturn)
 .exceptions.irqreturn
                0x0000000000000088        0x4 ../rangefinder_v151116_bsp/\libhal_bsp.a(alt_irq_entry.o)
 *(.exceptions.notirq.label)
 .exceptions.notirq.label
                0x000000000000008c        0x0 ../rangefinder_v151116_bsp/\libhal_bsp.a(alt_irq_entry.o)
 *(.exceptions.notirq.user)
 *(.exceptions.notirq)
 .exceptions.notirq
                0x000000000000008c        0x8 ../rangefinder_v151116_bsp/\libhal_bsp.a(alt_exception_entry.o)
 *(.exceptions.soft.user)
 *(.exceptions.soft)
 *(.exceptions.unknown.user)
 *(.exceptions.unknown)
 .exceptions.unknown
                0x0000000000000094        0x4 ../rangefinder_v151116_bsp/\libhal_bsp.a(alt_exception_entry.o)
 *(.exceptions.exit.label)
 .exceptions.exit.label
                0x0000000000000098        0x0 ../rangefinder_v151116_bsp/\libhal_bsp.a(alt_irq_entry.o)
 .exceptions.exit.label
                0x0000000000000098        0x0 ../rangefinder_v151116_bsp/\libhal_bsp.a(alt_exception_entry.o)
 *(.exceptions.exit.user)
 *(.exceptions.exit)
 .exceptions.exit
                0x0000000000000098       0x54 ../rangefinder_v151116_bsp/\libhal_bsp.a(alt_exception_entry.o)
 *(.exceptions)
 .exceptions    0x00000000000000ec       0xcc ../rangefinder_v151116_bsp/\libhal_bsp.a(alt_irq_handler.o)
                0x00000000000000ec                alt_irq_handler
                0x00000000000001b8                PROVIDE (__ram_exceptions_end, ABSOLUTE (.))
                0x0000000000000020                PROVIDE (__flash_exceptions_start, LOADADDR (.exceptions))

.text           0x00000000000001b8     0x4c84
                0x00000000000001b8                PROVIDE (stext, ABSOLUTE (.))
 *(.interp)
 *(.hash)
 *(.dynsym)
 *(.dynstr)
 *(.gnu.version)
 *(.gnu.version_d)
 *(.gnu.version_r)
 *(.rel.init)
 *(.rela.init)
 *(.rel.text .rel.text.* .rel.gnu.linkonce.t.*)
 *(.rela.text .rela.text.* .rela.gnu.linkonce.t.*)
 *(.rel.fini)
 *(.rela.fini)
 *(.rel.rodata .rel.rodata.* .rel.gnu.linkonce.r.*)
 *(.rela.rodata .rela.rodata.* .rela.gnu.linkonce.r.*)
 *(.rel.data .rel.data.* .rel.gnu.linkonce.d.*)
 *(.rela.data .rela.data.* .rela.gnu.linkonce.d.*)
 *(.rel.tdata .rel.tdata.* .rel.gnu.linkonce.td.*)
 *(.rela.tdata .rela.tdata.* .rela.gnu.linkonce.td.*)
 *(.rel.tbss .rel.tbss.* .rel.gnu.linkonce.tb.*)
 *(.rela.tbss .rela.tbss.* .rela.gnu.linkonce.tb.*)
 *(.rel.ctors)
 *(.rela.ctors)
 *(.rel.dtors)
 *(.rela.dtors)
 *(.rel.got)
 *(.rela.got)
 *(.rel.sdata .rel.sdata.* .rel.gnu.linkonce.s.*)
 *(.rela.sdata .rela.sdata.* .rela.gnu.linkonce.s.*)
 *(.rel.sbss .rel.sbss.* .rel.gnu.linkonce.sb.*)
 *(.rela.sbss .rela.sbss.* .rela.gnu.linkonce.sb.*)
 *(.rel.sdata2 .rel.sdata2.* .rel.gnu.linkonce.s2.*)
 *(.rela.sdata2 .rela.sdata2.* .rela.gnu.linkonce.s2.*)
 *(.rel.sbss2 .rel.sbss2.* .rel.gnu.linkonce.sb2.*)
 *(.rela.sbss2 .rela.sbss2.* .rela.gnu.linkonce.sb2.*)
 *(.rel.bss .rel.bss.* .rel.gnu.linkonce.b.*)
 *(.rela.bss .rela.bss.* .rela.gnu.linkonce.b.*)
 *(.rel.plt)
 *(.rela.plt)
 *(.rel.dyn)
 *(.init)
 *(.plt)
 *(.text .stub .text.* .gnu.linkonce.t.*)
 .text          0x00000000000001b8       0x4c ../rangefinder_v151116_bsp//obj/HAL/src/crt0.o
                0x00000000000001b8                _start
 .text          0x0000000000000204      0x1a8 obj/default/accelerometer.o
                0x0000000000000204                accelerometer_init
                0x000000000000024c                refresh_accelerometer_data
                0x000000000000034c                get_x_coord
                0x000000000000036c                get_y_coord
                0x000000000000038c                get_z_coord
 .text          0x00000000000003ac      0x290 obj/default/buttons.o
                0x00000000000003ac                buttons_handler_init
                0x0000000000000494                read_but
                0x000000000000061c                buttons_status
 .text          0x000000000000063c       0x60 obj/default/fpga.o
                0x000000000000063c                ProcCmdFPGA
 .text          0x000000000000069c      0x880 obj/default/i2c.o
                0x000000000000069c                i2c_start
                0x00000000000006fc                i2c_stop
                0x000000000000075c                i2c_send_bit
                0x00000000000007e8                i2c_read_bit
                0x0000000000000868                i2c_send_byte
                0x00000000000009a0                i2c_read_byte
                0x0000000000000b78                read_ack
                0x0000000000000bf8                write_ack
                0x0000000000000c7c                i2c_delay
                0x0000000000000cc0                i2c_init
                0x0000000000000d00                write_command
                0x0000000000000d68                write_command_multiple
                0x0000000000000e08                read_command
                0x0000000000000e7c                read_word_command
 .text          0x0000000000000f1c       0x7c obj/default/laser.o
                0x0000000000000f1c                laser_init
                0x0000000000000f50                generate_pulse
 .text          0x0000000000000f98      0x17c obj/default/leds.o
                0x0000000000000f98                change_axis
                0x0000000000000fd4                leds_init
                0x0000000000001000                leds_driver
 .text          0x0000000000001114      0x11c obj/default/main.o
                0x0000000000001114                main
                0x0000000000001130                sys_init
                0x000000000000117c                mainloop
 .text          0x0000000000001230       0xe8 obj/default/measurement.o
                0x0000000000001230                make_measurement
                0x00000000000012d4                delay
 .text          0x0000000000001318      0x518 obj/default/sample_loader.o
                0x0000000000001318                start_recording
                0x0000000000001360                get_buffer_status
                0x000000000000137c                reset_ram_buffers
                0x00000000000013e8                reset_memory_master
                0x0000000000001434                read_abs_counter
                0x0000000000001464                refresh_meas_data
                0x00000000000017ac                get_max
 .text          0x0000000000001830      0x14c obj/default/spi.o
                0x0000000000001830                send_spi_word
 .text          0x000000000000197c      0x5e8 obj/default/tdc.o
                0x000000000000197c                write_16bword_to_tdc
                0x0000000000001a0c                read_16bword_from_tdc
                0x0000000000001a90                write_32bword_to_tdc
                0x0000000000001b0c                read_32bword_from_tdc
                0x0000000000001b80                tdc_init
                0x0000000000001bc4                tdc_test
                0x0000000000001bf8                read_tdc_result
                0x0000000000001c8c                set_tdc_enable
                0x0000000000001cd4                start_tdc_measurement
                0x0000000000001d3c                read_tdc_meas_data
                0x0000000000001dec                ProcCmd_TDC
 .text          0x0000000000001f64      0x2d8 obj/default/test_generator.o
                0x0000000000001f64                test_pulse_generator_init
                0x0000000000002044                generate_test_pulses
                0x0000000000002144                ProcCmd_Test_Gen
 .text          0x000000000000223c      0x3c8 obj/default/timer.o
                0x00000000000022fc                sys_timer_init
                0x000000000000239c                sys_timer_start
                0x00000000000023e4                service_timer_start
                0x000000000000242c                sys_timer_stop
                0x0000000000002474                service_timer_stop
                0x00000000000024bc                register_sys_timer_interrupt
                0x0000000000002520                check_timer_event
                0x0000000000002540                reset_timer_event_flag
                0x0000000000002560                read_sys_time_ms
                0x0000000000002580                request_for_rs485_driver_switch
                0x00000000000025b8                service_timer_routine
 .text          0x0000000000002604      0x52c obj/default/uart.o
                0x0000000000002604                uart_init
                0x0000000000002644                send2pc
                0x00000000000026ac                send2pc_cmdpc
                0x0000000000002728                read_pc_cmds
                0x00000000000027a4                check_buffer_pc
                0x0000000000002928                integrity_check
                0x00000000000029c4                pc_crc_calc
                0x0000000000002a34                pc_cmd_handler
                0x0000000000002b00                set_rs485driver_dir
 .text          0x0000000000002b30      0x158 obj/default/vga.o
                0x0000000000002b30                vga_init
                0x0000000000002b5c                write_data2vga
                0x0000000000002c44                ProcCmd_VGA
 .text          0x0000000000002c88      0x1d8 ../rangefinder_v151116_bsp/\libhal_bsp.a(alt_iic.o)
                0x0000000000002c88                alt_ic_isr_register
                0x0000000000002cd8                alt_ic_irq_enable
                0x0000000000002d74                alt_ic_irq_disable
                0x0000000000002e14                alt_ic_irq_enabled
 .text          0x0000000000002e60       0xf0 ../rangefinder_v151116_bsp/\libhal_bsp.a(alt_iic_isr_register.o)
                0x0000000000002e60                alt_iic_isr_register
 .text          0x0000000000002f50        0x0 ../rangefinder_v151116_bsp/\libhal_bsp.a(alt_irq_entry.o)
 .text          0x0000000000002f50        0x0 ../rangefinder_v151116_bsp/\libhal_bsp.a(alt_irq_handler.o)
 .text          0x0000000000002f50        0x0 ../rangefinder_v151116_bsp/\libhal_bsp.a(alt_irq_vars.o)
 .text          0x0000000000002f50       0xec ../rangefinder_v151116_bsp/\libhal_bsp.a(alt_load.o)
                0x0000000000002fbc                alt_load
 .text          0x000000000000303c       0x78 ../rangefinder_v151116_bsp/\libhal_bsp.a(alt_main.o)
                0x000000000000303c                alt_main
 .text          0x00000000000030b4      0x270 ../rangefinder_v151116_bsp/\libhal_bsp.a(alt_open.o)
                0x00000000000031d0                open
 .text          0x0000000000003324      0x140 ../rangefinder_v151116_bsp/\libhal_bsp.a(alt_read.o)
                0x0000000000003374                read
 .text          0x0000000000003464       0x60 ../rangefinder_v151116_bsp/\libhal_bsp.a(alt_release_fd.o)
                0x0000000000003464                alt_release_fd
 .text          0x00000000000034c4      0x13c ../rangefinder_v151116_bsp/\libhal_bsp.a(alt_write.o)
                0x0000000000003514                write
 .text          0x0000000000003600       0xc8 ../rangefinder_v151116_bsp/\libhal_bsp.a(alt_sys_init.o)
                0x0000000000003638                alt_irq_init
                0x000000000000366c                alt_sys_init
 .text          0x00000000000036c8       0xfc ../rangefinder_v151116_bsp/\libhal_bsp.a(altera_avalon_timer_sc.o)
                0x000000000000373c                alt_avalon_timer_sc_init
 .text          0x00000000000037c4      0x110 ../rangefinder_v151116_bsp/\libhal_bsp.a(altera_avalon_uart_fd.o)
                0x00000000000037c4                altera_avalon_uart_read_fd
                0x0000000000003824                altera_avalon_uart_write_fd
                0x0000000000003884                altera_avalon_uart_close_fd
 .text          0x00000000000038d4      0x3a8 ../rangefinder_v151116_bsp/\libhal_bsp.a(altera_avalon_uart_init.o)
                0x00000000000038d4                altera_avalon_uart_init
                0x0000000000003c28                altera_avalon_uart_close
 .text          0x0000000000003c7c      0x230 ../rangefinder_v151116_bsp/\libhal_bsp.a(altera_avalon_uart_read.o)
                0x0000000000003ccc                altera_avalon_uart_read
 .text          0x0000000000003eac      0x1f8 ../rangefinder_v151116_bsp/\libhal_bsp.a(altera_avalon_uart_write.o)
                0x0000000000003efc                altera_avalon_uart_write
 .text          0x00000000000040a4      0x118 ../rangefinder_v151116_bsp/\libhal_bsp.a(alt_close.o)
                0x00000000000040f4                close
 .text          0x00000000000041bc       0x44 ../rangefinder_v151116_bsp/\libhal_bsp.a(alt_dcache_flush_all.o)
                0x00000000000041bc                alt_dcache_flush_all
 .text          0x0000000000004200       0x2c ../rangefinder_v151116_bsp/\libhal_bsp.a(alt_dev.o)
 .text          0x000000000000422c       0xf0 ../rangefinder_v151116_bsp/\libhal_bsp.a(alt_dev_llist_insert.o)
                0x000000000000427c                alt_dev_llist_insert
 .text          0x000000000000431c       0x5c ../rangefinder_v151116_bsp/\libhal_bsp.a(alt_do_ctors.o)
                0x000000000000431c                _do_ctors
 .text          0x0000000000004378       0x5c ../rangefinder_v151116_bsp/\libhal_bsp.a(alt_do_dtors.o)
                0x0000000000004378                _do_dtors
 .text          0x00000000000043d4        0x0 ../rangefinder_v151116_bsp/\libhal_bsp.a(alt_errno.o)
 .text          0x00000000000043d4        0x0 ../rangefinder_v151116_bsp/\libhal_bsp.a(alt_exception_entry.o)
 .text          0x00000000000043d4       0x90 ../rangefinder_v151116_bsp/\libhal_bsp.a(alt_find_dev.o)
                0x00000000000043d4                alt_find_dev
 .text          0x0000000000004464      0x114 ../rangefinder_v151116_bsp/\libhal_bsp.a(alt_find_file.o)
                0x0000000000004464                alt_find_file
 .text          0x0000000000004578       0xb4 ../rangefinder_v151116_bsp/\libhal_bsp.a(alt_get_fd.o)
                0x0000000000004578                alt_get_fd
 .text          0x000000000000462c       0x30 ../rangefinder_v151116_bsp/\libhal_bsp.a(alt_icache_flush_all.o)
                0x000000000000462c                alt_icache_flush_all
 .text          0x000000000000465c      0x138 ../rangefinder_v151116_bsp/\libhal_bsp.a(alt_io_redirect.o)
                0x000000000000471c                alt_io_redirect
 .text          0x0000000000004794      0x19c ../rangefinder_v151116_bsp/\libhal_bsp.a(alt_tick.o)
                0x0000000000004794                alt_alarm_stop
                0x000000000000482c                alt_tick
 .text          0x0000000000004930       0x20 ../rangefinder_v151116_bsp/\libhal_bsp.a(altera_nios2_qsys_irq.o)
                0x0000000000004930                altera_nios2_qsys_irq_init
 .text          0x0000000000004950       0x8c ../rangefinder_v151116_bsp/\libhal_bsp.a(alt_icache_flush.o)
                0x0000000000004950                alt_icache_flush
 .text          0x00000000000049dc       0x14 e:/altera/14.0/nios2eds/bin/gnu/h-x86_64-mingw32/bin/../lib/gcc/nios2-elf/4.7.3/../../../../../H-x86_64-mingw32/nios2-elf/lib\libc.a(lib_a-atexit.o)
                0x00000000000049dc                atexit
 .text          0x00000000000049f0       0x38 e:/altera/14.0/nios2eds/bin/gnu/h-x86_64-mingw32/bin/../lib/gcc/nios2-elf/4.7.3/../../../../../H-x86_64-mingw32/nios2-elf/lib\libc.a(lib_a-exit.o)
                0x00000000000049f0                exit
 .text          0x0000000000004a28        0x0 e:/altera/14.0/nios2eds/bin/gnu/h-x86_64-mingw32/bin/../lib/gcc/nios2-elf/4.7.3/../../../../../H-x86_64-mingw32/nios2-elf/lib\libc.a(lib_a-impure.o)
 .text          0x0000000000004a28        0x0 e:/altera/14.0/nios2eds/bin/gnu/h-x86_64-mingw32/bin/../lib/gcc/nios2-elf/4.7.3/../../../../../H-x86_64-mingw32/nios2-elf/lib\libc.a(lib_a-int_errno.o)
 .text          0x0000000000004a28       0x7c e:/altera/14.0/nios2eds/bin/gnu/h-x86_64-mingw32/bin/../lib/gcc/nios2-elf/4.7.3/../../../../../H-x86_64-mingw32/nios2-elf/lib\libc.a(lib_a-memcmp.o)
                0x0000000000004a28                memcmp
 .text          0x0000000000004aa4       0x8c e:/altera/14.0/nios2eds/bin/gnu/h-x86_64-mingw32/bin/../lib/gcc/nios2-elf/4.7.3/../../../../../H-x86_64-mingw32/nios2-elf/lib\libc.a(lib_a-strlen.o)
                0x0000000000004aa4                strlen
 .text          0x0000000000004b30      0x130 e:/altera/14.0/nios2eds/bin/gnu/h-x86_64-mingw32/bin/../lib/gcc/nios2-elf/4.7.3/../../../../../H-x86_64-mingw32/nios2-elf/lib\libc.a(lib_a-__atexit.o)
                0x0000000000004b30                __register_exitproc
 .text          0x0000000000004c60      0x1a0 e:/altera/14.0/nios2eds/bin/gnu/h-x86_64-mingw32/bin/../lib/gcc/nios2-elf/4.7.3/../../../../../H-x86_64-mingw32/nios2-elf/lib\libc.a(lib_a-__call_atexit.o)
                0x0000000000004c60                __call_exitprocs
 .text          0x0000000000004e00       0x3c ../rangefinder_v151116_bsp/\libhal_bsp.a(alt_exit.o)
                0x0000000000004e00                _exit
 *(.gnu.warning.*)
 *(.fini)
                0x0000000000004e3c                PROVIDE (__etext, ABSOLUTE (.))
                0x0000000000004e3c                PROVIDE (_etext, ABSOLUTE (.))
                0x0000000000004e3c                PROVIDE (etext, ABSOLUTE (.))
 *(.eh_frame_hdr)
                0x0000000000004e3c                . = ALIGN (0x4)
                0x0000000000004e3c                PROVIDE (__preinit_array_start, ABSOLUTE (.))
 *(.preinit_array)
                0x0000000000004e3c                PROVIDE (__preinit_array_end, ABSOLUTE (.))
                0x0000000000004e3c                PROVIDE (__init_array_start, ABSOLUTE (.))
 *(.init_array)
                0x0000000000004e3c                PROVIDE (__init_array_end, ABSOLUTE (.))
                0x0000000000004e3c                PROVIDE (__fini_array_start, ABSOLUTE (.))
 *(.fini_array)
                0x0000000000004e3c                PROVIDE (__fini_array_end, ABSOLUTE (.))
 *(.eh_frame)
 *(.gcc_except_table .gcc_except_table.*)
 *(.dynamic)
                0x0000000000004e3c                PROVIDE (__CTOR_LIST__, ABSOLUTE (.))
 *(.ctors)
 *(SORT(.ctors.*))
                0x0000000000004e3c                PROVIDE (__CTOR_END__, ABSOLUTE (.))
                0x0000000000004e3c                PROVIDE (__DTOR_LIST__, ABSOLUTE (.))
 *(.dtors)
 *(SORT(.dtors.*))
                0x0000000000004e3c                PROVIDE (__DTOR_END__, ABSOLUTE (.))
 *(.jcr)
                0x0000000000004e3c                . = ALIGN (0x4)

.rodata         0x0000000000004e3c       0x40
                0x0000000000004e3c                PROVIDE (__ram_rodata_start, ABSOLUTE (.))
                0x0000000000004e3c                . = ALIGN (0x4)
 *(.rodata .rodata.* .gnu.linkonce.r.*)
 .rodata        0x0000000000004e3c       0x10 obj/default/uart.o
 .rodata        0x0000000000004e4c       0x10 ../rangefinder_v151116_bsp/\libhal_bsp.a(alt_main.o)
 .rodata        0x0000000000004e5c       0x10 ../rangefinder_v151116_bsp/\libhal_bsp.a(alt_sys_init.o)
 .rodata        0x0000000000004e6c        0xc ../rangefinder_v151116_bsp/\libhal_bsp.a(alt_dev.o)
 .rodata.str1.4
                0x0000000000004e78        0x4 e:/altera/14.0/nios2eds/bin/gnu/h-x86_64-mingw32/bin/../lib/gcc/nios2-elf/4.7.3/../../../../../H-x86_64-mingw32/nios2-elf/lib\libc.a(lib_a-impure.o)
 *(.rodata1)
                0x0000000000004e7c                . = ALIGN (0x4)
                0x0000000000004e7c                PROVIDE (__ram_rodata_end, ABSOLUTE (.))
                0x0000000000004e3c                PROVIDE (__flash_rodata_start, LOADADDR (.rodata))

.rwdata         0x0000000000004e7c      0x6ac load address 0x0000000000005528
                0x0000000000004e7c                PROVIDE (__ram_rwdata_start, ABSOLUTE (.))
                0x0000000000004e7c                . = ALIGN (0x4)
 *(.got.plt)
 *(.got)
 *(.data1)
 *(.data .data.* .gnu.linkonce.d.*)
 .data          0x0000000000004e7c        0x0 ../rangefinder_v151116_bsp//obj/HAL/src/crt0.o
 .data          0x0000000000004e7c        0x0 obj/default/accelerometer.o
 .data          0x0000000000004e7c        0x0 obj/default/buttons.o
 .data          0x0000000000004e7c        0x0 obj/default/fpga.o
 .data          0x0000000000004e7c        0x0 obj/default/i2c.o
 .data          0x0000000000004e7c        0x0 obj/default/laser.o
 .data          0x0000000000004e7c        0x0 obj/default/leds.o
 .data          0x0000000000004e7c        0x0 obj/default/main.o
 .data          0x0000000000004e7c        0x0 obj/default/measurement.o
 .data          0x0000000000004e7c        0x0 obj/default/sample_loader.o
 .data          0x0000000000004e7c        0x0 obj/default/spi.o
 .data          0x0000000000004e7c        0x0 obj/default/tdc.o
 .data          0x0000000000004e7c        0x0 obj/default/test_generator.o
 .data          0x0000000000004e7c        0x0 obj/default/timer.o
 .data          0x0000000000004e7c        0x0 obj/default/uart.o
 .data          0x0000000000004e7c        0x0 obj/default/vga.o
 .data          0x0000000000004e7c        0x0 ../rangefinder_v151116_bsp/\libhal_bsp.a(alt_iic.o)
 .data          0x0000000000004e7c        0x0 ../rangefinder_v151116_bsp/\libhal_bsp.a(alt_iic_isr_register.o)
 .data          0x0000000000004e7c        0x0 ../rangefinder_v151116_bsp/\libhal_bsp.a(alt_irq_entry.o)
 .data          0x0000000000004e7c        0x0 ../rangefinder_v151116_bsp/\libhal_bsp.a(alt_irq_handler.o)
 .data          0x0000000000004e7c        0x0 ../rangefinder_v151116_bsp/\libhal_bsp.a(alt_irq_vars.o)
 .data          0x0000000000004e7c        0x0 ../rangefinder_v151116_bsp/\libhal_bsp.a(alt_load.o)
 .data          0x0000000000004e7c        0x0 ../rangefinder_v151116_bsp/\libhal_bsp.a(alt_main.o)
 .data          0x0000000000004e7c        0x0 ../rangefinder_v151116_bsp/\libhal_bsp.a(alt_open.o)
 .data          0x0000000000004e7c        0x0 ../rangefinder_v151116_bsp/\libhal_bsp.a(alt_read.o)
 .data          0x0000000000004e7c        0x0 ../rangefinder_v151116_bsp/\libhal_bsp.a(alt_release_fd.o)
 .data          0x0000000000004e7c        0x0 ../rangefinder_v151116_bsp/\libhal_bsp.a(alt_write.o)
 .data          0x0000000000004e7c       0xc4 ../rangefinder_v151116_bsp/\libhal_bsp.a(alt_sys_init.o)
 .data          0x0000000000004f40        0x0 ../rangefinder_v151116_bsp/\libhal_bsp.a(altera_avalon_timer_sc.o)
 .data          0x0000000000004f40        0x0 ../rangefinder_v151116_bsp/\libhal_bsp.a(altera_avalon_uart_fd.o)
 .data          0x0000000000004f40        0x0 ../rangefinder_v151116_bsp/\libhal_bsp.a(altera_avalon_uart_init.o)
 .data          0x0000000000004f40        0x0 ../rangefinder_v151116_bsp/\libhal_bsp.a(altera_avalon_uart_read.o)
 .data          0x0000000000004f40        0x0 ../rangefinder_v151116_bsp/\libhal_bsp.a(altera_avalon_uart_write.o)
 .data          0x0000000000004f40        0x0 ../rangefinder_v151116_bsp/\libhal_bsp.a(alt_close.o)
 .data          0x0000000000004f40        0x0 ../rangefinder_v151116_bsp/\libhal_bsp.a(alt_dcache_flush_all.o)
 .data          0x0000000000004f40      0x1a8 ../rangefinder_v151116_bsp/\libhal_bsp.a(alt_dev.o)
                0x0000000000004f40                alt_dev_null
                0x0000000000004f68                alt_fd_list
 .data          0x00000000000050e8        0x0 ../rangefinder_v151116_bsp/\libhal_bsp.a(alt_dev_llist_insert.o)
 .data          0x00000000000050e8        0x0 ../rangefinder_v151116_bsp/\libhal_bsp.a(alt_do_ctors.o)
 .data          0x00000000000050e8        0x0 ../rangefinder_v151116_bsp/\libhal_bsp.a(alt_do_dtors.o)
 .data          0x00000000000050e8        0x0 ../rangefinder_v151116_bsp/\libhal_bsp.a(alt_errno.o)
 .data          0x00000000000050e8        0x0 ../rangefinder_v151116_bsp/\libhal_bsp.a(alt_exception_entry.o)
 .data          0x00000000000050e8        0x0 ../rangefinder_v151116_bsp/\libhal_bsp.a(alt_find_dev.o)
 .data          0x00000000000050e8        0x0 ../rangefinder_v151116_bsp/\libhal_bsp.a(alt_find_file.o)
 .data          0x00000000000050e8        0x0 ../rangefinder_v151116_bsp/\libhal_bsp.a(alt_get_fd.o)
 .data          0x00000000000050e8        0x0 ../rangefinder_v151116_bsp/\libhal_bsp.a(alt_icache_flush_all.o)
 .data          0x00000000000050e8        0x0 ../rangefinder_v151116_bsp/\libhal_bsp.a(alt_io_redirect.o)
 .data          0x00000000000050e8        0x0 ../rangefinder_v151116_bsp/\libhal_bsp.a(alt_tick.o)
 .data          0x00000000000050e8        0x0 ../rangefinder_v151116_bsp/\libhal_bsp.a(altera_nios2_qsys_irq.o)
 .data          0x00000000000050e8        0x0 ../rangefinder_v151116_bsp/\libhal_bsp.a(alt_icache_flush.o)
 .data          0x00000000000050e8        0x0 e:/altera/14.0/nios2eds/bin/gnu/h-x86_64-mingw32/bin/../lib/gcc/nios2-elf/4.7.3/../../../../../H-x86_64-mingw32/nios2-elf/lib\libc.a(lib_a-atexit.o)
 .data          0x00000000000050e8        0x0 e:/altera/14.0/nios2eds/bin/gnu/h-x86_64-mingw32/bin/../lib/gcc/nios2-elf/4.7.3/../../../../../H-x86_64-mingw32/nios2-elf/lib\libc.a(lib_a-exit.o)
 .data          0x00000000000050e8      0x400 e:/altera/14.0/nios2eds/bin/gnu/h-x86_64-mingw32/bin/../lib/gcc/nios2-elf/4.7.3/../../../../../H-x86_64-mingw32/nios2-elf/lib\libc.a(lib_a-impure.o)
 .data          0x00000000000054e8        0x0 e:/altera/14.0/nios2eds/bin/gnu/h-x86_64-mingw32/bin/../lib/gcc/nios2-elf/4.7.3/../../../../../H-x86_64-mingw32/nios2-elf/lib\libc.a(lib_a-int_errno.o)
 .data          0x00000000000054e8        0x0 e:/altera/14.0/nios2eds/bin/gnu/h-x86_64-mingw32/bin/../lib/gcc/nios2-elf/4.7.3/../../../../../H-x86_64-mingw32/nios2-elf/lib\libc.a(lib_a-memcmp.o)
 .data          0x00000000000054e8        0x0 e:/altera/14.0/nios2eds/bin/gnu/h-x86_64-mingw32/bin/../lib/gcc/nios2-elf/4.7.3/../../../../../H-x86_64-mingw32/nios2-elf/lib\libc.a(lib_a-strlen.o)
 .data          0x00000000000054e8        0x0 e:/altera/14.0/nios2eds/bin/gnu/h-x86_64-mingw32/bin/../lib/gcc/nios2-elf/4.7.3/../../../../../H-x86_64-mingw32/nios2-elf/lib\libc.a(lib_a-__atexit.o)
 .data          0x00000000000054e8        0x0 e:/altera/14.0/nios2eds/bin/gnu/h-x86_64-mingw32/bin/../lib/gcc/nios2-elf/4.7.3/../../../../../H-x86_64-mingw32/nios2-elf/lib\libc.a(lib_a-__call_atexit.o)
 .data          0x00000000000054e8        0x0 ../rangefinder_v151116_bsp/\libhal_bsp.a(alt_exit.o)
                0x000000000000d4e8                _gp = ABSOLUTE ((. + 0x8000))
                0x000000000000d4e8                PROVIDE (gp, _gp)
 *(.rwdata .rwdata.*)
 *(.sdata .sdata.* .gnu.linkonce.s.*)
 .sdata         0x00000000000054e8        0x1 obj/default/leds.o
                0x00000000000054e8                leds_status
 *fill*         0x00000000000054e9        0x3 
 .sdata         0x00000000000054ec        0x8 obj/default/timer.o
                0x00000000000054ec                timer_context_ptr
                0x00000000000054f0                service_timer_context_ptr
 .sdata         0x00000000000054f4        0x8 obj/default/uart.o
                0x00000000000054f4                rec_pc
                0x00000000000054f8                trans_pc
 .sdata         0x00000000000054fc        0x4 ../rangefinder_v151116_bsp/\libhal_bsp.a(alt_irq_vars.o)
                0x00000000000054fc                alt_priority_mask
 .sdata         0x0000000000005500       0x14 ../rangefinder_v151116_bsp/\libhal_bsp.a(alt_dev.o)
                0x0000000000005500                alt_fs_list
                0x0000000000005508                alt_dev_list
                0x0000000000005510                alt_max_fd
 .sdata         0x0000000000005514        0x4 ../rangefinder_v151116_bsp/\libhal_bsp.a(alt_errno.o)
                0x0000000000005514                alt_errno
 .sdata         0x0000000000005518        0x8 ../rangefinder_v151116_bsp/\libhal_bsp.a(alt_tick.o)
                0x0000000000005518                alt_alarm_list
 .sdata         0x0000000000005520        0x8 e:/altera/14.0/nios2eds/bin/gnu/h-x86_64-mingw32/bin/../lib/gcc/nios2-elf/4.7.3/../../../../../H-x86_64-mingw32/nios2-elf/lib\libc.a(lib_a-impure.o)
                0x0000000000005520                _global_impure_ptr
                0x0000000000005524                _impure_ptr
 *(.sdata2 .sdata2.* .gnu.linkonce.s2.*)
                0x0000000000005528                . = ALIGN (0x4)
                0x0000000000005528                _edata = ABSOLUTE (.)
                0x0000000000005528                PROVIDE (edata, ABSOLUTE (.))
                0x0000000000005528                PROVIDE (__ram_rwdata_end, ABSOLUTE (.))
                0x0000000000005528                PROVIDE (__flash_rwdata_start, LOADADDR (.rwdata))

.bss            0x0000000000005bd4      0x5a4
                0x0000000000005bd4                __bss_start = ABSOLUTE (.)
                0x0000000000005bd4                PROVIDE (__sbss_start, ABSOLUTE (.))
                0x0000000000005bd4                PROVIDE (___sbss_start, ABSOLUTE (.))
 *(.dynsbss)
 *(.sbss .sbss.* .gnu.linkonce.sb.*)
 .sbss          0x0000000000005bd4       0x14 obj/default/accelerometer.o
                0x0000000000005bd4                DATAX
                0x0000000000005bd6                DATAY
                0x0000000000005bd8                DATAZ
                0x0000000000005bdc                x_angle
                0x0000000000005be0                y_angle
                0x0000000000005be4                z_angle
 .sbss          0x0000000000005be8        0xc obj/default/buttons.o
                0x0000000000005be8                b
                0x0000000000005bec                f
                0x0000000000005bf0                flags
 .sbss          0x0000000000005bf4        0x1 obj/default/fpga.o
                0x0000000000005bf4                mode
 .sbss          0x0000000000005bf5        0x8 obj/default/leds.o
                0x0000000000005bf5                rigth_blink
                0x0000000000005bf6                left_blink
                0x0000000000005bf7                direction
                0x0000000000005bf8                shift
                0x0000000000005bf9                blinky_flag
                0x0000000000005bfa                blinky_status
                0x0000000000005bfb                axis_num
                0x0000000000005bfc                counter
 .sbss          0x0000000000005bfd        0x1 obj/default/main.o
                0x0000000000005bfd                i
 *fill*         0x0000000000005bfe        0x2 
 .sbss          0x0000000000005c00       0x1c obj/default/timer.o
                0x0000000000005c00                timer_event_flag
                0x0000000000005c04                sys_abs_time_ms
                0x0000000000005c08                service_timer_event_flag
                0x0000000000005c0c                service_timer_ticks_cnt
                0x0000000000005c10                neccesary_tickes_cnt
                0x0000000000005c12                rs485_switch_request_flag
                0x0000000000005c14                service_timer_context
                0x0000000000005c18                timer_context
 .sbss          0x0000000000005c1c        0x4 obj/default/uart.o
                0x0000000000005c1c                pc_uart_file
 .sbss          0x0000000000005c20        0x1 obj/default/vga.o
                0x0000000000005c20                current_vga_gain
 *fill*         0x0000000000005c21        0x3 
 .sbss          0x0000000000005c24        0x4 ../rangefinder_v151116_bsp/\libhal_bsp.a(alt_irq_vars.o)
                0x0000000000005c24                alt_irq_active
 .sbss          0x0000000000005c28        0xc ../rangefinder_v151116_bsp/\libhal_bsp.a(alt_main.o)
                0x0000000000005c28                alt_argc
                0x0000000000005c2c                alt_argv
                0x0000000000005c30                alt_envp
 .sbss          0x0000000000005c34        0x8 ../rangefinder_v151116_bsp/\libhal_bsp.a(alt_tick.o)
                0x0000000000005c34                _alt_tick_rate
                0x0000000000005c38                _alt_nticks
 .sbss          0x0000000000005c3c        0x4 e:/altera/14.0/nios2eds/bin/gnu/h-x86_64-mingw32/bin/../lib/gcc/nios2-elf/4.7.3/../../../../../H-x86_64-mingw32/nios2-elf/lib\libc.a(lib_a-int_errno.o)
                0x0000000000005c3c                errno
 *(.sbss2 .sbss2.* .gnu.linkonce.sb2.*)
 *(.scommon)
                0x0000000000005c40                PROVIDE (__sbss_end, ABSOLUTE (.))
                0x0000000000005c40                PROVIDE (___sbss_end, ABSOLUTE (.))
 *(.dynbss)
 *(.bss .bss.* .gnu.linkonce.b.*)
 .bss           0x0000000000005c40        0x0 ../rangefinder_v151116_bsp//obj/HAL/src/crt0.o
 .bss           0x0000000000005c40        0x0 obj/default/accelerometer.o
 .bss           0x0000000000005c40        0x0 obj/default/buttons.o
 .bss           0x0000000000005c40        0x0 obj/default/fpga.o
 .bss           0x0000000000005c40        0x0 obj/default/i2c.o
 .bss           0x0000000000005c40        0x0 obj/default/laser.o
 .bss           0x0000000000005c40        0x0 obj/default/leds.o
 .bss           0x0000000000005c40        0x0 obj/default/main.o
 .bss           0x0000000000005c40        0x0 obj/default/measurement.o
 .bss           0x0000000000005c40        0x0 obj/default/sample_loader.o
 .bss           0x0000000000005c40        0x0 obj/default/spi.o
 .bss           0x0000000000005c40        0x0 obj/default/tdc.o
 .bss           0x0000000000005c40        0x0 obj/default/test_generator.o
 .bss           0x0000000000005c40        0x0 obj/default/timer.o
 .bss           0x0000000000005c40        0x0 obj/default/uart.o
 .bss           0x0000000000005c40        0x0 obj/default/vga.o
 .bss           0x0000000000005c40        0x0 ../rangefinder_v151116_bsp/\libhal_bsp.a(alt_iic.o)
 .bss           0x0000000000005c40        0x0 ../rangefinder_v151116_bsp/\libhal_bsp.a(alt_iic_isr_register.o)
 .bss           0x0000000000005c40        0x0 ../rangefinder_v151116_bsp/\libhal_bsp.a(alt_irq_entry.o)
 .bss           0x0000000000005c40        0x0 ../rangefinder_v151116_bsp/\libhal_bsp.a(alt_irq_handler.o)
 .bss           0x0000000000005c40        0x0 ../rangefinder_v151116_bsp/\libhal_bsp.a(alt_irq_vars.o)
 .bss           0x0000000000005c40        0x0 ../rangefinder_v151116_bsp/\libhal_bsp.a(alt_load.o)
 .bss           0x0000000000005c40        0x0 ../rangefinder_v151116_bsp/\libhal_bsp.a(alt_main.o)
 .bss           0x0000000000005c40        0x0 ../rangefinder_v151116_bsp/\libhal_bsp.a(alt_open.o)
 .bss           0x0000000000005c40        0x0 ../rangefinder_v151116_bsp/\libhal_bsp.a(alt_read.o)
 .bss           0x0000000000005c40        0x0 ../rangefinder_v151116_bsp/\libhal_bsp.a(alt_release_fd.o)
 .bss           0x0000000000005c40        0x0 ../rangefinder_v151116_bsp/\libhal_bsp.a(alt_write.o)
 .bss           0x0000000000005c40        0x0 ../rangefinder_v151116_bsp/\libhal_bsp.a(alt_sys_init.o)
 .bss           0x0000000000005c40        0x0 ../rangefinder_v151116_bsp/\libhal_bsp.a(altera_avalon_timer_sc.o)
 .bss           0x0000000000005c40        0x0 ../rangefinder_v151116_bsp/\libhal_bsp.a(altera_avalon_uart_fd.o)
 .bss           0x0000000000005c40        0x0 ../rangefinder_v151116_bsp/\libhal_bsp.a(altera_avalon_uart_init.o)
 .bss           0x0000000000005c40        0x0 ../rangefinder_v151116_bsp/\libhal_bsp.a(altera_avalon_uart_read.o)
 .bss           0x0000000000005c40        0x0 ../rangefinder_v151116_bsp/\libhal_bsp.a(altera_avalon_uart_write.o)
 .bss           0x0000000000005c40        0x0 ../rangefinder_v151116_bsp/\libhal_bsp.a(alt_close.o)
 .bss           0x0000000000005c40        0x0 ../rangefinder_v151116_bsp/\libhal_bsp.a(alt_dcache_flush_all.o)
 .bss           0x0000000000005c40        0x0 ../rangefinder_v151116_bsp/\libhal_bsp.a(alt_dev.o)
 .bss           0x0000000000005c40        0x0 ../rangefinder_v151116_bsp/\libhal_bsp.a(alt_dev_llist_insert.o)
 .bss           0x0000000000005c40        0x0 ../rangefinder_v151116_bsp/\libhal_bsp.a(alt_do_ctors.o)
 .bss           0x0000000000005c40        0x0 ../rangefinder_v151116_bsp/\libhal_bsp.a(alt_do_dtors.o)
 .bss           0x0000000000005c40        0x0 ../rangefinder_v151116_bsp/\libhal_bsp.a(alt_errno.o)
 .bss           0x0000000000005c40        0x0 ../rangefinder_v151116_bsp/\libhal_bsp.a(alt_exception_entry.o)
 .bss           0x0000000000005c40        0x0 ../rangefinder_v151116_bsp/\libhal_bsp.a(alt_find_dev.o)
 .bss           0x0000000000005c40        0x0 ../rangefinder_v151116_bsp/\libhal_bsp.a(alt_find_file.o)
 .bss           0x0000000000005c40        0x0 ../rangefinder_v151116_bsp/\libhal_bsp.a(alt_get_fd.o)
 .bss           0x0000000000005c40        0x0 ../rangefinder_v151116_bsp/\libhal_bsp.a(alt_icache_flush_all.o)
 .bss           0x0000000000005c40        0x0 ../rangefinder_v151116_bsp/\libhal_bsp.a(alt_io_redirect.o)
 .bss           0x0000000000005c40        0x0 ../rangefinder_v151116_bsp/\libhal_bsp.a(alt_tick.o)
 .bss           0x0000000000005c40        0x0 ../rangefinder_v151116_bsp/\libhal_bsp.a(altera_nios2_qsys_irq.o)
 .bss           0x0000000000005c40        0x0 ../rangefinder_v151116_bsp/\libhal_bsp.a(alt_icache_flush.o)
 .bss           0x0000000000005c40        0x0 e:/altera/14.0/nios2eds/bin/gnu/h-x86_64-mingw32/bin/../lib/gcc/nios2-elf/4.7.3/../../../../../H-x86_64-mingw32/nios2-elf/lib\libc.a(lib_a-atexit.o)
 .bss           0x0000000000005c40        0x0 e:/altera/14.0/nios2eds/bin/gnu/h-x86_64-mingw32/bin/../lib/gcc/nios2-elf/4.7.3/../../../../../H-x86_64-mingw32/nios2-elf/lib\libc.a(lib_a-exit.o)
 .bss           0x0000000000005c40        0x0 e:/altera/14.0/nios2eds/bin/gnu/h-x86_64-mingw32/bin/../lib/gcc/nios2-elf/4.7.3/../../../../../H-x86_64-mingw32/nios2-elf/lib\libc.a(lib_a-impure.o)
 .bss           0x0000000000005c40        0x0 e:/altera/14.0/nios2eds/bin/gnu/h-x86_64-mingw32/bin/../lib/gcc/nios2-elf/4.7.3/../../../../../H-x86_64-mingw32/nios2-elf/lib\libc.a(lib_a-int_errno.o)
 .bss           0x0000000000005c40        0x0 e:/altera/14.0/nios2eds/bin/gnu/h-x86_64-mingw32/bin/../lib/gcc/nios2-elf/4.7.3/../../../../../H-x86_64-mingw32/nios2-elf/lib\libc.a(lib_a-memcmp.o)
 .bss           0x0000000000005c40        0x0 e:/altera/14.0/nios2eds/bin/gnu/h-x86_64-mingw32/bin/../lib/gcc/nios2-elf/4.7.3/../../../../../H-x86_64-mingw32/nios2-elf/lib\libc.a(lib_a-strlen.o)
 .bss           0x0000000000005c40        0x0 e:/altera/14.0/nios2eds/bin/gnu/h-x86_64-mingw32/bin/../lib/gcc/nios2-elf/4.7.3/../../../../../H-x86_64-mingw32/nios2-elf/lib\libc.a(lib_a-__atexit.o)
 .bss           0x0000000000005c40        0x0 e:/altera/14.0/nios2eds/bin/gnu/h-x86_64-mingw32/bin/../lib/gcc/nios2-elf/4.7.3/../../../../../H-x86_64-mingw32/nios2-elf/lib\libc.a(lib_a-__call_atexit.o)
 .bss           0x0000000000005c40        0x0 ../rangefinder_v151116_bsp/\libhal_bsp.a(alt_exit.o)
 *(COMMON)
 COMMON         0x0000000000005c40       0x10 obj/default/buttons.o
                0x0000000000005c40                buttons
 COMMON         0x0000000000005c50      0x158 obj/default/sample_loader.o
                0x0000000000005c50                ram_buffer
                0x0000000000005c80                signal
                0x0000000000005ca8                sample
 COMMON         0x0000000000005da8       0x70 obj/default/tdc.o
                0x0000000000005da8                rx_data
                0x0000000000005de8                tdc_result
 COMMON         0x0000000000005e18       0x24 obj/default/test_generator.o
                0x0000000000005e18                test_pulses
 COMMON         0x0000000000005e3c       0xa9 obj/default/uart.o
                0x0000000000005e3c                pc_uart_receiver
                0x0000000000005ec4                pc_uart_transmitter
 *fill*         0x0000000000005ee5        0x3 
 COMMON         0x0000000000005ee8      0x100 ../rangefinder_v151116_bsp/\libhal_bsp.a(alt_irq_handler.o)
                0x0000000000005ee8                alt_irq
 COMMON         0x0000000000005fe8      0x190 e:/altera/14.0/nios2eds/bin/gnu/h-x86_64-mingw32/bin/../lib/gcc/nios2-elf/4.7.3/../../../../../H-x86_64-mingw32/nios2-elf/lib\libc.a(lib_a-atexit.o)
                0x0000000000005fe8                _atexit0
                0x0000000000006178                . = ALIGN (0x4)
                0x0000000000006178                __bss_end = ABSOLUTE (.)

.ram_cpu        0x0000000000006178        0x0
                0x0000000000006178                PROVIDE (_alt_partition_ram_cpu_start, ABSOLUTE (.))
 *(.ram_cpu .ram_cpu. ram_cpu.*)
                0x0000000000006178                . = ALIGN (0x4)
                0x0000000000006178                PROVIDE (_alt_partition_ram_cpu_end, ABSOLUTE (.))
                0x0000000000006178                _end = ABSOLUTE (.)
                0x0000000000006178                end = ABSOLUTE (.)
                0x0000000000006178                __alt_stack_base = ABSOLUTE (.)
                0x0000000000006178                PROVIDE (_alt_partition_ram_cpu_load_addr, LOADADDR (.ram_cpu))

.ram_sample_5   0x0000000000009000        0x0 load address 0x0000000000006178
                0x0000000000009000                PROVIDE (_alt_partition_ram_sample_5_start, ABSOLUTE (.))
 *(.ram_sample_5 .ram_sample_5. ram_sample_5.*)
                0x0000000000009000                . = ALIGN (0x4)
                0x0000000000009000                PROVIDE (_alt_partition_ram_sample_5_end, ABSOLUTE (.))
                0x0000000000006178                PROVIDE (_alt_partition_ram_sample_5_load_addr, LOADADDR (.ram_sample_5))

.ram_sample_4   0x0000000000009100        0x0 load address 0x0000000000006178
                0x0000000000009100                PROVIDE (_alt_partition_ram_sample_4_start, ABSOLUTE (.))
 *(.ram_sample_4 .ram_sample_4. ram_sample_4.*)
                0x0000000000009100                . = ALIGN (0x4)
                0x0000000000009100                PROVIDE (_alt_partition_ram_sample_4_end, ABSOLUTE (.))
                0x0000000000006178                PROVIDE (_alt_partition_ram_sample_4_load_addr, LOADADDR (.ram_sample_4))

.ram_sample_3   0x0000000000009200        0x0 load address 0x0000000000006178
                0x0000000000009200                PROVIDE (_alt_partition_ram_sample_3_start, ABSOLUTE (.))
 *(.ram_sample_3 .ram_sample_3. ram_sample_3.*)
                0x0000000000009200                . = ALIGN (0x4)
                0x0000000000009200                PROVIDE (_alt_partition_ram_sample_3_end, ABSOLUTE (.))
                0x0000000000006178                PROVIDE (_alt_partition_ram_sample_3_load_addr, LOADADDR (.ram_sample_3))

.ram_sample_2   0x0000000000009300        0x0 load address 0x0000000000006178
                0x0000000000009300                PROVIDE (_alt_partition_ram_sample_2_start, ABSOLUTE (.))
 *(.ram_sample_2 .ram_sample_2. ram_sample_2.*)
                0x0000000000009300                . = ALIGN (0x4)
                0x0000000000009300                PROVIDE (_alt_partition_ram_sample_2_end, ABSOLUTE (.))
                0x0000000000006178                PROVIDE (_alt_partition_ram_sample_2_load_addr, LOADADDR (.ram_sample_2))

.ram_sample_1   0x0000000000009400        0x0 load address 0x0000000000006178
                0x0000000000009400                PROVIDE (_alt_partition_ram_sample_1_start, ABSOLUTE (.))
 *(.ram_sample_1 .ram_sample_1. ram_sample_1.*)
                0x0000000000009400                . = ALIGN (0x4)
                0x0000000000009400                PROVIDE (_alt_partition_ram_sample_1_end, ABSOLUTE (.))
                0x0000000000006178                PROVIDE (_alt_partition_ram_sample_1_load_addr, LOADADDR (.ram_sample_1))

.ram_sample_0   0x0000000000009500        0x0 load address 0x0000000000006178
                0x0000000000009500                PROVIDE (_alt_partition_ram_sample_0_start, ABSOLUTE (.))
 *(.ram_sample_0 .ram_sample_0. ram_sample_0.*)
                0x0000000000009500                . = ALIGN (0x4)
                0x0000000000009500                PROVIDE (_alt_partition_ram_sample_0_end, ABSOLUTE (.))
                0x0000000000006178                PROVIDE (_alt_partition_ram_sample_0_load_addr, LOADADDR (.ram_sample_0))

.stab
 *(.stab)

.stabstr
 *(.stabstr)

.stab.excl
 *(.stab.excl)

.stab.exclstr
 *(.stab.exclstr)

.stab.index
 *(.stab.index)

.stab.indexstr
 *(.stab.indexstr)

.comment        0x0000000000000000       0x23
 *(.comment)
 .comment       0x0000000000000000       0x23 obj/default/accelerometer.o
                                         0x24 (size before relaxing)
 .comment       0x0000000000000000       0x24 obj/default/buttons.o
 .comment       0x0000000000000000       0x24 obj/default/fpga.o
 .comment       0x0000000000000000       0x24 obj/default/i2c.o
 .comment       0x0000000000000000       0x24 obj/default/laser.o
 .comment       0x0000000000000000       0x24 obj/default/leds.o
 .comment       0x0000000000000000       0x24 obj/default/main.o
 .comment       0x0000000000000000       0x24 obj/default/measurement.o
 .comment       0x0000000000000000       0x24 obj/default/sample_loader.o
 .comment       0x0000000000000000       0x24 obj/default/spi.o
 .comment       0x0000000000000000       0x24 obj/default/tdc.o
 .comment       0x0000000000000000       0x24 obj/default/test_generator.o
 .comment       0x0000000000000000       0x24 obj/default/timer.o
 .comment       0x0000000000000000       0x24 obj/default/uart.o
 .comment       0x0000000000000000       0x24 obj/default/vga.o
 .comment       0x0000000000000000       0x24 ../rangefinder_v151116_bsp/\libhal_bsp.a(alt_iic.o)
 .comment       0x0000000000000000       0x24 ../rangefinder_v151116_bsp/\libhal_bsp.a(alt_iic_isr_register.o)
 .comment       0x0000000000000000       0x24 ../rangefinder_v151116_bsp/\libhal_bsp.a(alt_irq_handler.o)
 .comment       0x0000000000000000       0x24 ../rangefinder_v151116_bsp/\libhal_bsp.a(alt_irq_vars.o)
 .comment       0x0000000000000000       0x24 ../rangefinder_v151116_bsp/\libhal_bsp.a(alt_load.o)
 .comment       0x0000000000000000       0x24 ../rangefinder_v151116_bsp/\libhal_bsp.a(alt_main.o)
 .comment       0x0000000000000000       0x24 ../rangefinder_v151116_bsp/\libhal_bsp.a(alt_open.o)
 .comment       0x0000000000000000       0x24 ../rangefinder_v151116_bsp/\libhal_bsp.a(alt_read.o)
 .comment       0x0000000000000000       0x24 ../rangefinder_v151116_bsp/\libhal_bsp.a(alt_release_fd.o)
 .comment       0x0000000000000000       0x24 ../rangefinder_v151116_bsp/\libhal_bsp.a(alt_write.o)
 .comment       0x0000000000000000       0x24 ../rangefinder_v151116_bsp/\libhal_bsp.a(alt_sys_init.o)
 .comment       0x0000000000000000       0x24 ../rangefinder_v151116_bsp/\libhal_bsp.a(altera_avalon_timer_sc.o)
 .comment       0x0000000000000000       0x24 ../rangefinder_v151116_bsp/\libhal_bsp.a(altera_avalon_uart_fd.o)
 .comment       0x0000000000000000       0x24 ../rangefinder_v151116_bsp/\libhal_bsp.a(altera_avalon_uart_init.o)
 .comment       0x0000000000000000       0x24 ../rangefinder_v151116_bsp/\libhal_bsp.a(altera_avalon_uart_read.o)
 .comment       0x0000000000000000       0x24 ../rangefinder_v151116_bsp/\libhal_bsp.a(altera_avalon_uart_write.o)
 .comment       0x0000000000000000       0x24 ../rangefinder_v151116_bsp/\libhal_bsp.a(alt_close.o)
 .comment       0x0000000000000000       0x24 ../rangefinder_v151116_bsp/\libhal_bsp.a(alt_dcache_flush_all.o)
 .comment       0x0000000000000000       0x24 ../rangefinder_v151116_bsp/\libhal_bsp.a(alt_dev.o)
 .comment       0x0000000000000000       0x24 ../rangefinder_v151116_bsp/\libhal_bsp.a(alt_dev_llist_insert.o)
 .comment       0x0000000000000000       0x24 ../rangefinder_v151116_bsp/\libhal_bsp.a(alt_do_ctors.o)
 .comment       0x0000000000000000       0x24 ../rangefinder_v151116_bsp/\libhal_bsp.a(alt_do_dtors.o)
 .comment       0x0000000000000000       0x24 ../rangefinder_v151116_bsp/\libhal_bsp.a(alt_errno.o)
 .comment       0x0000000000000000       0x24 ../rangefinder_v151116_bsp/\libhal_bsp.a(alt_find_dev.o)
 .comment       0x0000000000000000       0x24 ../rangefinder_v151116_bsp/\libhal_bsp.a(alt_find_file.o)
 .comment       0x0000000000000000       0x24 ../rangefinder_v151116_bsp/\libhal_bsp.a(alt_get_fd.o)
 .comment       0x0000000000000000       0x24 ../rangefinder_v151116_bsp/\libhal_bsp.a(alt_icache_flush_all.o)
 .comment       0x0000000000000000       0x24 ../rangefinder_v151116_bsp/\libhal_bsp.a(alt_io_redirect.o)
 .comment       0x0000000000000000       0x24 ../rangefinder_v151116_bsp/\libhal_bsp.a(alt_tick.o)
 .comment       0x0000000000000000       0x24 ../rangefinder_v151116_bsp/\libhal_bsp.a(altera_nios2_qsys_irq.o)
 .comment       0x0000000000000000       0x24 ../rangefinder_v151116_bsp/\libhal_bsp.a(alt_icache_flush.o)
 .comment       0x0000000000000000       0x24 e:/altera/14.0/nios2eds/bin/gnu/h-x86_64-mingw32/bin/../lib/gcc/nios2-elf/4.7.3/../../../../../H-x86_64-mingw32/nios2-elf/lib\libc.a(lib_a-atexit.o)
 .comment       0x0000000000000000       0x24 e:/altera/14.0/nios2eds/bin/gnu/h-x86_64-mingw32/bin/../lib/gcc/nios2-elf/4.7.3/../../../../../H-x86_64-mingw32/nios2-elf/lib\libc.a(lib_a-exit.o)
 .comment       0x0000000000000000       0x24 e:/altera/14.0/nios2eds/bin/gnu/h-x86_64-mingw32/bin/../lib/gcc/nios2-elf/4.7.3/../../../../../H-x86_64-mingw32/nios2-elf/lib\libc.a(lib_a-impure.o)
 .comment       0x0000000000000000       0x24 e:/altera/14.0/nios2eds/bin/gnu/h-x86_64-mingw32/bin/../lib/gcc/nios2-elf/4.7.3/../../../../../H-x86_64-mingw32/nios2-elf/lib\libc.a(lib_a-int_errno.o)
 .comment       0x0000000000000000       0x24 e:/altera/14.0/nios2eds/bin/gnu/h-x86_64-mingw32/bin/../lib/gcc/nios2-elf/4.7.3/../../../../../H-x86_64-mingw32/nios2-elf/lib\libc.a(lib_a-memcmp.o)
 .comment       0x0000000000000000       0x24 e:/altera/14.0/nios2eds/bin/gnu/h-x86_64-mingw32/bin/../lib/gcc/nios2-elf/4.7.3/../../../../../H-x86_64-mingw32/nios2-elf/lib\libc.a(lib_a-strlen.o)
 .comment       0x0000000000000000       0x24 e:/altera/14.0/nios2eds/bin/gnu/h-x86_64-mingw32/bin/../lib/gcc/nios2-elf/4.7.3/../../../../../H-x86_64-mingw32/nios2-elf/lib\libc.a(lib_a-__atexit.o)
 .comment       0x0000000000000000       0x24 e:/altera/14.0/nios2eds/bin/gnu/h-x86_64-mingw32/bin/../lib/gcc/nios2-elf/4.7.3/../../../../../H-x86_64-mingw32/nios2-elf/lib\libc.a(lib_a-__call_atexit.o)
 .comment       0x0000000000000000       0x24 ../rangefinder_v151116_bsp/\libhal_bsp.a(alt_exit.o)

.debug
 *(.debug)

.line
 *(.line)

.debug_srcinfo
 *(.debug_srcinfo)

.debug_sfnames
 *(.debug_sfnames)

.debug_aranges  0x0000000000000000      0x750
 *(.debug_aranges)
 .debug_aranges
                0x0000000000000000       0x28 ../rangefinder_v151116_bsp//obj/HAL/src/crt0.o
 .debug_aranges
                0x0000000000000028       0x20 obj/default/accelerometer.o
 .debug_aranges
                0x0000000000000048       0x20 obj/default/buttons.o
 .debug_aranges
                0x0000000000000068       0x20 obj/default/fpga.o
 .debug_aranges
                0x0000000000000088       0x20 obj/default/i2c.o
 .debug_aranges
                0x00000000000000a8       0x20 obj/default/laser.o
 .debug_aranges
                0x00000000000000c8       0x20 obj/default/leds.o
 .debug_aranges
                0x00000000000000e8       0x20 obj/default/main.o
 .debug_aranges
                0x0000000000000108       0x20 obj/default/measurement.o
 .debug_aranges
                0x0000000000000128       0x20 obj/default/sample_loader.o
 .debug_aranges
                0x0000000000000148       0x20 obj/default/spi.o
 .debug_aranges
                0x0000000000000168       0x20 obj/default/tdc.o
 .debug_aranges
                0x0000000000000188       0x20 obj/default/test_generator.o
 .debug_aranges
                0x00000000000001a8       0x20 obj/default/timer.o
 .debug_aranges
                0x00000000000001c8       0x20 obj/default/uart.o
 .debug_aranges
                0x00000000000001e8       0x20 obj/default/vga.o
 .debug_aranges
                0x0000000000000208       0x20 ../rangefinder_v151116_bsp/\libhal_bsp.a(alt_iic.o)
 .debug_aranges
                0x0000000000000228       0x20 ../rangefinder_v151116_bsp/\libhal_bsp.a(alt_iic_isr_register.o)
 .debug_aranges
                0x0000000000000248       0x30 ../rangefinder_v151116_bsp/\libhal_bsp.a(alt_irq_entry.o)
 .debug_aranges
                0x0000000000000278       0x20 ../rangefinder_v151116_bsp/\libhal_bsp.a(alt_irq_handler.o)
 .debug_aranges
                0x0000000000000298       0x18 ../rangefinder_v151116_bsp/\libhal_bsp.a(alt_irq_vars.o)
 .debug_aranges
                0x00000000000002b0       0x20 ../rangefinder_v151116_bsp/\libhal_bsp.a(alt_load.o)
 .debug_aranges
                0x00000000000002d0       0x20 ../rangefinder_v151116_bsp/\libhal_bsp.a(alt_main.o)
 .debug_aranges
                0x00000000000002f0       0x20 ../rangefinder_v151116_bsp/\libhal_bsp.a(alt_open.o)
 .debug_aranges
                0x0000000000000310       0x20 ../rangefinder_v151116_bsp/\libhal_bsp.a(alt_read.o)
 .debug_aranges
                0x0000000000000330       0x20 ../rangefinder_v151116_bsp/\libhal_bsp.a(alt_release_fd.o)
 .debug_aranges
                0x0000000000000350       0x20 ../rangefinder_v151116_bsp/\libhal_bsp.a(alt_write.o)
 .debug_aranges
                0x0000000000000370       0x20 ../rangefinder_v151116_bsp/\libhal_bsp.a(alt_sys_init.o)
 .debug_aranges
                0x0000000000000390       0x20 ../rangefinder_v151116_bsp/\libhal_bsp.a(altera_avalon_timer_sc.o)
 .debug_aranges
                0x00000000000003b0       0x20 ../rangefinder_v151116_bsp/\libhal_bsp.a(altera_avalon_uart_fd.o)
 .debug_aranges
                0x00000000000003d0       0x20 ../rangefinder_v151116_bsp/\libhal_bsp.a(altera_avalon_uart_init.o)
 .debug_aranges
                0x00000000000003f0       0x20 ../rangefinder_v151116_bsp/\libhal_bsp.a(altera_avalon_uart_read.o)
 .debug_aranges
                0x0000000000000410       0x20 ../rangefinder_v151116_bsp/\libhal_bsp.a(altera_avalon_uart_write.o)
 .debug_aranges
                0x0000000000000430       0x20 ../rangefinder_v151116_bsp/\libhal_bsp.a(alt_close.o)
 .debug_aranges
                0x0000000000000450       0x20 ../rangefinder_v151116_bsp/\libhal_bsp.a(alt_dcache_flush_all.o)
 .debug_aranges
                0x0000000000000470       0x20 ../rangefinder_v151116_bsp/\libhal_bsp.a(alt_dev.o)
 .debug_aranges
                0x0000000000000490       0x20 ../rangefinder_v151116_bsp/\libhal_bsp.a(alt_dev_llist_insert.o)
 .debug_aranges
                0x00000000000004b0       0x20 ../rangefinder_v151116_bsp/\libhal_bsp.a(alt_do_ctors.o)
 .debug_aranges
                0x00000000000004d0       0x20 ../rangefinder_v151116_bsp/\libhal_bsp.a(alt_do_dtors.o)
 .debug_aranges
                0x00000000000004f0       0x18 ../rangefinder_v151116_bsp/\libhal_bsp.a(alt_errno.o)
 .debug_aranges
                0x0000000000000508       0x38 ../rangefinder_v151116_bsp/\libhal_bsp.a(alt_exception_entry.o)
 .debug_aranges
                0x0000000000000540       0x20 ../rangefinder_v151116_bsp/\libhal_bsp.a(alt_find_dev.o)
 .debug_aranges
                0x0000000000000560       0x20 ../rangefinder_v151116_bsp/\libhal_bsp.a(alt_find_file.o)
 .debug_aranges
                0x0000000000000580       0x20 ../rangefinder_v151116_bsp/\libhal_bsp.a(alt_get_fd.o)
 .debug_aranges
                0x00000000000005a0       0x20 ../rangefinder_v151116_bsp/\libhal_bsp.a(alt_icache_flush_all.o)
 .debug_aranges
                0x00000000000005c0       0x20 ../rangefinder_v151116_bsp/\libhal_bsp.a(alt_io_redirect.o)
 .debug_aranges
                0x00000000000005e0       0x20 ../rangefinder_v151116_bsp/\libhal_bsp.a(alt_tick.o)
 .debug_aranges
                0x0000000000000600       0x20 ../rangefinder_v151116_bsp/\libhal_bsp.a(altera_nios2_qsys_irq.o)
 .debug_aranges
                0x0000000000000620       0x20 ../rangefinder_v151116_bsp/\libhal_bsp.a(alt_icache_flush.o)
 .debug_aranges
                0x0000000000000640       0x20 e:/altera/14.0/nios2eds/bin/gnu/h-x86_64-mingw32/bin/../lib/gcc/nios2-elf/4.7.3/../../../../../H-x86_64-mingw32/nios2-elf/lib\libc.a(lib_a-atexit.o)
 .debug_aranges
                0x0000000000000660       0x20 e:/altera/14.0/nios2eds/bin/gnu/h-x86_64-mingw32/bin/../lib/gcc/nios2-elf/4.7.3/../../../../../H-x86_64-mingw32/nios2-elf/lib\libc.a(lib_a-exit.o)
 .debug_aranges
                0x0000000000000680       0x18 e:/altera/14.0/nios2eds/bin/gnu/h-x86_64-mingw32/bin/../lib/gcc/nios2-elf/4.7.3/../../../../../H-x86_64-mingw32/nios2-elf/lib\libc.a(lib_a-impure.o)
 .debug_aranges
                0x0000000000000698       0x18 e:/altera/14.0/nios2eds/bin/gnu/h-x86_64-mingw32/bin/../lib/gcc/nios2-elf/4.7.3/../../../../../H-x86_64-mingw32/nios2-elf/lib\libc.a(lib_a-int_errno.o)
 .debug_aranges
                0x00000000000006b0       0x20 e:/altera/14.0/nios2eds/bin/gnu/h-x86_64-mingw32/bin/../lib/gcc/nios2-elf/4.7.3/../../../../../H-x86_64-mingw32/nios2-elf/lib\libc.a(lib_a-memcmp.o)
 .debug_aranges
                0x00000000000006d0       0x20 e:/altera/14.0/nios2eds/bin/gnu/h-x86_64-mingw32/bin/../lib/gcc/nios2-elf/4.7.3/../../../../../H-x86_64-mingw32/nios2-elf/lib\libc.a(lib_a-strlen.o)
 .debug_aranges
                0x00000000000006f0       0x20 e:/altera/14.0/nios2eds/bin/gnu/h-x86_64-mingw32/bin/../lib/gcc/nios2-elf/4.7.3/../../../../../H-x86_64-mingw32/nios2-elf/lib\libc.a(lib_a-__atexit.o)
 .debug_aranges
                0x0000000000000710       0x20 e:/altera/14.0/nios2eds/bin/gnu/h-x86_64-mingw32/bin/../lib/gcc/nios2-elf/4.7.3/../../../../../H-x86_64-mingw32/nios2-elf/lib\libc.a(lib_a-__call_atexit.o)
 .debug_aranges
                0x0000000000000730       0x20 ../rangefinder_v151116_bsp/\libhal_bsp.a(alt_exit.o)

.debug_pubnames
 *(.debug_pubnames)

.debug_info     0x0000000000000000     0xa5e2
 *(.debug_info .gnu.linkonce.wi.*)
 .debug_info    0x0000000000000000       0x7a ../rangefinder_v151116_bsp//obj/HAL/src/crt0.o
 .debug_info    0x000000000000007a      0x12f obj/default/accelerometer.o
 .debug_info    0x00000000000001a9      0x22a obj/default/buttons.o
 .debug_info    0x00000000000003d3      0x115 obj/default/fpga.o
 .debug_info    0x00000000000004e8      0x331 obj/default/i2c.o
 .debug_info    0x0000000000000819       0xb1 obj/default/laser.o
 .debug_info    0x00000000000008ca      0x179 obj/default/leds.o
 .debug_info    0x0000000000000a43      0x125 obj/default/main.o
 .debug_info    0x0000000000000b68       0xb1 obj/default/measurement.o
 .debug_info    0x0000000000000c19      0x334 obj/default/sample_loader.o
 .debug_info    0x0000000000000f4d      0x123 obj/default/spi.o
 .debug_info    0x0000000000001070      0x465 obj/default/tdc.o
 .debug_info    0x00000000000014d5      0x1f5 obj/default/test_generator.o
 .debug_info    0x00000000000016ca      0x34f obj/default/timer.o
 .debug_info    0x0000000000001a19      0xd7c obj/default/uart.o
 .debug_info    0x0000000000002795      0x21e obj/default/vga.o
 .debug_info    0x00000000000029b3      0x364 ../rangefinder_v151116_bsp/\libhal_bsp.a(alt_iic.o)
 .debug_info    0x0000000000002d17      0x1f6 ../rangefinder_v151116_bsp/\libhal_bsp.a(alt_iic_isr_register.o)
 .debug_info    0x0000000000002f0d       0x83 ../rangefinder_v151116_bsp/\libhal_bsp.a(alt_irq_entry.o)
 .debug_info    0x0000000000002f90      0x190 ../rangefinder_v151116_bsp/\libhal_bsp.a(alt_irq_handler.o)
 .debug_info    0x0000000000003120       0x8a ../rangefinder_v151116_bsp/\libhal_bsp.a(alt_irq_vars.o)
 .debug_info    0x00000000000031aa      0x159 ../rangefinder_v151116_bsp/\libhal_bsp.a(alt_load.o)
 .debug_info    0x0000000000003303      0x139 ../rangefinder_v151116_bsp/\libhal_bsp.a(alt_main.o)
 .debug_info    0x000000000000343c      0x3f0 ../rangefinder_v151116_bsp/\libhal_bsp.a(alt_open.o)
 .debug_info    0x000000000000382c      0x500 ../rangefinder_v151116_bsp/\libhal_bsp.a(alt_read.o)
 .debug_info    0x0000000000003d2c      0x2dd ../rangefinder_v151116_bsp/\libhal_bsp.a(alt_release_fd.o)
 .debug_info    0x0000000000004009      0x507 ../rangefinder_v151116_bsp/\libhal_bsp.a(alt_write.o)
 .debug_info    0x0000000000004510      0x486 ../rangefinder_v151116_bsp/\libhal_bsp.a(alt_sys_init.o)
 .debug_info    0x0000000000004996      0x235 ../rangefinder_v151116_bsp/\libhal_bsp.a(altera_avalon_timer_sc.o)
 .debug_info    0x0000000000004bcb      0x481 ../rangefinder_v151116_bsp/\libhal_bsp.a(altera_avalon_uart_fd.o)
 .debug_info    0x000000000000504c      0x356 ../rangefinder_v151116_bsp/\libhal_bsp.a(altera_avalon_uart_init.o)
 .debug_info    0x00000000000053a2      0x331 ../rangefinder_v151116_bsp/\libhal_bsp.a(altera_avalon_uart_read.o)
 .debug_info    0x00000000000056d3      0x336 ../rangefinder_v151116_bsp/\libhal_bsp.a(altera_avalon_uart_write.o)
 .debug_info    0x0000000000005a09      0x350 ../rangefinder_v151116_bsp/\libhal_bsp.a(alt_close.o)
 .debug_info    0x0000000000005d59       0xa3 ../rangefinder_v151116_bsp/\libhal_bsp.a(alt_dcache_flush_all.o)
 .debug_info    0x0000000000005dfc      0x4e3 ../rangefinder_v151116_bsp/\libhal_bsp.a(alt_dev.o)
 .debug_info    0x00000000000062df      0x1b9 ../rangefinder_v151116_bsp/\libhal_bsp.a(alt_dev_llist_insert.o)
 .debug_info    0x0000000000006498       0x8d ../rangefinder_v151116_bsp/\libhal_bsp.a(alt_do_ctors.o)
 .debug_info    0x0000000000006525       0x8d ../rangefinder_v151116_bsp/\libhal_bsp.a(alt_do_dtors.o)
 .debug_info    0x00000000000065b2       0xa3 ../rangefinder_v151116_bsp/\libhal_bsp.a(alt_errno.o)
 .debug_info    0x0000000000006655       0x89 ../rangefinder_v151116_bsp/\libhal_bsp.a(alt_exception_entry.o)
 .debug_info    0x00000000000066de      0x30d ../rangefinder_v151116_bsp/\libhal_bsp.a(alt_find_dev.o)
 .debug_info    0x00000000000069eb      0x30c ../rangefinder_v151116_bsp/\libhal_bsp.a(alt_find_file.o)
 .debug_info    0x0000000000006cf7      0x339 ../rangefinder_v151116_bsp/\libhal_bsp.a(alt_get_fd.o)
 .debug_info    0x0000000000007030       0x90 ../rangefinder_v151116_bsp/\libhal_bsp.a(alt_icache_flush_all.o)
 .debug_info    0x00000000000070c0      0x4f0 ../rangefinder_v151116_bsp/\libhal_bsp.a(alt_io_redirect.o)
 .debug_info    0x00000000000075b0      0x2b1 ../rangefinder_v151116_bsp/\libhal_bsp.a(alt_tick.o)
 .debug_info    0x0000000000007861       0x90 ../rangefinder_v151116_bsp/\libhal_bsp.a(altera_nios2_qsys_irq.o)
 .debug_info    0x00000000000078f1       0xda ../rangefinder_v151116_bsp/\libhal_bsp.a(alt_icache_flush.o)
 .debug_info    0x00000000000079cb      0x1e6 e:/altera/14.0/nios2eds/bin/gnu/h-x86_64-mingw32/bin/../lib/gcc/nios2-elf/4.7.3/../../../../../H-x86_64-mingw32/nios2-elf/lib\libc.a(lib_a-atexit.o)
 .debug_info    0x0000000000007bb1      0x993 e:/altera/14.0/nios2eds/bin/gnu/h-x86_64-mingw32/bin/../lib/gcc/nios2-elf/4.7.3/../../../../../H-x86_64-mingw32/nios2-elf/lib\libc.a(lib_a-exit.o)
 .debug_info    0x0000000000008544      0x938 e:/altera/14.0/nios2eds/bin/gnu/h-x86_64-mingw32/bin/../lib/gcc/nios2-elf/4.7.3/../../../../../H-x86_64-mingw32/nios2-elf/lib\libc.a(lib_a-impure.o)
 .debug_info    0x0000000000008e7c       0x84 e:/altera/14.0/nios2eds/bin/gnu/h-x86_64-mingw32/bin/../lib/gcc/nios2-elf/4.7.3/../../../../../H-x86_64-mingw32/nios2-elf/lib\libc.a(lib_a-int_errno.o)
 .debug_info    0x0000000000008f00      0x117 e:/altera/14.0/nios2eds/bin/gnu/h-x86_64-mingw32/bin/../lib/gcc/nios2-elf/4.7.3/../../../../../H-x86_64-mingw32/nios2-elf/lib\libc.a(lib_a-memcmp.o)
 .debug_info    0x0000000000009017       0xdf e:/altera/14.0/nios2eds/bin/gnu/h-x86_64-mingw32/bin/../lib/gcc/nios2-elf/4.7.3/../../../../../H-x86_64-mingw32/nios2-elf/lib\libc.a(lib_a-strlen.o)
 .debug_info    0x00000000000090f6      0x9f9 e:/altera/14.0/nios2eds/bin/gnu/h-x86_64-mingw32/bin/../lib/gcc/nios2-elf/4.7.3/../../../../../H-x86_64-mingw32/nios2-elf/lib\libc.a(lib_a-__atexit.o)
 .debug_info    0x0000000000009aef      0xa07 e:/altera/14.0/nios2eds/bin/gnu/h-x86_64-mingw32/bin/../lib/gcc/nios2-elf/4.7.3/../../../../../H-x86_64-mingw32/nios2-elf/lib\libc.a(lib_a-__call_atexit.o)
 .debug_info    0x000000000000a4f6       0xec ../rangefinder_v151116_bsp/\libhal_bsp.a(alt_exit.o)

.debug_abbrev   0x0000000000000000     0x3656
 *(.debug_abbrev)
 .debug_abbrev  0x0000000000000000       0x12 ../rangefinder_v151116_bsp//obj/HAL/src/crt0.o
 .debug_abbrev  0x0000000000000012       0x90 obj/default/accelerometer.o
 .debug_abbrev  0x00000000000000a2       0xd2 obj/default/buttons.o
 .debug_abbrev  0x0000000000000174       0x9d obj/default/fpga.o
 .debug_abbrev  0x0000000000000211      0x12e obj/default/i2c.o
 .debug_abbrev  0x000000000000033f       0x69 obj/default/laser.o
 .debug_abbrev  0x00000000000003a8       0x7a obj/default/leds.o
 .debug_abbrev  0x0000000000000422       0x9d obj/default/main.o
 .debug_abbrev  0x00000000000004bf       0x9d obj/default/measurement.o
 .debug_abbrev  0x000000000000055c      0x150 obj/default/sample_loader.o
 .debug_abbrev  0x00000000000006ac       0x96 obj/default/spi.o
 .debug_abbrev  0x0000000000000742      0x16e obj/default/tdc.o
 .debug_abbrev  0x00000000000008b0       0xef obj/default/test_generator.o
 .debug_abbrev  0x000000000000099f      0x148 obj/default/timer.o
 .debug_abbrev  0x0000000000000ae7      0x28d obj/default/uart.o
 .debug_abbrev  0x0000000000000d74      0x110 obj/default/vga.o
 .debug_abbrev  0x0000000000000e84      0x16a ../rangefinder_v151116_bsp/\libhal_bsp.a(alt_iic.o)
 .debug_abbrev  0x0000000000000fee      0x169 ../rangefinder_v151116_bsp/\libhal_bsp.a(alt_iic_isr_register.o)
 .debug_abbrev  0x0000000000001157       0x12 ../rangefinder_v151116_bsp/\libhal_bsp.a(alt_irq_entry.o)
 .debug_abbrev  0x0000000000001169      0x124 ../rangefinder_v151116_bsp/\libhal_bsp.a(alt_irq_handler.o)
 .debug_abbrev  0x000000000000128d       0x40 ../rangefinder_v151116_bsp/\libhal_bsp.a(alt_irq_vars.o)
 .debug_abbrev  0x00000000000012cd       0x9f ../rangefinder_v151116_bsp/\libhal_bsp.a(alt_load.o)
 .debug_abbrev  0x000000000000136c       0xba ../rangefinder_v151116_bsp/\libhal_bsp.a(alt_main.o)
 .debug_abbrev  0x0000000000001426      0x148 ../rangefinder_v151116_bsp/\libhal_bsp.a(alt_open.o)
 .debug_abbrev  0x000000000000156e      0x12e ../rangefinder_v151116_bsp/\libhal_bsp.a(alt_read.o)
 .debug_abbrev  0x000000000000169c       0xde ../rangefinder_v151116_bsp/\libhal_bsp.a(alt_release_fd.o)
 .debug_abbrev  0x000000000000177a      0x133 ../rangefinder_v151116_bsp/\libhal_bsp.a(alt_write.o)
 .debug_abbrev  0x00000000000018ad      0x167 ../rangefinder_v151116_bsp/\libhal_bsp.a(alt_sys_init.o)
 .debug_abbrev  0x0000000000001a14      0x155 ../rangefinder_v151116_bsp/\libhal_bsp.a(altera_avalon_timer_sc.o)
 .debug_abbrev  0x0000000000001b69      0x109 ../rangefinder_v151116_bsp/\libhal_bsp.a(altera_avalon_uart_fd.o)
 .debug_abbrev  0x0000000000001c72      0x178 ../rangefinder_v151116_bsp/\libhal_bsp.a(altera_avalon_uart_init.o)
 .debug_abbrev  0x0000000000001dea      0x183 ../rangefinder_v151116_bsp/\libhal_bsp.a(altera_avalon_uart_read.o)
 .debug_abbrev  0x0000000000001f6d      0x18a ../rangefinder_v151116_bsp/\libhal_bsp.a(altera_avalon_uart_write.o)
 .debug_abbrev  0x00000000000020f7      0x11f ../rangefinder_v151116_bsp/\libhal_bsp.a(alt_close.o)
 .debug_abbrev  0x0000000000002216       0x5a ../rangefinder_v151116_bsp/\libhal_bsp.a(alt_dcache_flush_all.o)
 .debug_abbrev  0x0000000000002270       0xd9 ../rangefinder_v151116_bsp/\libhal_bsp.a(alt_dev.o)
 .debug_abbrev  0x0000000000002349      0x114 ../rangefinder_v151116_bsp/\libhal_bsp.a(alt_dev_llist_insert.o)
 .debug_abbrev  0x000000000000245d       0x79 ../rangefinder_v151116_bsp/\libhal_bsp.a(alt_do_ctors.o)
 .debug_abbrev  0x00000000000024d6       0x79 ../rangefinder_v151116_bsp/\libhal_bsp.a(alt_do_dtors.o)
 .debug_abbrev  0x000000000000254f       0x5a ../rangefinder_v151116_bsp/\libhal_bsp.a(alt_errno.o)
 .debug_abbrev  0x00000000000025a9       0x12 ../rangefinder_v151116_bsp/\libhal_bsp.a(alt_exception_entry.o)
 .debug_abbrev  0x00000000000025bb       0xf0 ../rangefinder_v151116_bsp/\libhal_bsp.a(alt_find_dev.o)
 .debug_abbrev  0x00000000000026ab       0xf0 ../rangefinder_v151116_bsp/\libhal_bsp.a(alt_find_file.o)
 .debug_abbrev  0x000000000000279b      0x10d ../rangefinder_v151116_bsp/\libhal_bsp.a(alt_get_fd.o)
 .debug_abbrev  0x00000000000028a8       0x42 ../rangefinder_v151116_bsp/\libhal_bsp.a(alt_icache_flush_all.o)
 .debug_abbrev  0x00000000000028ea      0x114 ../rangefinder_v151116_bsp/\libhal_bsp.a(alt_io_redirect.o)
 .debug_abbrev  0x00000000000029fe      0x15a ../rangefinder_v151116_bsp/\libhal_bsp.a(alt_tick.o)
 .debug_abbrev  0x0000000000002b58       0x42 ../rangefinder_v151116_bsp/\libhal_bsp.a(altera_nios2_qsys_irq.o)
 .debug_abbrev  0x0000000000002b9a       0x8c ../rangefinder_v151116_bsp/\libhal_bsp.a(alt_icache_flush.o)
 .debug_abbrev  0x0000000000002c26      0x106 e:/altera/14.0/nios2eds/bin/gnu/h-x86_64-mingw32/bin/../lib/gcc/nios2-elf/4.7.3/../../../../../H-x86_64-mingw32/nios2-elf/lib\libc.a(lib_a-atexit.o)
 .debug_abbrev  0x0000000000002d2c      0x1c8 e:/altera/14.0/nios2eds/bin/gnu/h-x86_64-mingw32/bin/../lib/gcc/nios2-elf/4.7.3/../../../../../H-x86_64-mingw32/nios2-elf/lib\libc.a(lib_a-exit.o)
 .debug_abbrev  0x0000000000002ef4      0x162 e:/altera/14.0/nios2eds/bin/gnu/h-x86_64-mingw32/bin/../lib/gcc/nios2-elf/4.7.3/../../../../../H-x86_64-mingw32/nios2-elf/lib\libc.a(lib_a-impure.o)
 .debug_abbrev  0x0000000000003056       0x37 e:/altera/14.0/nios2eds/bin/gnu/h-x86_64-mingw32/bin/../lib/gcc/nios2-elf/4.7.3/../../../../../H-x86_64-mingw32/nios2-elf/lib\libc.a(lib_a-int_errno.o)
 .debug_abbrev  0x000000000000308d       0x7f e:/altera/14.0/nios2eds/bin/gnu/h-x86_64-mingw32/bin/../lib/gcc/nios2-elf/4.7.3/../../../../../H-x86_64-mingw32/nios2-elf/lib\libc.a(lib_a-memcmp.o)
 .debug_abbrev  0x000000000000310c       0x90 e:/altera/14.0/nios2eds/bin/gnu/h-x86_64-mingw32/bin/../lib/gcc/nios2-elf/4.7.3/../../../../../H-x86_64-mingw32/nios2-elf/lib\libc.a(lib_a-strlen.o)
 .debug_abbrev  0x000000000000319c      0x211 e:/altera/14.0/nios2eds/bin/gnu/h-x86_64-mingw32/bin/../lib/gcc/nios2-elf/4.7.3/../../../../../H-x86_64-mingw32/nios2-elf/lib\libc.a(lib_a-__atexit.o)
 .debug_abbrev  0x00000000000033ad      0x203 e:/altera/14.0/nios2eds/bin/gnu/h-x86_64-mingw32/bin/../lib/gcc/nios2-elf/4.7.3/../../../../../H-x86_64-mingw32/nios2-elf/lib\libc.a(lib_a-__call_atexit.o)
 .debug_abbrev  0x00000000000035b0       0xa6 ../rangefinder_v151116_bsp/\libhal_bsp.a(alt_exit.o)

.debug_line     0x0000000000000000     0x37b8
 *(.debug_line)
 .debug_line    0x0000000000000000       0x72 ../rangefinder_v151116_bsp//obj/HAL/src/crt0.o
 .debug_line    0x0000000000000072       0x63 obj/default/accelerometer.o
 .debug_line    0x00000000000000d5       0x97 obj/default/buttons.o
 .debug_line    0x000000000000016c       0x7b obj/default/fpga.o
 .debug_line    0x00000000000001e7      0x1e4 obj/default/i2c.o
 .debug_line    0x00000000000003cb       0x73 obj/default/laser.o
 .debug_line    0x000000000000043e       0xbd obj/default/leds.o
 .debug_line    0x00000000000004fb       0x5c obj/default/main.o
 .debug_line    0x0000000000000557       0x63 obj/default/measurement.o
 .debug_line    0x00000000000005ba      0x116 obj/default/sample_loader.o
 .debug_line    0x00000000000006d0       0x8b obj/default/spi.o
 .debug_line    0x000000000000075b      0x116 obj/default/tdc.o
 .debug_line    0x0000000000000871       0xd2 obj/default/test_generator.o
 .debug_line    0x0000000000000943       0xc9 obj/default/timer.o
 .debug_line    0x0000000000000a0c      0x289 obj/default/uart.o
 .debug_line    0x0000000000000c95       0x9f obj/default/vga.o
 .debug_line    0x0000000000000d34       0xed ../rangefinder_v151116_bsp/\libhal_bsp.a(alt_iic.o)
 .debug_line    0x0000000000000e21       0xdb ../rangefinder_v151116_bsp/\libhal_bsp.a(alt_iic_isr_register.o)
 .debug_line    0x0000000000000efc       0x6b ../rangefinder_v151116_bsp/\libhal_bsp.a(alt_irq_entry.o)
 .debug_line    0x0000000000000f67       0xae ../rangefinder_v151116_bsp/\libhal_bsp.a(alt_irq_handler.o)
 .debug_line    0x0000000000001015       0x50 ../rangefinder_v151116_bsp/\libhal_bsp.a(alt_irq_vars.o)
 .debug_line    0x0000000000001065       0x92 ../rangefinder_v151116_bsp/\libhal_bsp.a(alt_load.o)
 .debug_line    0x00000000000010f7       0xa4 ../rangefinder_v151116_bsp/\libhal_bsp.a(alt_main.o)
 .debug_line    0x000000000000119b      0x125 ../rangefinder_v151116_bsp/\libhal_bsp.a(alt_open.o)
 .debug_line    0x00000000000012c0      0x1fd ../rangefinder_v151116_bsp/\libhal_bsp.a(alt_read.o)
 .debug_line    0x00000000000014bd       0xae ../rangefinder_v151116_bsp/\libhal_bsp.a(alt_release_fd.o)
 .debug_line    0x000000000000156b      0x1fc ../rangefinder_v151116_bsp/\libhal_bsp.a(alt_write.o)
 .debug_line    0x0000000000001767      0x12a ../rangefinder_v151116_bsp/\libhal_bsp.a(alt_sys_init.o)
 .debug_line    0x0000000000001891       0xfd ../rangefinder_v151116_bsp/\libhal_bsp.a(altera_avalon_timer_sc.o)
 .debug_line    0x000000000000198e       0xf0 ../rangefinder_v151116_bsp/\libhal_bsp.a(altera_avalon_uart_fd.o)
 .debug_line    0x0000000000001a7e      0x182 ../rangefinder_v151116_bsp/\libhal_bsp.a(altera_avalon_uart_init.o)
 .debug_line    0x0000000000001c00      0x183 ../rangefinder_v151116_bsp/\libhal_bsp.a(altera_avalon_uart_read.o)
 .debug_line    0x0000000000001d83      0x166 ../rangefinder_v151116_bsp/\libhal_bsp.a(altera_avalon_uart_write.o)
 .debug_line    0x0000000000001ee9      0x188 ../rangefinder_v151116_bsp/\libhal_bsp.a(alt_close.o)
 .debug_line    0x0000000000002071       0x61 ../rangefinder_v151116_bsp/\libhal_bsp.a(alt_dcache_flush_all.o)
 .debug_line    0x00000000000020d2      0x11b ../rangefinder_v151116_bsp/\libhal_bsp.a(alt_dev.o)
 .debug_line    0x00000000000021ed       0xd0 ../rangefinder_v151116_bsp/\libhal_bsp.a(alt_dev_llist_insert.o)
 .debug_line    0x00000000000022bd       0x59 ../rangefinder_v151116_bsp/\libhal_bsp.a(alt_do_ctors.o)
 .debug_line    0x0000000000002316       0x59 ../rangefinder_v151116_bsp/\libhal_bsp.a(alt_do_dtors.o)
 .debug_line    0x000000000000236f       0x51 ../rangefinder_v151116_bsp/\libhal_bsp.a(alt_errno.o)
 .debug_line    0x00000000000023c0       0xab ../rangefinder_v151116_bsp/\libhal_bsp.a(alt_exception_entry.o)
 .debug_line    0x000000000000246b       0xb9 ../rangefinder_v151116_bsp/\libhal_bsp.a(alt_find_dev.o)
 .debug_line    0x0000000000002524       0xd5 ../rangefinder_v151116_bsp/\libhal_bsp.a(alt_find_file.o)
 .debug_line    0x00000000000025f9       0xd1 ../rangefinder_v151116_bsp/\libhal_bsp.a(alt_get_fd.o)
 .debug_line    0x00000000000026ca       0x50 ../rangefinder_v151116_bsp/\libhal_bsp.a(alt_icache_flush_all.o)
 .debug_line    0x000000000000271a      0x156 ../rangefinder_v151116_bsp/\libhal_bsp.a(alt_io_redirect.o)
 .debug_line    0x0000000000002870      0x102 ../rangefinder_v151116_bsp/\libhal_bsp.a(alt_tick.o)
 .debug_line    0x0000000000002972       0x51 ../rangefinder_v151116_bsp/\libhal_bsp.a(altera_nios2_qsys_irq.o)
 .debug_line    0x00000000000029c3       0x81 ../rangefinder_v151116_bsp/\libhal_bsp.a(alt_icache_flush.o)
 .debug_line    0x0000000000002a44      0x169 e:/altera/14.0/nios2eds/bin/gnu/h-x86_64-mingw32/bin/../lib/gcc/nios2-elf/4.7.3/../../../../../H-x86_64-mingw32/nios2-elf/lib\libc.a(lib_a-atexit.o)
 .debug_line    0x0000000000002bad      0x215 e:/altera/14.0/nios2eds/bin/gnu/h-x86_64-mingw32/bin/../lib/gcc/nios2-elf/4.7.3/../../../../../H-x86_64-mingw32/nios2-elf/lib\libc.a(lib_a-exit.o)
 .debug_line    0x0000000000002dc2      0x171 e:/altera/14.0/nios2eds/bin/gnu/h-x86_64-mingw32/bin/../lib/gcc/nios2-elf/4.7.3/../../../../../H-x86_64-mingw32/nios2-elf/lib\libc.a(lib_a-impure.o)
 .debug_line    0x0000000000002f33       0x5d e:/altera/14.0/nios2eds/bin/gnu/h-x86_64-mingw32/bin/../lib/gcc/nios2-elf/4.7.3/../../../../../H-x86_64-mingw32/nios2-elf/lib\libc.a(lib_a-int_errno.o)
 .debug_line    0x0000000000002f90      0x18b e:/altera/14.0/nios2eds/bin/gnu/h-x86_64-mingw32/bin/../lib/gcc/nios2-elf/4.7.3/../../../../../H-x86_64-mingw32/nios2-elf/lib\libc.a(lib_a-memcmp.o)
 .debug_line    0x000000000000311b      0x180 e:/altera/14.0/nios2eds/bin/gnu/h-x86_64-mingw32/bin/../lib/gcc/nios2-elf/4.7.3/../../../../../H-x86_64-mingw32/nios2-elf/lib\libc.a(lib_a-strlen.o)
 .debug_line    0x000000000000329b      0x24c e:/altera/14.0/nios2eds/bin/gnu/h-x86_64-mingw32/bin/../lib/gcc/nios2-elf/4.7.3/../../../../../H-x86_64-mingw32/nios2-elf/lib\libc.a(lib_a-__atexit.o)
 .debug_line    0x00000000000034e7      0x260 e:/altera/14.0/nios2eds/bin/gnu/h-x86_64-mingw32/bin/../lib/gcc/nios2-elf/4.7.3/../../../../../H-x86_64-mingw32/nios2-elf/lib\libc.a(lib_a-__call_atexit.o)
 .debug_line    0x0000000000003747       0x71 ../rangefinder_v151116_bsp/\libhal_bsp.a(alt_exit.o)

.debug_frame    0x0000000000000000     0x1250
 *(.debug_frame)
 .debug_frame   0x0000000000000000       0x9c obj/default/accelerometer.o
 .debug_frame   0x000000000000009c       0x64 obj/default/buttons.o
 .debug_frame   0x0000000000000100       0x2c obj/default/fpga.o
 .debug_frame   0x000000000000012c      0x198 obj/default/i2c.o
 .debug_frame   0x00000000000002c4       0x48 obj/default/laser.o
 .debug_frame   0x000000000000030c       0x64 obj/default/leds.o
 .debug_frame   0x0000000000000370       0x64 obj/default/main.o
 .debug_frame   0x00000000000003d4       0x48 obj/default/measurement.o
 .debug_frame   0x000000000000041c       0xd8 obj/default/sample_loader.o
 .debug_frame   0x00000000000004f4       0x2c obj/default/spi.o
 .debug_frame   0x0000000000000520      0x148 obj/default/tdc.o
 .debug_frame   0x0000000000000668       0x64 obj/default/test_generator.o
 .debug_frame   0x00000000000006cc      0x17c obj/default/timer.o
 .debug_frame   0x0000000000000848      0x10c obj/default/uart.o
 .debug_frame   0x0000000000000954       0x64 obj/default/vga.o
 .debug_frame   0x00000000000009b8       0x80 ../rangefinder_v151116_bsp/\libhal_bsp.a(alt_iic.o)
 .debug_frame   0x0000000000000a38       0x2c ../rangefinder_v151116_bsp/\libhal_bsp.a(alt_iic_isr_register.o)
 .debug_frame   0x0000000000000a64       0x2c ../rangefinder_v151116_bsp/\libhal_bsp.a(alt_irq_handler.o)
 .debug_frame   0x0000000000000a90       0x48 ../rangefinder_v151116_bsp/\libhal_bsp.a(alt_load.o)
 .debug_frame   0x0000000000000ad8       0x2c ../rangefinder_v151116_bsp/\libhal_bsp.a(alt_main.o)
 .debug_frame   0x0000000000000b04       0x64 ../rangefinder_v151116_bsp/\libhal_bsp.a(alt_open.o)
 .debug_frame   0x0000000000000b68       0x48 ../rangefinder_v151116_bsp/\libhal_bsp.a(alt_read.o)
 .debug_frame   0x0000000000000bb0       0x2c ../rangefinder_v151116_bsp/\libhal_bsp.a(alt_release_fd.o)
 .debug_frame   0x0000000000000bdc       0x48 ../rangefinder_v151116_bsp/\libhal_bsp.a(alt_write.o)
 .debug_frame   0x0000000000000c24       0x64 ../rangefinder_v151116_bsp/\libhal_bsp.a(alt_sys_init.o)
 .debug_frame   0x0000000000000c88       0x48 ../rangefinder_v151116_bsp/\libhal_bsp.a(altera_avalon_timer_sc.o)
 .debug_frame   0x0000000000000cd0       0x64 ../rangefinder_v151116_bsp/\libhal_bsp.a(altera_avalon_uart_fd.o)
 .debug_frame   0x0000000000000d34       0x9c ../rangefinder_v151116_bsp/\libhal_bsp.a(altera_avalon_uart_init.o)
 .debug_frame   0x0000000000000dd0       0x48 ../rangefinder_v151116_bsp/\libhal_bsp.a(altera_avalon_uart_read.o)
 .debug_frame   0x0000000000000e18       0x48 ../rangefinder_v151116_bsp/\libhal_bsp.a(altera_avalon_uart_write.o)
 .debug_frame   0x0000000000000e60       0x48 ../rangefinder_v151116_bsp/\libhal_bsp.a(alt_close.o)
 .debug_frame   0x0000000000000ea8       0x2c ../rangefinder_v151116_bsp/\libhal_bsp.a(alt_dcache_flush_all.o)
 .debug_frame   0x0000000000000ed4       0x2c ../rangefinder_v151116_bsp/\libhal_bsp.a(alt_dev.o)
 .debug_frame   0x0000000000000f00       0x48 ../rangefinder_v151116_bsp/\libhal_bsp.a(alt_dev_llist_insert.o)
 .debug_frame   0x0000000000000f48       0x2c ../rangefinder_v151116_bsp/\libhal_bsp.a(alt_do_ctors.o)
 .debug_frame   0x0000000000000f74       0x2c ../rangefinder_v151116_bsp/\libhal_bsp.a(alt_do_dtors.o)
 .debug_frame   0x0000000000000fa0       0x2c ../rangefinder_v151116_bsp/\libhal_bsp.a(alt_find_dev.o)
 .debug_frame   0x0000000000000fcc       0x2c ../rangefinder_v151116_bsp/\libhal_bsp.a(alt_find_file.o)
 .debug_frame   0x0000000000000ff8       0x2c ../rangefinder_v151116_bsp/\libhal_bsp.a(alt_get_fd.o)
 .debug_frame   0x0000000000001024       0x2c ../rangefinder_v151116_bsp/\libhal_bsp.a(alt_icache_flush_all.o)
 .debug_frame   0x0000000000001050       0x48 ../rangefinder_v151116_bsp/\libhal_bsp.a(alt_io_redirect.o)
 .debug_frame   0x0000000000001098       0x48 ../rangefinder_v151116_bsp/\libhal_bsp.a(alt_tick.o)
 .debug_frame   0x00000000000010e0       0x2c ../rangefinder_v151116_bsp/\libhal_bsp.a(altera_nios2_qsys_irq.o)
 .debug_frame   0x000000000000110c       0x2c ../rangefinder_v151116_bsp/\libhal_bsp.a(alt_icache_flush.o)
 .debug_frame   0x0000000000001138       0x20 e:/altera/14.0/nios2eds/bin/gnu/h-x86_64-mingw32/bin/../lib/gcc/nios2-elf/4.7.3/../../../../../H-x86_64-mingw32/nios2-elf/lib\libc.a(lib_a-atexit.o)
 .debug_frame   0x0000000000001158       0x28 e:/altera/14.0/nios2eds/bin/gnu/h-x86_64-mingw32/bin/../lib/gcc/nios2-elf/4.7.3/../../../../../H-x86_64-mingw32/nios2-elf/lib\libc.a(lib_a-exit.o)
 .debug_frame   0x0000000000001180       0x20 e:/altera/14.0/nios2eds/bin/gnu/h-x86_64-mingw32/bin/../lib/gcc/nios2-elf/4.7.3/../../../../../H-x86_64-mingw32/nios2-elf/lib\libc.a(lib_a-memcmp.o)
 .debug_frame   0x00000000000011a0       0x20 e:/altera/14.0/nios2eds/bin/gnu/h-x86_64-mingw32/bin/../lib/gcc/nios2-elf/4.7.3/../../../../../H-x86_64-mingw32/nios2-elf/lib\libc.a(lib_a-strlen.o)
 .debug_frame   0x00000000000011c0       0x2c e:/altera/14.0/nios2eds/bin/gnu/h-x86_64-mingw32/bin/../lib/gcc/nios2-elf/4.7.3/../../../../../H-x86_64-mingw32/nios2-elf/lib\libc.a(lib_a-__atexit.o)
 .debug_frame   0x00000000000011ec       0x38 e:/altera/14.0/nios2eds/bin/gnu/h-x86_64-mingw32/bin/../lib/gcc/nios2-elf/4.7.3/../../../../../H-x86_64-mingw32/nios2-elf/lib\libc.a(lib_a-__call_atexit.o)
 .debug_frame   0x0000000000001224       0x2c ../rangefinder_v151116_bsp/\libhal_bsp.a(alt_exit.o)

.debug_str      0x0000000000000000     0x1fd9
 *(.debug_str)
 .debug_str     0x0000000000000000       0xfb obj/default/accelerometer.o
 .debug_str     0x00000000000000fb      0x1a8 obj/default/buttons.o
                                        0x251 (size before relaxing)
 .debug_str     0x00000000000002a3       0x25 obj/default/fpga.o
                                        0x114 (size before relaxing)
 .debug_str     0x00000000000002c8       0xcb obj/default/i2c.o
                                        0x1e3 (size before relaxing)
 .debug_str     0x0000000000000393       0x29 obj/default/laser.o
                                        0x10b (size before relaxing)
 .debug_str     0x00000000000003bc       0x8a obj/default/leds.o
                                        0x174 (size before relaxing)
 .debug_str     0x0000000000000446       0x2a obj/default/main.o
                                        0x135 (size before relaxing)
 .debug_str     0x0000000000000470       0x41 obj/default/measurement.o
                                         0xb5 (size before relaxing)
 .debug_str     0x00000000000004b1      0x14a obj/default/sample_loader.o
                                        0x259 (size before relaxing)
 .debug_str     0x00000000000005fb       0x6d obj/default/spi.o
                                        0x146 (size before relaxing)
 .debug_str     0x0000000000000668      0x1cf obj/default/tdc.o
                                        0x30d (size before relaxing)
 .debug_str     0x0000000000000837       0x6e obj/default/test_generator.o
                                        0x188 (size before relaxing)
 .debug_str     0x00000000000008a5      0x1e4 obj/default/timer.o
                                        0x331 (size before relaxing)
 .debug_str     0x0000000000000a89      0x44d obj/default/uart.o
                                        0x705 (size before relaxing)
 .debug_str     0x0000000000000ed6       0xc0 obj/default/vga.o
                                        0x1ea (size before relaxing)
 .debug_str     0x0000000000000f96      0x12e ../rangefinder_v151116_bsp/\libhal_bsp.a(alt_iic.o)
                                        0x201 (size before relaxing)
 .debug_str     0x00000000000010c4       0x4c ../rangefinder_v151116_bsp/\libhal_bsp.a(alt_iic_isr_register.o)
                                        0x1ab (size before relaxing)
 .debug_str     0x0000000000001110       0x3a ../rangefinder_v151116_bsp/\libhal_bsp.a(alt_irq_handler.o)
                                        0x15a (size before relaxing)
 .debug_str     0x000000000000114a       0x17 ../rangefinder_v151116_bsp/\libhal_bsp.a(alt_irq_vars.o)
                                        0x109 (size before relaxing)
 .debug_str     0x0000000000001161       0xe9 ../rangefinder_v151116_bsp/\libhal_bsp.a(alt_load.o)
                                        0x1d5 (size before relaxing)
 .debug_str     0x000000000000124a       0x70 ../rangefinder_v151116_bsp/\libhal_bsp.a(alt_main.o)
                                        0x160 (size before relaxing)
 .debug_str     0x00000000000012ba       0xb1 ../rangefinder_v151116_bsp/\libhal_bsp.a(alt_open.o)
                                        0x20e (size before relaxing)
 .debug_str     0x000000000000136b       0xef ../rangefinder_v151116_bsp/\libhal_bsp.a(alt_read.o)
                                        0x2ba (size before relaxing)
 .debug_str     0x000000000000145a       0x28 ../rangefinder_v151116_bsp/\libhal_bsp.a(alt_release_fd.o)
                                        0x1a2 (size before relaxing)
 .debug_str     0x0000000000001482       0x14 ../rangefinder_v151116_bsp/\libhal_bsp.a(alt_write.o)
                                        0x2bb (size before relaxing)
 .debug_str     0x0000000000001496      0x133 ../rangefinder_v151116_bsp/\libhal_bsp.a(alt_sys_init.o)
                                        0x2d5 (size before relaxing)
 .debug_str     0x00000000000015c9       0x9a ../rangefinder_v151116_bsp/\libhal_bsp.a(altera_avalon_timer_sc.o)
                                        0x20e (size before relaxing)
 .debug_str     0x0000000000001663       0x7d ../rangefinder_v151116_bsp/\libhal_bsp.a(altera_avalon_uart_fd.o)
                                        0x2b8 (size before relaxing)
 .debug_str     0x00000000000016e0       0xa0 ../rangefinder_v151116_bsp/\libhal_bsp.a(altera_avalon_uart_init.o)
                                        0x27a (size before relaxing)
 .debug_str     0x0000000000001780       0x4f ../rangefinder_v151116_bsp/\libhal_bsp.a(altera_avalon_uart_read.o)
                                        0x25b (size before relaxing)
 .debug_str     0x00000000000017cf       0x49 ../rangefinder_v151116_bsp/\libhal_bsp.a(altera_avalon_uart_write.o)
                                        0x24f (size before relaxing)
 .debug_str     0x0000000000001818       0x1b ../rangefinder_v151116_bsp/\libhal_bsp.a(alt_close.o)
                                        0x1ce (size before relaxing)
 .debug_str     0x0000000000001833       0x34 ../rangefinder_v151116_bsp/\libhal_bsp.a(alt_dcache_flush_all.o)
                                        0x118 (size before relaxing)
 .debug_str     0x0000000000001867       0x3e ../rangefinder_v151116_bsp/\libhal_bsp.a(alt_dev.o)
                                        0x2c8 (size before relaxing)
 .debug_str     0x00000000000018a5       0x4b ../rangefinder_v151116_bsp/\libhal_bsp.a(alt_dev_llist_insert.o)
                                        0x18f (size before relaxing)
 .debug_str     0x00000000000018f0       0x48 ../rangefinder_v151116_bsp/\libhal_bsp.a(alt_do_ctors.o)
                                         0x9f (size before relaxing)
 .debug_str     0x0000000000001938       0x4c ../rangefinder_v151116_bsp/\libhal_bsp.a(alt_do_dtors.o)
                                         0x9e (size before relaxing)
 .debug_str     0x0000000000001984       0x14 ../rangefinder_v151116_bsp/\libhal_bsp.a(alt_errno.o)
                                        0x108 (size before relaxing)
 .debug_str     0x0000000000001998       0x24 ../rangefinder_v151116_bsp/\libhal_bsp.a(alt_find_dev.o)
                                        0x1af (size before relaxing)
 .debug_str     0x00000000000019bc       0x26 ../rangefinder_v151116_bsp/\libhal_bsp.a(alt_find_file.o)
                                        0x1bd (size before relaxing)
 .debug_str     0x00000000000019e2       0x30 ../rangefinder_v151116_bsp/\libhal_bsp.a(alt_get_fd.o)
                                        0x1df (size before relaxing)
 .debug_str     0x0000000000001a12       0x34 ../rangefinder_v151116_bsp/\libhal_bsp.a(alt_icache_flush_all.o)
                                        0x118 (size before relaxing)
 .debug_str     0x0000000000001a46       0x56 ../rangefinder_v151116_bsp/\libhal_bsp.a(alt_io_redirect.o)
                                        0x2d9 (size before relaxing)
 .debug_str     0x0000000000001a9c       0x78 ../rangefinder_v151116_bsp/\libhal_bsp.a(alt_tick.o)
                                        0x215 (size before relaxing)
 .debug_str     0x0000000000001b14       0x3b ../rangefinder_v151116_bsp/\libhal_bsp.a(altera_nios2_qsys_irq.o)
                                        0x11f (size before relaxing)
 .debug_str     0x0000000000001b4f       0x2c ../rangefinder_v151116_bsp/\libhal_bsp.a(alt_icache_flush.o)
                                        0x11e (size before relaxing)