Archive member included because of file (symbol)

../rangefinder_v2_bsp/\libhal_bsp.a(alt_iic.o)
                              obj/default/timer.o (alt_ic_isr_register)
../rangefinder_v2_bsp/\libhal_bsp.a(alt_iic_isr_register.o)
                              ../rangefinder_v2_bsp/\libhal_bsp.a(alt_iic.o) (alt_iic_isr_register)
../rangefinder_v2_bsp/\libhal_bsp.a(alt_irq_entry.o)
                              ../rangefinder_v2_bsp/\libhal_bsp.a(alt_iic_isr_register.o) (alt_irq_entry)
../rangefinder_v2_bsp/\libhal_bsp.a(alt_irq_handler.o)
                              ../rangefinder_v2_bsp/\libhal_bsp.a(alt_iic_isr_register.o) (alt_irq)
../rangefinder_v2_bsp/\libhal_bsp.a(alt_irq_vars.o)
                              ../rangefinder_v2_bsp/\libhal_bsp.a(alt_iic.o) (alt_irq_active)
../rangefinder_v2_bsp/\libhal_bsp.a(alt_load.o)
                              ../rangefinder_v2_bsp//obj/HAL/src/crt0.o (alt_load)
../rangefinder_v2_bsp/\libhal_bsp.a(alt_main.o)
                              ../rangefinder_v2_bsp//obj/HAL/src/crt0.o (alt_main)
../rangefinder_v2_bsp/\libhal_bsp.a(alt_sys_init.o)
                              ../rangefinder_v2_bsp/\libhal_bsp.a(alt_main.o) (alt_irq_init)
../rangefinder_v2_bsp/\libhal_bsp.a(altera_avalon_timer_sc.o)
                              ../rangefinder_v2_bsp/\libhal_bsp.a(alt_sys_init.o) (alt_avalon_timer_sc_init)
../rangefinder_v2_bsp/\libhal_bsp.a(altera_avalon_uart_fd.o)
                              ../rangefinder_v2_bsp/\libhal_bsp.a(alt_sys_init.o) (altera_avalon_uart_read_fd)
../rangefinder_v2_bsp/\libhal_bsp.a(altera_avalon_uart_init.o)
                              ../rangefinder_v2_bsp/\libhal_bsp.a(alt_sys_init.o) (altera_avalon_uart_init)
../rangefinder_v2_bsp/\libhal_bsp.a(altera_avalon_uart_read.o)
                              ../rangefinder_v2_bsp/\libhal_bsp.a(altera_avalon_uart_fd.o) (altera_avalon_uart_read)
../rangefinder_v2_bsp/\libhal_bsp.a(altera_avalon_uart_write.o)
                              ../rangefinder_v2_bsp/\libhal_bsp.a(altera_avalon_uart_fd.o) (altera_avalon_uart_write)
../rangefinder_v2_bsp/\libhal_bsp.a(alt_close.o)
                              ../rangefinder_v2_bsp/\libhal_bsp.a(alt_main.o) (close)
../rangefinder_v2_bsp/\libhal_bsp.a(alt_dcache_flush_all.o)
                              ../rangefinder_v2_bsp/\libhal_bsp.a(alt_load.o) (alt_dcache_flush_all)
../rangefinder_v2_bsp/\libhal_bsp.a(alt_dev.o)
                              ../rangefinder_v2_bsp/\libhal_bsp.a(alt_sys_init.o) (alt_dev_list)
../rangefinder_v2_bsp/\libhal_bsp.a(alt_dev_llist_insert.o)
                              ../rangefinder_v2_bsp/\libhal_bsp.a(alt_sys_init.o) (alt_dev_llist_insert)
../rangefinder_v2_bsp/\libhal_bsp.a(alt_do_ctors.o)
                              ../rangefinder_v2_bsp/\libhal_bsp.a(alt_main.o) (_do_ctors)
../rangefinder_v2_bsp/\libhal_bsp.a(alt_do_dtors.o)
                              ../rangefinder_v2_bsp/\libhal_bsp.a(alt_main.o) (_do_dtors)
../rangefinder_v2_bsp/\libhal_bsp.a(alt_errno.o)
                              ../rangefinder_v2_bsp/\libhal_bsp.a(altera_avalon_uart_read.o) (alt_errno)
../rangefinder_v2_bsp/\libhal_bsp.a(alt_exception_entry.o)
                              ../rangefinder_v2_bsp/\libhal_bsp.a(alt_irq_entry.o) (alt_exception)
../rangefinder_v2_bsp/\libhal_bsp.a(alt_icache_flush_all.o)
                              ../rangefinder_v2_bsp/\libhal_bsp.a(alt_load.o) (alt_icache_flush_all)
../rangefinder_v2_bsp/\libhal_bsp.a(alt_io_redirect.o)
                              ../rangefinder_v2_bsp/\libhal_bsp.a(alt_main.o) (alt_io_redirect)
../rangefinder_v2_bsp/\libhal_bsp.a(alt_open.o)
                              ../rangefinder_v2_bsp/\libhal_bsp.a(alt_io_redirect.o) (open)
../rangefinder_v2_bsp/\libhal_bsp.a(alt_release_fd.o)
                              ../rangefinder_v2_bsp/\libhal_bsp.a(alt_close.o) (alt_release_fd)
../rangefinder_v2_bsp/\libhal_bsp.a(alt_tick.o)
                              ../rangefinder_v2_bsp/\libhal_bsp.a(altera_avalon_timer_sc.o) (_alt_tick_rate)
../rangefinder_v2_bsp/\libhal_bsp.a(altera_nios2_qsys_irq.o)
                              ../rangefinder_v2_bsp/\libhal_bsp.a(alt_sys_init.o) (altera_nios2_qsys_irq_init)
../rangefinder_v2_bsp/\libhal_bsp.a(alt_find_dev.o)
                              ../rangefinder_v2_bsp/\libhal_bsp.a(alt_open.o) (alt_find_dev)
../rangefinder_v2_bsp/\libhal_bsp.a(alt_find_file.o)
                              ../rangefinder_v2_bsp/\libhal_bsp.a(alt_open.o) (alt_find_file)
../rangefinder_v2_bsp/\libhal_bsp.a(alt_get_fd.o)
                              ../rangefinder_v2_bsp/\libhal_bsp.a(alt_open.o) (alt_get_fd)
../rangefinder_v2_bsp/\libhal_bsp.a(alt_icache_flush.o)
                              ../rangefinder_v2_bsp/\libhal_bsp.a(alt_icache_flush_all.o) (alt_icache_flush)
[...]
Memory Configuration

Name             Origin             Length             Attributes
reset            0x0000000000000000 0x0000000000000020
ram_cpu          0x0000000000000020 0x0000000000007fe0
ram_sample_5     0x0000000000009000 0x0000000000000100
ram_sample_4     0x0000000000009100 0x0000000000000100
ram_sample_3     0x0000000000009200 0x0000000000000100
ram_sample_2     0x0000000000009300 0x0000000000000100
ram_sample_1     0x0000000000009400 0x0000000000000100
ram_sample_0     0x0000000000009500 0x0000000000000100
*default*        0x0000000000000000 0xffffffffffffffff

Linker script and memory map

LOAD ../rangefinder_v2_bsp//obj/HAL/src/crt0.o
LOAD obj/default/accelerometer.o
LOAD obj/default/buttons.o
LOAD obj/default/i2c.o
LOAD obj/default/laser.o
LOAD obj/default/leds.o
LOAD obj/default/main.o
LOAD obj/default/measurement.o
LOAD obj/default/sample_loader.o
LOAD obj/default/tdc.o
LOAD obj/default/test_generator.o
LOAD obj/default/timer.o
LOAD obj/default/uart.o
LOAD obj/default/vga.o
LOAD d:/altera/14.0/nios2eds/bin/gnu/h-x86_64-mingw32/bin/../lib/gcc/nios2-elf/4.7.3/../../../../../H-x86_64-mingw32/nios2-elf/lib\libstdc++.a
LOAD d:/altera/14.0/nios2eds/bin/gnu/h-x86_64-mingw32/bin/../lib/gcc/nios2-elf/4.7.3/../../../../../H-x86_64-mingw32/nios2-elf/lib\libm.a
LOAD d:/altera/14.0/nios2eds/bin/gnu/h-x86_64-mingw32/bin/../lib/gcc/nios2-elf/4.7.3\libgcc.a
START GROUP
LOAD d:/altera/14.0/nios2eds/bin/gnu/h-x86_64-mingw32/bin/../lib/gcc/nios2-elf/4.7.3/../../../../../H-x86_64-mingw32/nios2-elf/lib\libc.a
LOAD d:/altera/14.0/nios2eds/bin/gnu/h-x86_64-mingw32/bin/../lib/gcc/nios2-elf/4.7.3\libgcc.a
LOAD ../rangefinder_v2_bsp/\libhal_bsp.a
END GROUP
LOAD d:/altera/14.0/nios2eds/bin/gnu/h-x86_64-mingw32/bin/../lib/gcc/nios2-elf/4.7.3\libgcc.a
                0x0000000000000000                __alt_mem_ram_cpu = 0x0
                0x0000000000009000                __alt_mem_ram_sample_5 = 0x9000
                0x0000000000009100                __alt_mem_ram_sample_4 = 0x9100
                0x0000000000009200                __alt_mem_ram_sample_3 = 0x9200
                0x0000000000009300                __alt_mem_ram_sample_2 = 0x9300
                0x0000000000009400                __alt_mem_ram_sample_1 = 0x9400
                0x0000000000009500                __alt_mem_ram_sample_0 = 0x9500

.entry          0x0000000000000000       0x20
 *(.entry)
 .entry         0x0000000000000000       0x20 ../rangefinder_v2_bsp//obj/HAL/src/crt0.o
                0x0000000000000000                __reset

.exceptions     0x0000000000000020      0x198
                0x0000000000000020                PROVIDE (__ram_exceptions_start, ABSOLUTE (.))
                0x0000000000000020                . = ALIGN (0x20)
 *(.irq)
 *(.exceptions.entry.label)
 .exceptions.entry.label
                0x0000000000000020        0x0 ../rangefinder_v2_bsp/\libhal_bsp.a(alt_irq_entry.o)
                0x0000000000000020                alt_irq_entry
 .exceptions.entry.label
                0x0000000000000020        0x0 ../rangefinder_v2_bsp/\libhal_bsp.a(alt_exception_entry.o)
                0x0000000000000020                alt_exception
 *(.exceptions.entry.user)
 *(.exceptions.entry.ecc_fatal)
 *(.exceptions.entry)
 .exceptions.entry
                0x0000000000000020       0x54 ../rangefinder_v2_bsp/\libhal_bsp.a(alt_exception_entry.o)
 *(.exceptions.irqtest.user)
 *(.exceptions.irqtest)
 .exceptions.irqtest
                0x0000000000000074       0x10 ../rangefinder_v2_bsp/\libhal_bsp.a(alt_irq_entry.o)
 *(.exceptions.irqhandler.user)
 *(.exceptions.irqhandler)
 .exceptions.irqhandler
                0x0000000000000084        0x4 ../rangefinder_v2_bsp/\libhal_bsp.a(alt_irq_entry.o)
 *(.exceptions.irqreturn.user)
 *(.exceptions.irqreturn)
 .exceptions.irqreturn
                0x0000000000000088        0x4 ../rangefinder_v2_bsp/\libhal_bsp.a(alt_irq_entry.o)
 *(.exceptions.notirq.label)
 .exceptions.notirq.label
                0x000000000000008c        0x0 ../rangefinder_v2_bsp/\libhal_bsp.a(alt_irq_entry.o)
 *(.exceptions.notirq.user)
 *(.exceptions.notirq)
 .exceptions.notirq
                0x000000000000008c        0x8 ../rangefinder_v2_bsp/\libhal_bsp.a(alt_exception_entry.o)
 *(.exceptions.soft.user)
 *(.exceptions.soft)
 *(.exceptions.unknown.user)
 *(.exceptions.unknown)
 .exceptions.unknown
                0x0000000000000094        0x4 ../rangefinder_v2_bsp/\libhal_bsp.a(alt_exception_entry.o)
 *(.exceptions.exit.label)
 .exceptions.exit.label
                0x0000000000000098        0x0 ../rangefinder_v2_bsp/\libhal_bsp.a(alt_irq_entry.o)
 .exceptions.exit.label
                0x0000000000000098        0x0 ../rangefinder_v2_bsp/\libhal_bsp.a(alt_exception_entry.o)
 *(.exceptions.exit.user)
 *(.exceptions.exit)
 .exceptions.exit
                0x0000000000000098       0x54 ../rangefinder_v2_bsp/\libhal_bsp.a(alt_exception_entry.o)
 *(.exceptions)
 .exceptions    0x00000000000000ec       0xcc ../rangefinder_v2_bsp/\libhal_bsp.a(alt_irq_handler.o)
                0x00000000000000ec                alt_irq_handler
                0x00000000000001b8                PROVIDE (__ram_exceptions_end, ABSOLUTE (.))
                0x0000000000000020                PROVIDE (__flash_exceptions_start, LOADADDR (.exceptions))

.text           0x00000000000001b8     0x4028
                0x00000000000001b8                PROVIDE (stext, ABSOLUTE (.))
 *(.interp)
 *(.hash)
 *(.dynsym)
 *(.dynstr)
 *(.gnu.version)
 *(.gnu.version_d)
 *(.gnu.version_r)
 *(.rel.init)
 *(.rela.init)
 *(.rel.text .rel.text.* .rel.gnu.linkonce.t.*)
 *(.rela.text .rela.text.* .rela.gnu.linkonce.t.*)
 *(.rel.fini)
 *(.rela.fini)
 *(.rel.rodata .rel.rodata.* .rel.gnu.linkonce.r.*)
 *(.rela.rodata .rela.rodata.* .rela.gnu.linkonce.r.*)
 *(.rel.data .rel.data.* .rel.gnu.linkonce.d.*)
 *(.rela.data .rela.data.* .rela.gnu.linkonce.d.*)
 *(.rel.tdata .rel.tdata.* .rel.gnu.linkonce.td.*)
 *(.rela.tdata .rela.tdata.* .rela.gnu.linkonce.td.*)
 *(.rel.tbss .rel.tbss.* .rel.gnu.linkonce.tb.*)
 *(.rela.tbss .rela.tbss.* .rela.gnu.linkonce.tb.*)
 *(.rel.ctors)
 *(.rela.ctors)
 *(.rel.dtors)
 *(.rela.dtors)
 *(.rel.got)
 *(.rela.got)
 *(.rel.sdata .rel.sdata.* .rel.gnu.linkonce.s.*)
 *(.rela.sdata .rela.sdata.* .rela.gnu.linkonce.s.*)
 *(.rel.sbss .rel.sbss.* .rel.gnu.linkonce.sb.*)
 *(.rela.sbss .rela.sbss.* .rela.gnu.linkonce.sb.*)
 *(.rel.sdata2 .rel.sdata2.* .rel.gnu.linkonce.s2.*)
 *(.rela.sdata2 .rela.sdata2.* .rela.gnu.linkonce.s2.*)
 *(.rel.sbss2 .rel.sbss2.* .rel.gnu.linkonce.sb2.*)
 *(.rela.sbss2 .rela.sbss2.* .rela.gnu.linkonce.sb2.*)
 *(.rel.bss .rel.bss.* .rel.gnu.linkonce.b.*)
 *(.rela.bss .rela.bss.* .rela.gnu.linkonce.b.*)
 *(.rel.plt)
 *(.rela.plt)
 *(.rel.dyn)
 *(.init)
 *(.plt)
 *(.text .stub .text.* .gnu.linkonce.t.*)
 .text          0x00000000000001b8       0x4c ../rangefinder_v2_bsp//obj/HAL/src/crt0.o
                0x00000000000001b8                _start
 .text          0x0000000000000204      0x1a8 obj/default/accelerometer.o
                0x0000000000000204                accelerometer_init
                0x000000000000024c                refresh_accelerometer_data
                0x000000000000034c                get_x_coord
                0x000000000000036c                get_y_coord
                0x000000000000038c                get_z_coord
 .text          0x00000000000003ac      0x3c0 obj/default/buttons.o
                0x00000000000003ac                buttons_handler_init
                0x0000000000000494                read_but
                0x000000000000074c                buttons_status
 .text          0x000000000000076c      0x880 obj/default/i2c.o
                0x000000000000076c                i2c_start
                0x00000000000007cc                i2c_stop
                0x000000000000082c                i2c_send_bit
                0x00000000000008b8                i2c_read_bit
                0x0000000000000938                i2c_send_byte
                0x0000000000000a70                i2c_read_byte
                0x0000000000000c48                read_ack
                0x0000000000000cc8                write_ack
                0x0000000000000d4c                i2c_delay
                0x0000000000000d90                i2c_init
                0x0000000000000dd0                write_command
                0x0000000000000e38                write_command_multiple
                0x0000000000000ed8                read_command
                0x0000000000000f4c                read_word_command
 .text          0x0000000000000fec       0x7c obj/default/laser.o
                0x0000000000000fec                laser_init
                0x0000000000001020                generate_pulse
 .text          0x0000000000001068      0x17c obj/default/leds.o
                0x0000000000001068                change_axis
                0x00000000000010a4                leds_init
                0x00000000000010d0                leds_driver
 .text          0x00000000000011e4      0x11c obj/default/main.o
                0x00000000000011e4                main
                0x0000000000001200                sys_init
                0x0000000000001240                mainloop
 .text          0x0000000000001300       0xe8 obj/default/measurement.o
                0x0000000000001300                make_measurement
                0x00000000000013a4                delay
 .text          0x00000000000013e8      0x518 obj/default/sample_loader.o
                0x00000000000013e8                start_recording
                0x0000000000001430                get_buffer_status
                0x000000000000144c                reset_ram_buffers
                0x00000000000014b8                reset_memory_master
                0x0000000000001504                read_abs_counter
                0x0000000000001534                refresh_meas_data
                0x000000000000187c                get_max
 .text          0x0000000000001900      0x360 obj/default/tdc.o
                0x0000000000001900                send_data_2_spi
                0x0000000000001a24                tdc_init
                0x0000000000001ae4                tdc_test
                0x0000000000001b40                read_tdc_result
 .text          0x0000000000001c60      0x204 obj/default/test_generator.o
                0x0000000000001c60                test_pulse_generator_init
                0x0000000000001d40                generate_test_pulses
 .text          0x0000000000001e64      0x1f8 obj/default/timer.o
                0x0000000000001ec4                sys_timer_init
                0x0000000000001f28                sys_timer_start
                0x0000000000001f70                sys_timer_stop
                0x0000000000001fb8                register_sys_timer_interrupt
                0x0000000000001ffc                check_timer_event
                0x000000000000201c                reset_timer_event_flag
                0x000000000000203c                read_sys_time_ms
 .text          0x000000000000205c      0x134 obj/default/uart.o
                0x000000000000205c                uart_init
                0x0000000000002078                send_uart
                0x00000000000020cc                send_uart_n
                0x0000000000002148                send_com2pc
 .text          0x0000000000002190      0x114 obj/default/vga.o
                0x0000000000002190                vga_init
                0x00000000000021bc                write_data2vga
 .text          0x00000000000022a4      0x1d8 ../rangefinder_v2_bsp/\libhal_bsp.a(alt_iic.o)
                0x00000000000022a4                alt_ic_isr_register
                0x00000000000022f4                alt_ic_irq_enable
                0x0000000000002390                alt_ic_irq_disable
                0x0000000000002430                alt_ic_irq_enabled
 .text          0x000000000000247c       0xf0 ../rangefinder_v2_bsp/\libhal_bsp.a(alt_iic_isr_register.o)
                0x000000000000247c                alt_iic_isr_register
 .text          0x000000000000256c        0x0 ../rangefinder_v2_bsp/\libhal_bsp.a(alt_irq_entry.o)
 .text          0x000000000000256c        0x0 ../rangefinder_v2_bsp/\libhal_bsp.a(alt_irq_handler.o)
 .text          0x000000000000256c        0x0 ../rangefinder_v2_bsp/\libhal_bsp.a(alt_irq_vars.o)
 .text          0x000000000000256c       0xec ../rangefinder_v2_bsp/\libhal_bsp.a(alt_load.o)
                0x00000000000025d8                alt_load
 .text          0x0000000000002658       0x78 ../rangefinder_v2_bsp/\libhal_bsp.a(alt_main.o)
                0x0000000000002658                alt_main
 .text          0x00000000000026d0       0xcc ../rangefinder_v2_bsp/\libhal_bsp.a(alt_sys_init.o)
                0x0000000000002708                alt_irq_init
                0x000000000000273c                alt_sys_init
 .text          0x000000000000279c       0xfc ../rangefinder_v2_bsp/\libhal_bsp.a(altera_avalon_timer_sc.o)
                0x0000000000002810                alt_avalon_timer_sc_init
 .text          0x0000000000002898      0x110 ../rangefinder_v2_bsp/\libhal_bsp.a(altera_avalon_uart_fd.o)
                0x0000000000002898                altera_avalon_uart_read_fd
                0x00000000000028f8                altera_avalon_uart_write_fd
                0x0000000000002958                altera_avalon_uart_close_fd
 .text          0x00000000000029a8      0x3a8 ../rangefinder_v2_bsp/\libhal_bsp.a(altera_avalon_uart_init.o)
                0x00000000000029a8                altera_avalon_uart_init
                0x0000000000002cfc                altera_avalon_uart_close
 .text          0x0000000000002d50      0x230 ../rangefinder_v2_bsp/\libhal_bsp.a(altera_avalon_uart_read.o)
                0x0000000000002da0                altera_avalon_uart_read
 .text          0x0000000000002f80      0x1f8 ../rangefinder_v2_bsp/\libhal_bsp.a(altera_avalon_uart_write.o)
                0x0000000000002fd0                altera_avalon_uart_write
 .text          0x0000000000003178      0x118 ../rangefinder_v2_bsp/\libhal_bsp.a(alt_close.o)
                0x00000000000031c8                close
 .text          0x0000000000003290       0x44 ../rangefinder_v2_bsp/\libhal_bsp.a(alt_dcache_flush_all.o)
                0x0000000000003290                alt_dcache_flush_all
 .text          0x00000000000032d4       0x2c ../rangefinder_v2_bsp/\libhal_bsp.a(alt_dev.o)
 .text          0x0000000000003300       0xf0 ../rangefinder_v2_bsp/\libhal_bsp.a(alt_dev_llist_insert.o)
                0x0000000000003350                alt_dev_llist_insert
 .text          0x00000000000033f0       0x5c ../rangefinder_v2_bsp/\libhal_bsp.a(alt_do_ctors.o)
                0x00000000000033f0                _do_ctors
 .text          0x000000000000344c       0x5c ../rangefinder_v2_bsp/\libhal_bsp.a(alt_do_dtors.o)
                0x000000000000344c                _do_dtors
 .text          0x00000000000034a8        0x0 ../rangefinder_v2_bsp/\libhal_bsp.a(alt_errno.o)
 .text          0x00000000000034a8        0x0 ../rangefinder_v2_bsp/\libhal_bsp.a(alt_exception_entry.o)
 .text          0x00000000000034a8       0x30 ../rangefinder_v2_bsp/\libhal_bsp.a(alt_icache_flush_all.o)
                0x00000000000034a8                alt_icache_flush_all
 .text          0x00000000000034d8      0x138 ../rangefinder_v2_bsp/\libhal_bsp.a(alt_io_redirect.o)
                0x0000000000003598                alt_io_redirect
 .text          0x0000000000003610      0x270 ../rangefinder_v2_bsp/\libhal_bsp.a(alt_open.o)
                0x000000000000372c                open
 .text          0x0000000000003880       0x60 ../rangefinder_v2_bsp/\libhal_bsp.a(alt_release_fd.o)
                0x0000000000003880                alt_release_fd
 .text          0x00000000000038e0      0x19c ../rangefinder_v2_bsp/\libhal_bsp.a(alt_tick.o)
                0x00000000000038e0                alt_alarm_stop
                0x0000000000003978                alt_tick
 .text          0x0000000000003a7c       0x20 ../rangefinder_v2_bsp/\libhal_bsp.a(altera_nios2_qsys_irq.o)
                0x0000000000003a7c                altera_nios2_qsys_irq_init
 .text          0x0000000000003a9c       0x90 ../rangefinder_v2_bsp/\libhal_bsp.a(alt_find_dev.o)
                0x0000000000003a9c                alt_find_dev
 .text          0x0000000000003b2c      0x114 ../rangefinder_v2_bsp/\libhal_bsp.a(alt_find_file.o)
                0x0000000000003b2c                alt_find_file
 .text          0x0000000000003c40       0xb4 ../rangefinder_v2_bsp/\libhal_bsp.a(alt_get_fd.o)
                0x0000000000003c40                alt_get_fd
 .text          0x0000000000003cf4       0x8c ../rangefinder_v2_bsp/\libhal_bsp.a(alt_icache_flush.o)
                0x0000000000003cf4                alt_icache_flush
 .text          0x0000000000003d80       0x14 d:/altera/14.0/nios2eds/bin/gnu/h-x86_64-mingw32/bin/../lib/gcc/nios2-elf/4.7.3/../../../../../H-x86_64-mingw32/nios2-elf/lib\libc.a(lib_a-atexit.o)
                0x0000000000003d80                atexit
 .text          0x0000000000003d94       0x38 d:/altera/14.0/nios2eds/bin/gnu/h-x86_64-mingw32/bin/../lib/gcc/nios2-elf/4.7.3/../../../../../H-x86_64-mingw32/nios2-elf/lib\libc.a(lib_a-exit.o)
                0x0000000000003d94                exit
 .text          0x0000000000003dcc        0x0 d:/altera/14.0/nios2eds/bin/gnu/h-x86_64-mingw32/bin/../lib/gcc/nios2-elf/4.7.3/../../../../../H-x86_64-mingw32/nios2-elf/lib\libc.a(lib_a-impure.o)
 .text          0x0000000000003dcc        0x0 d:/altera/14.0/nios2eds/bin/gnu/h-x86_64-mingw32/bin/../lib/gcc/nios2-elf/4.7.3/../../../../../H-x86_64-mingw32/nios2-elf/lib\libc.a(lib_a-int_errno.o)
 .text          0x0000000000003dcc       0x7c d:/altera/14.0/nios2eds/bin/gnu/h-x86_64-mingw32/bin/../lib/gcc/nios2-elf/4.7.3/../../../../../H-x86_64-mingw32/nios2-elf/lib\libc.a(lib_a-memcmp.o)
                0x0000000000003dcc                memcmp
 .text          0x0000000000003e48       0x8c d:/altera/14.0/nios2eds/bin/gnu/h-x86_64-mingw32/bin/../lib/gcc/nios2-elf/4.7.3/../../../../../H-x86_64-mingw32/nios2-elf/lib\libc.a(lib_a-strlen.o)
                0x0000000000003e48                strlen
 .text          0x0000000000003ed4      0x130 d:/altera/14.0/nios2eds/bin/gnu/h-x86_64-mingw32/bin/../lib/gcc/nios2-elf/4.7.3/../../../../../H-x86_64-mingw32/nios2-elf/lib\libc.a(lib_a-__atexit.o)
                0x0000000000003ed4                __register_exitproc
 .text          0x0000000000004004      0x1a0 d:/altera/14.0/nios2eds/bin/gnu/h-x86_64-mingw32/bin/../lib/gcc/nios2-elf/4.7.3/../../../../../H-x86_64-mingw32/nios2-elf/lib\libc.a(lib_a-__call_atexit.o)
                0x0000000000004004                __call_exitprocs
 .text          0x00000000000041a4       0x3c ../rangefinder_v2_bsp/\libhal_bsp.a(alt_exit.o)
                0x00000000000041a4                _exit
 *(.gnu.warning.*)
 *(.fini)
                0x00000000000041e0                PROVIDE (__etext, ABSOLUTE (.))
                0x00000000000041e0                PROVIDE (_etext, ABSOLUTE (.))
                0x00000000000041e0                PROVIDE (etext, ABSOLUTE (.))
 *(.eh_frame_hdr)
                0x00000000000041e0                . = ALIGN (0x4)
                0x00000000000041e0                PROVIDE (__preinit_array_start, ABSOLUTE (.))
 *(.preinit_array)
                0x00000000000041e0                PROVIDE (__preinit_array_end, ABSOLUTE (.))
                0x00000000000041e0                PROVIDE (__init_array_start, ABSOLUTE (.))
 *(.init_array)
                0x00000000000041e0                PROVIDE (__init_array_end, ABSOLUTE (.))
                0x00000000000041e0                PROVIDE (__fini_array_start, ABSOLUTE (.))
 *(.fini_array)
                0x00000000000041e0                PROVIDE (__fini_array_end, ABSOLUTE (.))
 *(.eh_frame)
 *(.gcc_except_table .gcc_except_table.*)
 *(.dynamic)
                0x00000000000041e0                PROVIDE (__CTOR_LIST__, ABSOLUTE (.))
 *(.ctors)
 *(SORT(.ctors.*))
                0x00000000000041e0                PROVIDE (__CTOR_END__, ABSOLUTE (.))
                0x00000000000041e0                PROVIDE (__DTOR_LIST__, ABSOLUTE (.))
 *(.dtors)
 *(SORT(.dtors.*))
                0x00000000000041e0                PROVIDE (__DTOR_END__, ABSOLUTE (.))
 *(.jcr)
                0x00000000000041e0                . = ALIGN (0x4)

.rodata         0x00000000000041e0       0x30
                0x00000000000041e0                PROVIDE (__ram_rodata_start, ABSOLUTE (.))
                0x00000000000041e0                . = ALIGN (0x4)
 *(.rodata .rodata.* .gnu.linkonce.r.*)
 .rodata        0x00000000000041e0       0x10 ../rangefinder_v2_bsp/\libhal_bsp.a(alt_main.o)
 .rodata        0x00000000000041f0       0x10 ../rangefinder_v2_bsp/\libhal_bsp.a(alt_sys_init.o)
 .rodata        0x0000000000004200        0xc ../rangefinder_v2_bsp/\libhal_bsp.a(alt_dev.o)
 .rodata.str1.4
                0x000000000000420c        0x4 d:/altera/14.0/nios2eds/bin/gnu/h-x86_64-mingw32/bin/../lib/gcc/nios2-elf/4.7.3/../../../../../H-x86_64-mingw32/nios2-elf/lib\libc.a(lib_a-impure.o)
 *(.rodata1)
                0x0000000000004210                . = ALIGN (0x4)
                0x0000000000004210                PROVIDE (__ram_rodata_end, ABSOLUTE (.))
                0x00000000000041e0                PROVIDE (__flash_rodata_start, LOADADDR (.rodata))

.rwdata         0x0000000000004210      0x6a0 load address 0x00000000000048b0
                0x0000000000004210                PROVIDE (__ram_rwdata_start, ABSOLUTE (.))
                0x0000000000004210                . = ALIGN (0x4)
 *(.got.plt)
 *(.got)
 *(.data1)
 *(.data .data.* .gnu.linkonce.d.*)
 .data          0x0000000000004210        0x0 ../rangefinder_v2_bsp//obj/HAL/src/crt0.o
 .data          0x0000000000004210        0x0 obj/default/accelerometer.o
 .data          0x0000000000004210        0x0 obj/default/buttons.o
 .data          0x0000000000004210        0x0 obj/default/i2c.o
 .data          0x0000000000004210        0x0 obj/default/laser.o
 .data          0x0000000000004210        0x0 obj/default/leds.o
 .data          0x0000000000004210        0x0 obj/default/main.o
 .data          0x0000000000004210        0x0 obj/default/measurement.o
 .data          0x0000000000004210        0x0 obj/default/sample_loader.o
 .data          0x0000000000004210        0x0 obj/default/tdc.o
 .data          0x0000000000004210        0x0 obj/default/test_generator.o
 .data          0x0000000000004210        0x0 obj/default/timer.o
 .data          0x0000000000004210        0x0 obj/default/uart.o
 .data          0x0000000000004210        0x0 obj/default/vga.o
 .data          0x0000000000004210        0x0 ../rangefinder_v2_bsp/\libhal_bsp.a(alt_iic.o)
 .data          0x0000000000004210        0x0 ../rangefinder_v2_bsp/\libhal_bsp.a(alt_iic_isr_register.o)
 .data          0x0000000000004210        0x0 ../rangefinder_v2_bsp/\libhal_bsp.a(alt_irq_entry.o)
 .data          0x0000000000004210        0x0 ../rangefinder_v2_bsp/\libhal_bsp.a(alt_irq_handler.o)
 .data          0x0000000000004210        0x0 ../rangefinder_v2_bsp/\libhal_bsp.a(alt_irq_vars.o)
 .data          0x0000000000004210        0x0 ../rangefinder_v2_bsp/\libhal_bsp.a(alt_load.o)
 .data          0x0000000000004210        0x0 ../rangefinder_v2_bsp/\libhal_bsp.a(alt_main.o)
 .data          0x0000000000004210       0xc4 ../rangefinder_v2_bsp/\libhal_bsp.a(alt_sys_init.o)
 .data          0x00000000000042d4        0x0 ../rangefinder_v2_bsp/\libhal_bsp.a(altera_avalon_timer_sc.o)
 .data          0x00000000000042d4        0x0 ../rangefinder_v2_bsp/\libhal_bsp.a(altera_avalon_uart_fd.o)
 .data          0x00000000000042d4        0x0 ../rangefinder_v2_bsp/\libhal_bsp.a(altera_avalon_uart_init.o)
 .data          0x00000000000042d4        0x0 ../rangefinder_v2_bsp/\libhal_bsp.a(altera_avalon_uart_read.o)
 .data          0x00000000000042d4        0x0 ../rangefinder_v2_bsp/\libhal_bsp.a(altera_avalon_uart_write.o)
 .data          0x00000000000042d4        0x0 ../rangefinder_v2_bsp/\libhal_bsp.a(alt_close.o)
 .data          0x00000000000042d4        0x0 ../rangefinder_v2_bsp/\libhal_bsp.a(alt_dcache_flush_all.o)
 .data          0x00000000000042d4      0x1a8 ../rangefinder_v2_bsp/\libhal_bsp.a(alt_dev.o)
                0x00000000000042d4                alt_dev_null
                0x00000000000042fc                alt_fd_list
 .data          0x000000000000447c        0x0 ../rangefinder_v2_bsp/\libhal_bsp.a(alt_dev_llist_insert.o)
 .data          0x000000000000447c        0x0 ../rangefinder_v2_bsp/\libhal_bsp.a(alt_do_ctors.o)
 .data          0x000000000000447c        0x0 ../rangefinder_v2_bsp/\libhal_bsp.a(alt_do_dtors.o)
 .data          0x000000000000447c        0x0 ../rangefinder_v2_bsp/\libhal_bsp.a(alt_errno.o)
 .data          0x000000000000447c        0x0 ../rangefinder_v2_bsp/\libhal_bsp.a(alt_exception_entry.o)
 .data          0x000000000000447c        0x0 ../rangefinder_v2_bsp/\libhal_bsp.a(alt_icache_flush_all.o)
 .data          0x000000000000447c        0x0 ../rangefinder_v2_bsp/\libhal_bsp.a(alt_io_redirect.o)
 .data          0x000000000000447c        0x0 ../rangefinder_v2_bsp/\libhal_bsp.a(alt_open.o)
 .data          0x000000000000447c        0x0 ../rangefinder_v2_bsp/\libhal_bsp.a(alt_release_fd.o)
 .data          0x000000000000447c        0x0 ../rangefinder_v2_bsp/\libhal_bsp.a(alt_tick.o)
 .data          0x000000000000447c        0x0 ../rangefinder_v2_bsp/\libhal_bsp.a(altera_nios2_qsys_irq.o)
 .data          0x000000000000447c        0x0 ../rangefinder_v2_bsp/\libhal_bsp.a(alt_find_dev.o)
 .data          0x000000000000447c        0x0 ../rangefinder_v2_bsp/\libhal_bsp.a(alt_find_file.o)
 .data          0x000000000000447c        0x0 ../rangefinder_v2_bsp/\libhal_bsp.a(alt_get_fd.o)
 .data          0x000000000000447c        0x0 ../rangefinder_v2_bsp/\libhal_bsp.a(alt_icache_flush.o)
 .data          0x000000000000447c        0x0 d:/altera/14.0/nios2eds/bin/gnu/h-x86_64-mingw32/bin/../lib/gcc/nios2-elf/4.7.3/../../../../../H-x86_64-mingw32/nios2-elf/lib\libc.a(lib_a-atexit.o)
 .data          0x000000000000447c        0x0 d:/altera/14.0/nios2eds/bin/gnu/h-x86_64-mingw32/bin/../lib/gcc/nios2-elf/4.7.3/../../../../../H-x86_64-mingw32/nios2-elf/lib\libc.a(lib_a-exit.o)
 .data          0x000000000000447c      0x400 d:/altera/14.0/nios2eds/bin/gnu/h-x86_64-mingw32/bin/../lib/gcc/nios2-elf/4.7.3/../../../../../H-x86_64-mingw32/nios2-elf/lib\libc.a(lib_a-impure.o)
 .data          0x000000000000487c        0x0 d:/altera/14.0/nios2eds/bin/gnu/h-x86_64-mingw32/bin/../lib/gcc/nios2-elf/4.7.3/../../../../../H-x86_64-mingw32/nios2-elf/lib\libc.a(lib_a-int_errno.o)
 .data          0x000000000000487c        0x0 d:/altera/14.0/nios2eds/bin/gnu/h-x86_64-mingw32/bin/../lib/gcc/nios2-elf/4.7.3/../../../../../H-x86_64-mingw32/nios2-elf/lib\libc.a(lib_a-memcmp.o)
 .data          0x000000000000487c        0x0 d:/altera/14.0/nios2eds/bin/gnu/h-x86_64-mingw32/bin/../lib/gcc/nios2-elf/4.7.3/../../../../../H-x86_64-mingw32/nios2-elf/lib\libc.a(lib_a-strlen.o)
 .data          0x000000000000487c        0x0 d:/altera/14.0/nios2eds/bin/gnu/h-x86_64-mingw32/bin/../lib/gcc/nios2-elf/4.7.3/../../../../../H-x86_64-mingw32/nios2-elf/lib\libc.a(lib_a-__atexit.o)
 .data          0x000000000000487c        0x0 d:/altera/14.0/nios2eds/bin/gnu/h-x86_64-mingw32/bin/../lib/gcc/nios2-elf/4.7.3/../../../../../H-x86_64-mingw32/nios2-elf/lib\libc.a(lib_a-__call_atexit.o)
 .data          0x000000000000487c        0x0 ../rangefinder_v2_bsp/\libhal_bsp.a(alt_exit.o)
                0x000000000000c87c                _gp = ABSOLUTE ((. + 0x8000))
                0x000000000000c87c                PROVIDE (gp, _gp)
 *(.rwdata .rwdata.*)
 *(.sdata .sdata.* .gnu.linkonce.s.*)
 .sdata         0x000000000000487c        0x1 obj/default/leds.o
                0x000000000000487c                leds_status
 *fill*         0x000000000000487d        0x3 
 .sdata         0x0000000000004880        0x4 obj/default/timer.o
                0x0000000000004880                timer_context_ptr
 .sdata         0x0000000000004884        0x4 ../rangefinder_v2_bsp/\libhal_bsp.a(alt_irq_vars.o)
                0x0000000000004884                alt_priority_mask
 .sdata         0x0000000000004888       0x14 ../rangefinder_v2_bsp/\libhal_bsp.a(alt_dev.o)
                0x0000000000004888                alt_fs_list
                0x0000000000004890                alt_dev_list
                0x0000000000004898                alt_max_fd
 .sdata         0x000000000000489c        0x4 ../rangefinder_v2_bsp/\libhal_bsp.a(alt_errno.o)
                0x000000000000489c                alt_errno
 .sdata         0x00000000000048a0        0x8 ../rangefinder_v2_bsp/\libhal_bsp.a(alt_tick.o)
                0x00000000000048a0                alt_alarm_list
 .sdata         0x00000000000048a8        0x8 d:/altera/14.0/nios2eds/bin/gnu/h-x86_64-mingw32/bin/../lib/gcc/nios2-elf/4.7.3/../../../../../H-x86_64-mingw32/nios2-elf/lib\libc.a(lib_a-impure.o)
                0x00000000000048a8                _global_impure_ptr
                0x00000000000048ac                _impure_ptr
 *(.sdata2 .sdata2.* .gnu.linkonce.s2.*)
                0x00000000000048b0                . = ALIGN (0x4)
                0x00000000000048b0                _edata = ABSOLUTE (.)
                0x00000000000048b0                PROVIDE (edata, ABSOLUTE (.))
                0x00000000000048b0                PROVIDE (__ram_rwdata_end, ABSOLUTE (.))
                0x00000000000048b0                PROVIDE (__flash_rwdata_start, LOADADDR (.rwdata))

.bss            0x0000000000004f50      0x470
                0x0000000000004f50                __bss_start = ABSOLUTE (.)
                0x0000000000004f50                PROVIDE (__sbss_start, ABSOLUTE (.))
                0x0000000000004f50                PROVIDE (___sbss_start, ABSOLUTE (.))
 *(.dynsbss)
 *(.sbss .sbss.* .gnu.linkonce.sb.*)
 .sbss          0x0000000000004f50       0x14 obj/default/accelerometer.o
                0x0000000000004f50                DATAX
                0x0000000000004f52                DATAY
                0x0000000000004f54                DATAZ
                0x0000000000004f58                x_angle
                0x0000000000004f5c                y_angle
                0x0000000000004f60                z_angle
 .sbss          0x0000000000004f64        0xc obj/default/buttons.o
                0x0000000000004f64                b
                0x0000000000004f68                f
                0x0000000000004f6c                flags
 .sbss          0x0000000000004f70        0x8 obj/default/leds.o
                0x0000000000004f70                rigth_blink
                0x0000000000004f71                left_blink
                0x0000000000004f72                direction
                0x0000000000004f73                shift
                0x0000000000004f74                blinky_flag
                0x0000000000004f75                blinky_status
                0x0000000000004f76                axis_num
                0x0000000000004f77                counter
 .sbss          0x0000000000004f78        0x1 obj/default/main.o
                0x0000000000004f78                i
 *fill*         0x0000000000004f79        0x3 
 .sbss          0x0000000000004f7c        0xc obj/default/timer.o
                0x0000000000004f7c                timer_event_flag
                0x0000000000004f80                sys_abs_time_ms
                0x0000000000004f84                timer_context
 .sbss          0x0000000000004f88        0x4 ../rangefinder_v2_bsp/\libhal_bsp.a(alt_irq_vars.o)
                0x0000000000004f88                alt_irq_active
 .sbss          0x0000000000004f8c        0xc ../rangefinder_v2_bsp/\libhal_bsp.a(alt_main.o)
                0x0000000000004f8c                alt_argc
                0x0000000000004f90                alt_argv
                0x0000000000004f94                alt_envp
 .sbss          0x0000000000004f98        0x8 ../rangefinder_v2_bsp/\libhal_bsp.a(alt_tick.o)
                0x0000000000004f98                _alt_tick_rate
                0x0000000000004f9c                _alt_nticks
 .sbss          0x0000000000004fa0        0x4 d:/altera/14.0/nios2eds/bin/gnu/h-x86_64-mingw32/bin/../lib/gcc/nios2-elf/4.7.3/../../../../../H-x86_64-mingw32/nios2-elf/lib\libc.a(lib_a-int_errno.o)
                0x0000000000004fa0                errno
 *(.sbss2 .sbss2.* .gnu.linkonce.sb2.*)
 *(.scommon)
                0x0000000000004fa4                PROVIDE (__sbss_end, ABSOLUTE (.))
                0x0000000000004fa4                PROVIDE (___sbss_end, ABSOLUTE (.))
 *(.dynbss)
 *(.bss .bss.* .gnu.linkonce.b.*)
 .bss           0x0000000000004fa4        0x0 ../rangefinder_v2_bsp//obj/HAL/src/crt0.o
 .bss           0x0000000000004fa4        0x0 obj/default/accelerometer.o
 .bss           0x0000000000004fa4        0x0 obj/default/buttons.o
 .bss           0x0000000000004fa4        0x0 obj/default/i2c.o
 .bss           0x0000000000004fa4        0x0 obj/default/laser.o
 .bss           0x0000000000004fa4        0x0 obj/default/leds.o
 .bss           0x0000000000004fa4        0x0 obj/default/main.o
 .bss           0x0000000000004fa4        0x0 obj/default/measurement.o
 .bss           0x0000000000004fa4        0x0 obj/default/sample_loader.o
 .bss           0x0000000000004fa4        0x0 obj/default/tdc.o
 .bss           0x0000000000004fa4        0x0 obj/default/test_generator.o
 .bss           0x0000000000004fa4        0x0 obj/default/timer.o
 .bss           0x0000000000004fa4        0x0 obj/default/uart.o
 .bss           0x0000000000004fa4        0x0 obj/default/vga.o
 .bss           0x0000000000004fa4        0x0 ../rangefinder_v2_bsp/\libhal_bsp.a(alt_iic.o)
 .bss           0x0000000000004fa4        0x0 ../rangefinder_v2_bsp/\libhal_bsp.a(alt_iic_isr_register.o)
 .bss           0x0000000000004fa4        0x0 ../rangefinder_v2_bsp/\libhal_bsp.a(alt_irq_entry.o)
 .bss           0x0000000000004fa4        0x0 ../rangefinder_v2_bsp/\libhal_bsp.a(alt_irq_handler.o)
 .bss           0x0000000000004fa4        0x0 ../rangefinder_v2_bsp/\libhal_bsp.a(alt_irq_vars.o)
 .bss           0x0000000000004fa4        0x0 ../rangefinder_v2_bsp/\libhal_bsp.a(alt_load.o)
 .bss           0x0000000000004fa4        0x0 ../rangefinder_v2_bsp/\libhal_bsp.a(alt_main.o)
 .bss           0x0000000000004fa4        0x0 ../rangefinder_v2_bsp/\libhal_bsp.a(alt_sys_init.o)
 .bss           0x0000000000004fa4        0x0 ../rangefinder_v2_bsp/\libhal_bsp.a(altera_avalon_timer_sc.o)
 .bss           0x0000000000004fa4        0x0 ../rangefinder_v2_bsp/\libhal_bsp.a(altera_avalon_uart_fd.o)
 .bss           0x0000000000004fa4        0x0 ../rangefinder_v2_bsp/\libhal_bsp.a(altera_avalon_uart_init.o)
 .bss           0x0000000000004fa4        0x0 ../rangefinder_v2_bsp/\libhal_bsp.a(altera_avalon_uart_read.o)
 .bss           0x0000000000004fa4        0x0 ../rangefinder_v2_bsp/\libhal_bsp.a(altera_avalon_uart_write.o)
 .bss           0x0000000000004fa4        0x0 ../rangefinder_v2_bsp/\libhal_bsp.a(alt_close.o)
 .bss           0x0000000000004fa4        0x0 ../rangefinder_v2_bsp/\libhal_bsp.a(alt_dcache_flush_all.o)
 .bss           0x0000000000004fa4        0x0 ../rangefinder_v2_bsp/\libhal_bsp.a(alt_dev.o)
 .bss           0x0000000000004fa4        0x0 ../rangefinder_v2_bsp/\libhal_bsp.a(alt_dev_llist_insert.o)
 .bss           0x0000000000004fa4        0x0 ../rangefinder_v2_bsp/\libhal_bsp.a(alt_do_ctors.o)
 .bss           0x0000000000004fa4        0x0 ../rangefinder_v2_bsp/\libhal_bsp.a(alt_do_dtors.o)
 .bss           0x0000000000004fa4        0x0 ../rangefinder_v2_bsp/\libhal_bsp.a(alt_errno.o)
 .bss           0x0000000000004fa4        0x0 ../rangefinder_v2_bsp/\libhal_bsp.a(alt_exception_entry.o)
 .bss           0x0000000000004fa4        0x0 ../rangefinder_v2_bsp/\libhal_bsp.a(alt_icache_flush_all.o)
 .bss           0x0000000000004fa4        0x0 ../rangefinder_v2_bsp/\libhal_bsp.a(alt_io_redirect.o)
 .bss           0x0000000000004fa4        0x0 ../rangefinder_v2_bsp/\libhal_bsp.a(alt_open.o)
 .bss           0x0000000000004fa4        0x0 ../rangefinder_v2_bsp/\libhal_bsp.a(alt_release_fd.o)
 .bss           0x0000000000004fa4        0x0 ../rangefinder_v2_bsp/\libhal_bsp.a(alt_tick.o)
 .bss           0x0000000000004fa4        0x0 ../rangefinder_v2_bsp/\libhal_bsp.a(altera_nios2_qsys_irq.o)
 .bss           0x0000000000004fa4        0x0 ../rangefinder_v2_bsp/\libhal_bsp.a(alt_find_dev.o)
 .bss           0x0000000000004fa4        0x0 ../rangefinder_v2_bsp/\libhal_bsp.a(alt_find_file.o)
 .bss           0x0000000000004fa4        0x0 ../rangefinder_v2_bsp/\libhal_bsp.a(alt_get_fd.o)
 .bss           0x0000000000004fa4        0x0 ../rangefinder_v2_bsp/\libhal_bsp.a(alt_icache_flush.o)
 .bss           0x0000000000004fa4        0x0 d:/altera/14.0/nios2eds/bin/gnu/h-x86_64-mingw32/bin/../lib/gcc/nios2-elf/4.7.3/../../../../../H-x86_64-mingw32/nios2-elf/lib\libc.a(lib_a-atexit.o)
 .bss           0x0000000000004fa4        0x0 d:/altera/14.0/nios2eds/bin/gnu/h-x86_64-mingw32/bin/../lib/gcc/nios2-elf/4.7.3/../../../../../H-x86_64-mingw32/nios2-elf/lib\libc.a(lib_a-exit.o)
 .bss           0x0000000000004fa4        0x0 d:/altera/14.0/nios2eds/bin/gnu/h-x86_64-mingw32/bin/../lib/gcc/nios2-elf/4.7.3/../../../../../H-x86_64-mingw32/nios2-elf/lib\libc.a(lib_a-impure.o)
 .bss           0x0000000000004fa4        0x0 d:/altera/14.0/nios2eds/bin/gnu/h-x86_64-mingw32/bin/../lib/gcc/nios2-elf/4.7.3/../../../../../H-x86_64-mingw32/nios2-elf/lib\libc.a(lib_a-int_errno.o)
 .bss           0x0000000000004fa4        0x0 d:/altera/14.0/nios2eds/bin/gnu/h-x86_64-mingw32/bin/../lib/gcc/nios2-elf/4.7.3/../../../../../H-x86_64-mingw32/nios2-elf/lib\libc.a(lib_a-memcmp.o)
 .bss           0x0000000000004fa4        0x0 d:/altera/14.0/nios2eds/bin/gnu/h-x86_64-mingw32/bin/../lib/gcc/nios2-elf/4.7.3/../../../../../H-x86_64-mingw32/nios2-elf/lib\libc.a(lib_a-strlen.o)
 .bss           0x0000000000004fa4        0x0 d:/altera/14.0/nios2eds/bin/gnu/h-x86_64-mingw32/bin/../lib/gcc/nios2-elf/4.7.3/../../../../../H-x86_64-mingw32/nios2-elf/lib\libc.a(lib_a-__atexit.o)
 .bss           0x0000000000004fa4        0x0 d:/altera/14.0/nios2eds/bin/gnu/h-x86_64-mingw32/bin/../lib/gcc/nios2-elf/4.7.3/../../../../../H-x86_64-mingw32/nios2-elf/lib\libc.a(lib_a-__call_atexit.o)
 .bss           0x0000000000004fa4        0x0 ../rangefinder_v2_bsp/\libhal_bsp.a(alt_exit.o)
 *(COMMON)
 COMMON         0x0000000000004fa4       0x10 obj/default/buttons.o
                0x0000000000004fa4                buttons
 COMMON         0x0000000000004fb4      0x158 obj/default/sample_loader.o
                0x0000000000004fb4                ram_buffer
                0x0000000000004fe4                signal
                0x000000000000500c                sample
 COMMON         0x000000000000510c       0x24 obj/default/test_generator.o
                0x000000000000510c                test_pulses
 COMMON         0x0000000000005130      0x100 ../rangefinder_v2_bsp/\libhal_bsp.a(alt_irq_handler.o)
                0x0000000000005130                alt_irq
 COMMON         0x0000000000005230      0x190 d:/altera/14.0/nios2eds/bin/gnu/h-x86_64-mingw32/bin/../lib/gcc/nios2-elf/4.7.3/../../../../../H-x86_64-mingw32/nios2-elf/lib\libc.a(lib_a-atexit.o)
                0x0000000000005230                _atexit0
                0x00000000000053c0                . = ALIGN (0x4)
                0x00000000000053c0                __bss_end = ABSOLUTE (.)

.ram_cpu        0x00000000000053c0        0x0
                0x00000000000053c0                PROVIDE (_alt_partition_ram_cpu_start, ABSOLUTE (.))
 *(.ram_cpu .ram_cpu. ram_cpu.*)
                0x00000000000053c0                . = ALIGN (0x4)
                0x00000000000053c0                PROVIDE (_alt_partition_ram_cpu_end, ABSOLUTE (.))
                0x00000000000053c0                _end = ABSOLUTE (.)
                0x00000000000053c0                end = ABSOLUTE (.)
                0x00000000000053c0                __alt_stack_base = ABSOLUTE (.)
                0x00000000000053c0                PROVIDE (_alt_partition_ram_cpu_load_addr, LOADADDR (.ram_cpu))

.ram_sample_5   0x0000000000009000        0x0 load address 0x00000000000053c0
                0x0000000000009000                PROVIDE (_alt_partition_ram_sample_5_start, ABSOLUTE (.))
 *(.ram_sample_5 .ram_sample_5. ram_sample_5.*)
                0x0000000000009000                . = ALIGN (0x4)
                0x0000000000009000                PROVIDE (_alt_partition_ram_sample_5_end, ABSOLUTE (.))
                0x00000000000053c0                PROVIDE (_alt_partition_ram_sample_5_load_addr, LOADADDR (.ram_sample_5))

.ram_sample_4   0x0000000000009100        0x0 load address 0x00000000000053c0
                0x0000000000009100                PROVIDE (_alt_partition_ram_sample_4_start, ABSOLUTE (.))
 *(.ram_sample_4 .ram_sample_4. ram_sample_4.*)
                0x0000000000009100                . = ALIGN (0x4)
                0x0000000000009100                PROVIDE (_alt_partition_ram_sample_4_end, ABSOLUTE (.))
                0x00000000000053c0                PROVIDE (_alt_partition_ram_sample_4_load_addr, LOADADDR (.ram_sample_4))

.ram_sample_3   0x0000000000009200        0x0 load address 0x00000000000053c0
                0x0000000000009200                PROVIDE (_alt_partition_ram_sample_3_start, ABSOLUTE (.))
 *(.ram_sample_3 .ram_sample_3. ram_sample_3.*)
                0x0000000000009200                . = ALIGN (0x4)
                0x0000000000009200                PROVIDE (_alt_partition_ram_sample_3_end, ABSOLUTE (.))
                0x00000000000053c0                PROVIDE (_alt_partition_ram_sample_3_load_addr, LOADADDR (.ram_sample_3))

.ram_sample_2   0x0000000000009300        0x0 load address 0x00000000000053c0
                0x0000000000009300                PROVIDE (_alt_partition_ram_sample_2_start, ABSOLUTE (.))
 *(.ram_sample_2 .ram_sample_2. ram_sample_2.*)
                0x0000000000009300                . = ALIGN (0x4)
                0x0000000000009300                PROVIDE (_alt_partition_ram_sample_2_end, ABSOLUTE (.))
                0x00000000000053c0                PROVIDE (_alt_partition_ram_sample_2_load_addr, LOADADDR (.ram_sample_2))

.ram_sample_1   0x0000000000009400        0x0 load address 0x00000000000053c0
                0x0000000000009400                PROVIDE (_alt_partition_ram_sample_1_start, ABSOLUTE (.))
 *(.ram_sample_1 .ram_sample_1. ram_sample_1.*)
                0x0000000000009400                . = ALIGN (0x4)
                0x0000000000009400                PROVIDE (_alt_partition_ram_sample_1_end, ABSOLUTE (.))
                0x00000000000053c0                PROVIDE (_alt_partition_ram_sample_1_load_addr, LOADADDR (.ram_sample_1))

.ram_sample_0   0x0000000000009500        0x0 load address 0x00000000000053c0
                0x0000000000009500                PROVIDE (_alt_partition_ram_sample_0_start, ABSOLUTE (.))
 *(.ram_sample_0 .ram_sample_0. ram_sample_0.*)
                0x0000000000009500                . = ALIGN (0x4)
                0x0000000000009500                PROVIDE (_alt_partition_ram_sample_0_end, ABSOLUTE (.))
                0x00000000000053c0                PROVIDE (_alt_partition_ram_sample_0_load_addr, LOADADDR (.ram_sample_0))

.stab
 *(.stab)

.stabstr
 *(.stabstr)

.stab.excl
 *(.stab.excl)

.stab.exclstr
 *(.stab.exclstr)

.stab.index
 *(.stab.index)

.stab.indexstr
 *(.stab.indexstr)

.comment        0x0000000000000000       0x23
 *(.comment)
 .comment       0x0000000000000000       0x23 obj/default/accelerometer.o
                                         0x24 (size before relaxing)
 .comment       0x0000000000000000       0x24 obj/default/buttons.o
 .comment       0x0000000000000000       0x24 obj/default/i2c.o
 .comment       0x0000000000000000       0x24 obj/default/laser.o
 .comment       0x0000000000000000       0x24 obj/default/leds.o
 .comment       0x0000000000000000       0x24 obj/default/main.o
 .comment       0x0000000000000000       0x24 obj/default/measurement.o
 .comment       0x0000000000000000       0x24 obj/default/sample_loader.o
 .comment       0x0000000000000000       0x24 obj/default/tdc.o
 .comment       0x0000000000000000       0x24 obj/default/test_generator.o
 .comment       0x0000000000000000       0x24 obj/default/timer.o
 .comment       0x0000000000000000       0x24 obj/default/uart.o
 .comment       0x0000000000000000       0x24 obj/default/vga.o
 .comment       0x0000000000000000       0x24 ../rangefinder_v2_bsp/\libhal_bsp.a(alt_iic.o)
 .comment       0x0000000000000000       0x24 ../rangefinder_v2_bsp/\libhal_bsp.a(alt_iic_isr_register.o)
 .comment       0x0000000000000000       0x24 ../rangefinder_v2_bsp/\libhal_bsp.a(alt_irq_handler.o)
 .comment       0x0000000000000000       0x24 ../rangefinder_v2_bsp/\libhal_bsp.a(alt_irq_vars.o)
 .comment       0x0000000000000000       0x24 ../rangefinder_v2_bsp/\libhal_bsp.a(alt_load.o)
 .comment       0x0000000000000000       0x24 ../rangefinder_v2_bsp/\libhal_bsp.a(alt_main.o)
 .comment       0x0000000000000000       0x24 ../rangefinder_v2_bsp/\libhal_bsp.a(alt_sys_init.o)
 .comment       0x0000000000000000       0x24 ../rangefinder_v2_bsp/\libhal_bsp.a(altera_avalon_timer_sc.o)
 .comment       0x0000000000000000       0x24 ../rangefinder_v2_bsp/\libhal_bsp.a(altera_avalon_uart_fd.o)
 .comment       0x0000000000000000       0x24 ../rangefinder_v2_bsp/\libhal_bsp.a(altera_avalon_uart_init.o)
 .comment       0x0000000000000000       0x24 ../rangefinder_v2_bsp/\libhal_bsp.a(altera_avalon_uart_read.o)
 .comment       0x0000000000000000       0x24 ../rangefinder_v2_bsp/\libhal_bsp.a(altera_avalon_uart_write.o)
 .comment       0x0000000000000000       0x24 ../rangefinder_v2_bsp/\libhal_bsp.a(alt_close.o)
 .comment       0x0000000000000000       0x24 ../rangefinder_v2_bsp/\libhal_bsp.a(alt_dcache_flush_all.o)
 .comment       0x0000000000000000       0x24 ../rangefinder_v2_bsp/\libhal_bsp.a(alt_dev.o)
 .comment       0x0000000000000000       0x24 ../rangefinder_v2_bsp/\libhal_bsp.a(alt_dev_llist_insert.o)
 .comment       0x0000000000000000       0x24 ../rangefinder_v2_bsp/\libhal_bsp.a(alt_do_ctors.o)
 .comment       0x0000000000000000       0x24 ../rangefinder_v2_bsp/\libhal_bsp.a(alt_do_dtors.o)
 .comment       0x0000000000000000       0x24 ../rangefinder_v2_bsp/\libhal_bsp.a(alt_errno.o)
 .comment       0x0000000000000000       0x24 ../rangefinder_v2_bsp/\libhal_bsp.a(alt_icache_flush_all.o)
 .comment       0x0000000000000000       0x24 ../rangefinder_v2_bsp/\libhal_bsp.a(alt_io_redirect.o)
 .comment       0x0000000000000000       0x24 ../rangefinder_v2_bsp/\libhal_bsp.a(alt_open.o)
 .comment       0x0000000000000000       0x24 ../rangefinder_v2_bsp/\libhal_bsp.a(alt_release_fd.o)
 .comment       0x0000000000000000       0x24 ../rangefinder_v2_bsp/\libhal_bsp.a(alt_tick.o)
 .comment       0x0000000000000000       0x24 ../rangefinder_v2_bsp/\libhal_bsp.a(altera_nios2_qsys_irq.o)
 .comment       0x0000000000000000       0x24 ../rangefinder_v2_bsp/\libhal_bsp.a(alt_find_dev.o)
 .comment       0x0000000000000000       0x24 ../rangefinder_v2_bsp/\libhal_bsp.a(alt_find_file.o)
 .comment       0x0000000000000000       0x24 ../rangefinder_v2_bsp/\libhal_bsp.a(alt_get_fd.o)
 .comment       0x0000000000000000       0x24 ../rangefinder_v2_bsp/\libhal_bsp.a(alt_icache_flush.o)
 .comment       0x0000000000000000       0x24 d:/altera/14.0/nios2eds/bin/gnu/h-x86_64-mingw32/bin/../lib/gcc/nios2-elf/4.7.3/../../../../../H-x86_64-mingw32/nios2-elf/lib\libc.a(lib_a-atexit.o)
 .comment       0x0000000000000000       0x24 d:/altera/14.0/nios2eds/bin/gnu/h-x86_64-mingw32/bin/../lib/gcc/nios2-elf/4.7.3/../../../../../H-x86_64-mingw32/nios2-elf/lib\libc.a(lib_a-exit.o)
 .comment       0x0000000000000000       0x24 d:/altera/14.0/nios2eds/bin/gnu/h-x86_64-mingw32/bin/../lib/gcc/nios2-elf/4.7.3/../../../../../H-x86_64-mingw32/nios2-elf/lib\libc.a(lib_a-impure.o)
 .comment       0x0000000000000000       0x24 d:/altera/14.0/nios2eds/bin/gnu/h-x86_64-mingw32/bin/../lib/gcc/nios2-elf/4.7.3/../../../../../H-x86_64-mingw32/nios2-elf/lib\libc.a(lib_a-int_errno.o)
 .comment       0x0000000000000000       0x24 d:/altera/14.0/nios2eds/bin/gnu/h-x86_64-mingw32/bin/../lib/gcc/nios2-elf/4.7.3/../../../../../H-x86_64-mingw32/nios2-elf/lib\libc.a(lib_a-memcmp.o)
 .comment       0x0000000000000000       0x24 d:/altera/14.0/nios2eds/bin/gnu/h-x86_64-mingw32/bin/../lib/gcc/nios2-elf/4.7.3/../../../../../H-x86_64-mingw32/nios2-elf/lib\libc.a(lib_a-strlen.o)
 .comment       0x0000000000000000       0x24 d:/altera/14.0/nios2eds/bin/gnu/h-x86_64-mingw32/bin/../lib/gcc/nios2-elf/4.7.3/../../../../../H-x86_64-mingw32/nios2-elf/lib\libc.a(lib_a-__atexit.o)
 .comment       0x0000000000000000       0x24 d:/altera/14.0/nios2eds/bin/gnu/h-x86_64-mingw32/bin/../lib/gcc/nios2-elf/4.7.3/../../../../../H-x86_64-mingw32/nios2-elf/lib\libc.a(lib_a-__call_atexit.o)
 .comment       0x0000000000000000       0x24 ../rangefinder_v2_bsp/\libhal_bsp.a(alt_exit.o)

.debug
 *(.debug)

.line
 *(.line)

.debug_srcinfo
 *(.debug_srcinfo)

.debug_sfnames
 *(.debug_sfnames)

.debug_aranges  0x0000000000000000      0x6d0
 *(.debug_aranges)
 .debug_aranges
                0x0000000000000000       0x28 ../rangefinder_v2_bsp//obj/HAL/src/crt0.o
 .debug_aranges
                0x0000000000000028       0x20 obj/default/accelerometer.o
 .debug_aranges
                0x0000000000000048       0x20 obj/default/buttons.o
 .debug_aranges
                0x0000000000000068       0x20 obj/default/i2c.o
 .debug_aranges
                0x0000000000000088       0x20 obj/default/laser.o
 .debug_aranges
                0x00000000000000a8       0x20 obj/default/leds.o
 .debug_aranges
                0x00000000000000c8       0x20 obj/default/main.o
 .debug_aranges
                0x00000000000000e8       0x20 obj/default/measurement.o
 .debug_aranges
                0x0000000000000108       0x20 obj/default/sample_loader.o
 .debug_aranges
                0x0000000000000128       0x20 obj/default/tdc.o
 .debug_aranges
                0x0000000000000148       0x20 obj/default/test_generator.o
 .debug_aranges
                0x0000000000000168       0x20 obj/default/timer.o
 .debug_aranges
                0x0000000000000188       0x20 obj/default/uart.o
 .debug_aranges
                0x00000000000001a8       0x20 obj/default/vga.o
 .debug_aranges
                0x00000000000001c8       0x20 ../rangefinder_v2_bsp/\libhal_bsp.a(alt_iic.o)
 .debug_aranges
                0x00000000000001e8       0x20 ../rangefinder_v2_bsp/\libhal_bsp.a(alt_iic_isr_register.o)
 .debug_aranges
                0x0000000000000208       0x30 ../rangefinder_v2_bsp/\libhal_bsp.a(alt_irq_entry.o)
 .debug_aranges
                0x0000000000000238       0x20 ../rangefinder_v2_bsp/\libhal_bsp.a(alt_irq_handler.o)
 .debug_aranges
                0x0000000000000258       0x18 ../rangefinder_v2_bsp/\libhal_bsp.a(alt_irq_vars.o)
 .debug_aranges
                0x0000000000000270       0x20 ../rangefinder_v2_bsp/\libhal_bsp.a(alt_load.o)
 .debug_aranges
                0x0000000000000290       0x20 ../rangefinder_v2_bsp/\libhal_bsp.a(alt_main.o)
 .debug_aranges
                0x00000000000002b0       0x20 ../rangefinder_v2_bsp/\libhal_bsp.a(alt_sys_init.o)
 .debug_aranges
                0x00000000000002d0       0x20 ../rangefinder_v2_bsp/\libhal_bsp.a(altera_avalon_timer_sc.o)
 .debug_aranges
                0x00000000000002f0       0x20 ../rangefinder_v2_bsp/\libhal_bsp.a(altera_avalon_uart_fd.o)
 .debug_aranges
                0x0000000000000310       0x20 ../rangefinder_v2_bsp/\libhal_bsp.a(altera_avalon_uart_init.o)
 .debug_aranges
                0x0000000000000330       0x20 ../rangefinder_v2_bsp/\libhal_bsp.a(altera_avalon_uart_read.o)
 .debug_aranges
                0x0000000000000350       0x20 ../rangefinder_v2_bsp/\libhal_bsp.a(altera_avalon_uart_write.o)
 .debug_aranges
                0x0000000000000370       0x20 ../rangefinder_v2_bsp/\libhal_bsp.a(alt_close.o)
 .debug_aranges
                0x0000000000000390       0x20 ../rangefinder_v2_bsp/\libhal_bsp.a(alt_dcache_flush_all.o)
 .debug_aranges
                0x00000000000003b0       0x20 ../rangefinder_v2_bsp/\libhal_bsp.a(alt_dev.o)
 .debug_aranges
                0x00000000000003d0       0x20 ../rangefinder_v2_bsp/\libhal_bsp.a(alt_dev_llist_insert.o)
 .debug_aranges
                0x00000000000003f0       0x20 ../rangefinder_v2_bsp/\libhal_bsp.a(alt_do_ctors.o)
 .debug_aranges
                0x0000000000000410       0x20 ../rangefinder_v2_bsp/\libhal_bsp.a(alt_do_dtors.o)
 .debug_aranges
                0x0000000000000430       0x18 ../rangefinder_v2_bsp/\libhal_bsp.a(alt_errno.o)
 .debug_aranges
                0x0000000000000448       0x38 ../rangefinder_v2_bsp/\libhal_bsp.a(alt_exception_entry.o)
 .debug_aranges
                0x0000000000000480       0x20 ../rangefinder_v2_bsp/\libhal_bsp.a(alt_icache_flush_all.o)
 .debug_aranges
                0x00000000000004a0       0x20 ../rangefinder_v2_bsp/\libhal_bsp.a(alt_io_redirect.o)
 .debug_aranges
                0x00000000000004c0       0x20 ../rangefinder_v2_bsp/\libhal_bsp.a(alt_open.o)
 .debug_aranges
                0x00000000000004e0       0x20 ../rangefinder_v2_bsp/\libhal_bsp.a(alt_release_fd.o)
 .debug_aranges
                0x0000000000000500       0x20 ../rangefinder_v2_bsp/\libhal_bsp.a(alt_tick.o)
 .debug_aranges
                0x0000000000000520       0x20 ../rangefinder_v2_bsp/\libhal_bsp.a(altera_nios2_qsys_irq.o)
 .debug_aranges
                0x0000000000000540       0x20 ../rangefinder_v2_bsp/\libhal_bsp.a(alt_find_dev.o)
 .debug_aranges
                0x0000000000000560       0x20 ../rangefinder_v2_bsp/\libhal_bsp.a(alt_find_file.o)
 .debug_aranges
                0x0000000000000580       0x20 ../rangefinder_v2_bsp/\libhal_bsp.a(alt_get_fd.o)
 .debug_aranges
                0x00000000000005a0       0x20 ../rangefinder_v2_bsp/\libhal_bsp.a(alt_icache_flush.o)
 .debug_aranges
                0x00000000000005c0       0x20 d:/altera/14.0/nios2eds/bin/gnu/h-x86_64-mingw32/bin/../lib/gcc/nios2-elf/4.7.3/../../../../../H-x86_64-mingw32/nios2-elf/lib\libc.a(lib_a-atexit.o)
 .debug_aranges
                0x00000000000005e0       0x20 d:/altera/14.0/nios2eds/bin/gnu/h-x86_64-mingw32/bin/../lib/gcc/nios2-elf/4.7.3/../../../../../H-x86_64-mingw32/nios2-elf/lib\libc.a(lib_a-exit.o)
 .debug_aranges
                0x0000000000000600       0x18 d:/altera/14.0/nios2eds/bin/gnu/h-x86_64-mingw32/bin/../lib/gcc/nios2-elf/4.7.3/../../../../../H-x86_64-mingw32/nios2-elf/lib\libc.a(lib_a-impure.o)
 .debug_aranges
                0x0000000000000618       0x18 d:/altera/14.0/nios2eds/bin/gnu/h-x86_64-mingw32/bin/../lib/gcc/nios2-elf/4.7.3/../../../../../H-x86_64-mingw32/nios2-elf/lib\libc.a(lib_a-int_errno.o)
 .debug_aranges
                0x0000000000000630       0x20 d:/altera/14.0/nios2eds/bin/gnu/h-x86_64-mingw32/bin/../lib/gcc/nios2-elf/4.7.3/../../../../../H-x86_64-mingw32/nios2-elf/lib\libc.a(lib_a-memcmp.o)
 .debug_aranges
                0x0000000000000650       0x20 d:/altera/14.0/nios2eds/bin/gnu/h-x86_64-mingw32/bin/../lib/gcc/nios2-elf/4.7.3/../../../../../H-x86_64-mingw32/nios2-elf/lib\libc.a(lib_a-strlen.o)
 .debug_aranges
                0x0000000000000670       0x20 d:/altera/14.0/nios2eds/bin/gnu/h-x86_64-mingw32/bin/../lib/gcc/nios2-elf/4.7.3/../../../../../H-x86_64-mingw32/nios2-elf/lib\libc.a(lib_a-__atexit.o)
 .debug_aranges
                0x0000000000000690       0x20 d:/altera/14.0/nios2eds/bin/gnu/h-x86_64-mingw32/bin/../lib/gcc/nios2-elf/4.7.3/../../../../../H-x86_64-mingw32/nios2-elf/lib\libc.a(lib_a-__call_atexit.o)
 .debug_aranges
                0x00000000000006b0       0x20 ../rangefinder_v2_bsp/\libhal_bsp.a(alt_exit.o)

.debug_pubnames
 *(.debug_pubnames)

.debug_info     0x0000000000000000     0x87e1
 *(.debug_info .gnu.linkonce.wi.*)
 .debug_info    0x0000000000000000       0x75 ../rangefinder_v2_bsp//obj/HAL/src/crt0.o
 .debug_info    0x0000000000000075      0x12f obj/default/accelerometer.o
 .debug_info    0x00000000000001a4      0x22e obj/default/buttons.o
 .debug_info    0x00000000000003d2      0x32a obj/default/i2c.o
 .debug_info    0x00000000000006fc       0xa3 obj/default/laser.o
 .debug_info    0x000000000000079f      0x16b obj/default/leds.o
 .debug_info    0x000000000000090a       0xeb obj/default/main.o
 .debug_info    0x00000000000009f5       0xb1 obj/default/measurement.o
 .debug_info    0x0000000000000aa6      0x334 obj/default/sample_loader.o
 .debug_info    0x0000000000000dda      0x1d6 obj/default/tdc.o
 .debug_info    0x0000000000000fb0      0x163 obj/default/test_generator.o
 .debug_info    0x0000000000001113      0x1e5 obj/default/timer.o
 .debug_info    0x00000000000012f8      0x152 obj/default/uart.o
 .debug_info    0x000000000000144a      0x179 obj/default/vga.o
 .debug_info    0x00000000000015c3      0x364 ../rangefinder_v2_bsp/\libhal_bsp.a(alt_iic.o)
 .debug_info    0x0000000000001927      0x1f6 ../rangefinder_v2_bsp/\libhal_bsp.a(alt_iic_isr_register.o)
 .debug_info    0x0000000000001b1d       0x7e ../rangefinder_v2_bsp/\libhal_bsp.a(alt_irq_entry.o)
 .debug_info    0x0000000000001b9b      0x190 ../rangefinder_v2_bsp/\libhal_bsp.a(alt_irq_handler.o)
 .debug_info    0x0000000000001d2b       0x8a ../rangefinder_v2_bsp/\libhal_bsp.a(alt_irq_vars.o)
 .debug_info    0x0000000000001db5      0x159 ../rangefinder_v2_bsp/\libhal_bsp.a(alt_load.o)
 .debug_info    0x0000000000001f0e      0x139 ../rangefinder_v2_bsp/\libhal_bsp.a(alt_main.o)
 .debug_info    0x0000000000002047      0x486 ../rangefinder_v2_bsp/\libhal_bsp.a(alt_sys_init.o)
 .debug_info    0x00000000000024cd      0x235 ../rangefinder_v2_bsp/\libhal_bsp.a(altera_avalon_timer_sc.o)
 .debug_info    0x0000000000002702      0x481 ../rangefinder_v2_bsp/\libhal_bsp.a(altera_avalon_uart_fd.o)
 .debug_info    0x0000000000002b83      0x356 ../rangefinder_v2_bsp/\libhal_bsp.a(altera_avalon_uart_init.o)
 .debug_info    0x0000000000002ed9      0x331 ../rangefinder_v2_bsp/\libhal_bsp.a(altera_avalon_uart_read.o)
 .debug_info    0x000000000000320a      0x336 ../rangefinder_v2_bsp/\libhal_bsp.a(altera_avalon_uart_write.o)
 .debug_info    0x0000000000003540      0x350 ../rangefinder_v2_bsp/\libhal_bsp.a(alt_close.o)
 .debug_info    0x0000000000003890       0xa3 ../rangefinder_v2_bsp/\libhal_bsp.a(alt_dcache_flush_all.o)
 .debug_info    0x0000000000003933      0x4e3 ../rangefinder_v2_bsp/\libhal_bsp.a(alt_dev.o)
 .debug_info    0x0000000000003e16      0x1b9 ../rangefinder_v2_bsp/\libhal_bsp.a(alt_dev_llist_insert.o)
 .debug_info    0x0000000000003fcf       0x8d ../rangefinder_v2_bsp/\libhal_bsp.a(alt_do_ctors.o)
 .debug_info    0x000000000000405c       0x8d ../rangefinder_v2_bsp/\libhal_bsp.a(alt_do_dtors.o)
 .debug_info    0x00000000000040e9       0xa3 ../rangefinder_v2_bsp/\libhal_bsp.a(alt_errno.o)
 .debug_info    0x000000000000418c       0x84 ../rangefinder_v2_bsp/\libhal_bsp.a(alt_exception_entry.o)
 .debug_info    0x0000000000004210       0x90 ../rangefinder_v2_bsp/\libhal_bsp.a(alt_icache_flush_all.o)
 .debug_info    0x00000000000042a0      0x4f0 ../rangefinder_v2_bsp/\libhal_bsp.a(alt_io_redirect.o)
 .debug_info    0x0000000000004790      0x3f0 ../rangefinder_v2_bsp/\libhal_bsp.a(alt_open.o)
 .debug_info    0x0000000000004b80      0x2dd ../rangefinder_v2_bsp/\libhal_bsp.a(alt_release_fd.o)
 .debug_info    0x0000000000004e5d      0x2b1 ../rangefinder_v2_bsp/\libhal_bsp.a(alt_tick.o)
 .debug_info    0x000000000000510e       0x90 ../rangefinder_v2_bsp/\libhal_bsp.a(altera_nios2_qsys_irq.o)
 .debug_info    0x000000000000519e      0x30d ../rangefinder_v2_bsp/\libhal_bsp.a(alt_find_dev.o)
 .debug_info    0x00000000000054ab      0x30c ../rangefinder_v2_bsp/\libhal_bsp.a(alt_find_file.o)
 .debug_info    0x00000000000057b7      0x339 ../rangefinder_v2_bsp/\libhal_bsp.a(alt_get_fd.o)
 .debug_info    0x0000000000005af0       0xda ../rangefinder_v2_bsp/\libhal_bsp.a(alt_icache_flush.o)
 .debug_info    0x0000000000005bca      0x1e6 d:/altera/14.0/nios2eds/bin/gnu/h-x86_64-mingw32/bin/../lib/gcc/nios2-elf/4.7.3/../../../../../H-x86_64-mingw32/nios2-elf/lib\libc.a(lib_a-atexit.o)
 .debug_info    0x0000000000005db0      0x993 d:/altera/14.0/nios2eds/bin/gnu/h-x86_64-mingw32/bin/../lib/gcc/nios2-elf/4.7.3/../../../../../H-x86_64-mingw32/nios2-elf/lib\libc.a(lib_a-exit.o)
 .debug_info    0x0000000000006743      0x938 d:/altera/14.0/nios2eds/bin/gnu/h-x86_64-mingw32/bin/../lib/gcc/nios2-elf/4.7.3/../../../../../H-x86_64-mingw32/nios2-elf/lib\libc.a(lib_a-impure.o)
 .debug_info    0x000000000000707b       0x84 d:/altera/14.0/nios2eds/bin/gnu/h-x86_64-mingw32/bin/../lib/gcc/nios2-elf/4.7.3/../../../../../H-x86_64-mingw32/nios2-elf/lib\libc.a(lib_a-int_errno.o)
 .debug_info    0x00000000000070ff      0x117 d:/altera/14.0/nios2eds/bin/gnu/h-x86_64-mingw32/bin/../lib/gcc/nios2-elf/4.7.3/../../../../../H-x86_64-mingw32/nios2-elf/lib\libc.a(lib_a-memcmp.o)
 .debug_info    0x0000000000007216       0xdf d:/altera/14.0/nios2eds/bin/gnu/h-x86_64-mingw32/bin/../lib/gcc/nios2-elf/4.7.3/../../../../../H-x86_64-mingw32/nios2-elf/lib\libc.a(lib_a-strlen.o)
 .debug_info    0x00000000000072f5      0x9f9 d:/altera/14.0/nios2eds/bin/gnu/h-x86_64-mingw32/bin/../lib/gcc/nios2-elf/4.7.3/../../../../../H-x86_64-mingw32/nios2-elf/lib\libc.a(lib_a-__atexit.o)
 .debug_info    0x0000000000007cee      0xa07 d:/altera/14.0/nios2eds/bin/gnu/h-x86_64-mingw32/bin/../lib/gcc/nios2-elf/4.7.3/../../../../../H-x86_64-mingw32/nios2-elf/lib\libc.a(lib_a-__call_atexit.o)
 .debug_info    0x00000000000086f5       0xec ../rangefinder_v2_bsp/\libhal_bsp.a(alt_exit.o)

.debug_abbrev   0x0000000000000000     0x2f9b
 *(.debug_abbrev)
 .debug_abbrev  0x0000000000000000       0x12 ../rangefinder_v2_bsp//obj/HAL/src/crt0.o
 .debug_abbrev  0x0000000000000012       0x90 obj/default/accelerometer.o
 .debug_abbrev  0x00000000000000a2       0xdf obj/default/buttons.o
 .debug_abbrev  0x0000000000000181      0x12e obj/default/i2c.o
 .debug_abbrev  0x00000000000002af       0x69 obj/default/laser.o
 .debug_abbrev  0x0000000000000318       0x7a obj/default/leds.o
 .debug_abbrev  0x0000000000000392       0xa0 obj/default/main.o
 .debug_abbrev  0x0000000000000432       0x9d obj/default/measurement.o
 .debug_abbrev  0x00000000000004cf      0x150 obj/default/sample_loader.o
 .debug_abbrev  0x000000000000061f       0x9f obj/default/tdc.o
 .debug_abbrev  0x00000000000006be       0xe9 obj/default/test_generator.o
 .debug_abbrev  0x00000000000007a7      0x10f obj/default/timer.o
 .debug_abbrev  0x00000000000008b6       0xd5 obj/default/uart.o
 .debug_abbrev  0x000000000000098b       0x9f obj/default/vga.o
 .debug_abbrev  0x0000000000000a2a      0x16a ../rangefinder_v2_bsp/\libhal_bsp.a(alt_iic.o)
 .debug_abbrev  0x0000000000000b94      0x169 ../rangefinder_v2_bsp/\libhal_bsp.a(alt_iic_isr_register.o)
 .debug_abbrev  0x0000000000000cfd       0x12 ../rangefinder_v2_bsp/\libhal_bsp.a(alt_irq_entry.o)
 .debug_abbrev  0x0000000000000d0f      0x124 ../rangefinder_v2_bsp/\libhal_bsp.a(alt_irq_handler.o)
 .debug_abbrev  0x0000000000000e33       0x40 ../rangefinder_v2_bsp/\libhal_bsp.a(alt_irq_vars.o)
 .debug_abbrev  0x0000000000000e73       0x9f ../rangefinder_v2_bsp/\libhal_bsp.a(alt_load.o)
 .debug_abbrev  0x0000000000000f12       0xba ../rangefinder_v2_bsp/\libhal_bsp.a(alt_main.o)
 .debug_abbrev  0x0000000000000fcc      0x167 ../rangefinder_v2_bsp/\libhal_bsp.a(alt_sys_init.o)
 .debug_abbrev  0x0000000000001133      0x155 ../rangefinder_v2_bsp/\libhal_bsp.a(altera_avalon_timer_sc.o)
 .debug_abbrev  0x0000000000001288      0x109 ../rangefinder_v2_bsp/\libhal_bsp.a(altera_avalon_uart_fd.o)
 .debug_abbrev  0x0000000000001391      0x178 ../rangefinder_v2_bsp/\libhal_bsp.a(altera_avalon_uart_init.o)
 .debug_abbrev  0x0000000000001509      0x183 ../rangefinder_v2_bsp/\libhal_bsp.a(altera_avalon_uart_read.o)
 .debug_abbrev  0x000000000000168c      0x18a ../rangefinder_v2_bsp/\libhal_bsp.a(altera_avalon_uart_write.o)
 .debug_abbrev  0x0000000000001816      0x11f ../rangefinder_v2_bsp/\libhal_bsp.a(alt_close.o)
 .debug_abbrev  0x0000000000001935       0x5a ../rangefinder_v2_bsp/\libhal_bsp.a(alt_dcache_flush_all.o)
 .debug_abbrev  0x000000000000198f       0xd9 ../rangefinder_v2_bsp/\libhal_bsp.a(alt_dev.o)
 .debug_abbrev  0x0000000000001a68      0x114 ../rangefinder_v2_bsp/\libhal_bsp.a(alt_dev_llist_insert.o)
 .debug_abbrev  0x0000000000001b7c       0x79 ../rangefinder_v2_bsp/\libhal_bsp.a(alt_do_ctors.o)
 .debug_abbrev  0x0000000000001bf5       0x79 ../rangefinder_v2_bsp/\libhal_bsp.a(alt_do_dtors.o)
 .debug_abbrev  0x0000000000001c6e       0x5a ../rangefinder_v2_bsp/\libhal_bsp.a(alt_errno.o)
 .debug_abbrev  0x0000000000001cc8       0x12 ../rangefinder_v2_bsp/\libhal_bsp.a(alt_exception_entry.o)
 .debug_abbrev  0x0000000000001cda       0x42 ../rangefinder_v2_bsp/\libhal_bsp.a(alt_icache_flush_all.o)
 .debug_abbrev  0x0000000000001d1c      0x114 ../rangefinder_v2_bsp/\libhal_bsp.a(alt_io_redirect.o)
 .debug_abbrev  0x0000000000001e30      0x148 ../rangefinder_v2_bsp/\libhal_bsp.a(alt_open.o)
 .debug_abbrev  0x0000000000001f78       0xde ../rangefinder_v2_bsp/\libhal_bsp.a(alt_release_fd.o)
 .debug_abbrev  0x0000000000002056      0x15a ../rangefinder_v2_bsp/\libhal_bsp.a(alt_tick.o)
 .debug_abbrev  0x00000000000021b0       0x42 ../rangefinder_v2_bsp/\libhal_bsp.a(altera_nios2_qsys_irq.o)
 .debug_abbrev  0x00000000000021f2       0xf0 ../rangefinder_v2_bsp/\libhal_bsp.a(alt_find_dev.o)
 .debug_abbrev  0x00000000000022e2       0xf0 ../rangefinder_v2_bsp/\libhal_bsp.a(alt_find_file.o)
 .debug_abbrev  0x00000000000023d2      0x10d ../rangefinder_v2_bsp/\libhal_bsp.a(alt_get_fd.o)
 .debug_abbrev  0x00000000000024df       0x8c ../rangefinder_v2_bsp/\libhal_bsp.a(alt_icache_flush.o)
 .debug_abbrev  0x000000000000256b      0x106 d:/altera/14.0/nios2eds/bin/gnu/h-x86_64-mingw32/bin/../lib/gcc/nios2-elf/4.7.3/../../../../../H-x86_64-mingw32/nios2-elf/lib\libc.a(lib_a-atexit.o)
 .debug_abbrev  0x0000000000002671      0x1c8 d:/altera/14.0/nios2eds/bin/gnu/h-x86_64-mingw32/bin/../lib/gcc/nios2-elf/4.7.3/../../../../../H-x86_64-mingw32/nios2-elf/lib\libc.a(lib_a-exit.o)
 .debug_abbrev  0x0000000000002839      0x162 d:/altera/14.0/nios2eds/bin/gnu/h-x86_64-mingw32/bin/../lib/gcc/nios2-elf/4.7.3/../../../../../H-x86_64-mingw32/nios2-elf/lib\libc.a(lib_a-impure.o)
 .debug_abbrev  0x000000000000299b       0x37 d:/altera/14.0/nios2eds/bin/gnu/h-x86_64-mingw32/bin/../lib/gcc/nios2-elf/4.7.3/../../../../../H-x86_64-mingw32/nios2-elf/lib\libc.a(lib_a-int_errno.o)
 .debug_abbrev  0x00000000000029d2       0x7f d:/altera/14.0/nios2eds/bin/gnu/h-x86_64-mingw32/bin/../lib/gcc/nios2-elf/4.7.3/../../../../../H-x86_64-mingw32/nios2-elf/lib\libc.a(lib_a-memcmp.o)
 .debug_abbrev  0x0000000000002a51       0x90 d:/altera/14.0/nios2eds/bin/gnu/h-x86_64-mingw32/bin/../lib/gcc/nios2-elf/4.7.3/../../../../../H-x86_64-mingw32/nios2-elf/lib\libc.a(lib_a-strlen.o)
 .debug_abbrev  0x0000000000002ae1      0x211 d:/altera/14.0/nios2eds/bin/gnu/h-x86_64-mingw32/bin/../lib/gcc/nios2-elf/4.7.3/../../../../../H-x86_64-mingw32/nios2-elf/lib\libc.a(lib_a-__atexit.o)
 .debug_abbrev  0x0000000000002cf2      0x203 d:/altera/14.0/nios2eds/bin/gnu/h-x86_64-mingw32/bin/../lib/gcc/nios2-elf/4.7.3/../../../../../H-x86_64-mingw32/nios2-elf/lib\libc.a(lib_a-__call_atexit.o)
 .debug_abbrev  0x0000000000002ef5       0xa6 ../rangefinder_v2_bsp/\libhal_bsp.a(alt_exit.o)

.debug_line     0x0000000000000000     0x3034
 *(.debug_line)
 .debug_line    0x0000000000000000       0x72 ../rangefinder_v2_bsp//obj/HAL/src/crt0.o
 .debug_line    0x0000000000000072       0x63 obj/default/accelerometer.o
 .debug_line    0x00000000000000d5       0xe1 obj/default/buttons.o
 .debug_line    0x00000000000001b6      0x1df obj/default/i2c.o
 .debug_line    0x0000000000000395       0x6e obj/default/laser.o
 .debug_line    0x0000000000000403       0xb8 obj/default/leds.o
 .debug_line    0x00000000000004bb       0x5c obj/default/main.o
 .debug_line    0x0000000000000517       0x63 obj/default/measurement.o
 .debug_line    0x000000000000057a      0x111 obj/default/sample_loader.o
 .debug_line    0x000000000000068b       0xbf obj/default/tdc.o
 .debug_line    0x000000000000074a       0xb7 obj/default/test_generator.o
 .debug_line    0x0000000000000801       0x90 obj/default/timer.o
 .debug_line    0x0000000000000891       0x8e obj/default/uart.o
 .debug_line    0x000000000000091f       0x89 obj/default/vga.o
 .debug_line    0x00000000000009a8       0xed ../rangefinder_v2_bsp/\libhal_bsp.a(alt_iic.o)
 .debug_line    0x0000000000000a95       0xdb ../rangefinder_v2_bsp/\libhal_bsp.a(alt_iic_isr_register.o)
 .debug_line    0x0000000000000b70       0x6b ../rangefinder_v2_bsp/\libhal_bsp.a(alt_irq_entry.o)
 .debug_line    0x0000000000000bdb       0xae ../rangefinder_v2_bsp/\libhal_bsp.a(alt_irq_handler.o)
 .debug_line    0x0000000000000c89       0x50 ../rangefinder_v2_bsp/\libhal_bsp.a(alt_irq_vars.o)
 .debug_line    0x0000000000000cd9       0x92 ../rangefinder_v2_bsp/\libhal_bsp.a(alt_load.o)
 .debug_line    0x0000000000000d6b       0xa4 ../rangefinder_v2_bsp/\libhal_bsp.a(alt_main.o)
 .debug_line    0x0000000000000e0f      0x12b ../rangefinder_v2_bsp/\libhal_bsp.a(alt_sys_init.o)
 .debug_line    0x0000000000000f3a       0xfd ../rangefinder_v2_bsp/\libhal_bsp.a(altera_avalon_timer_sc.o)
 .debug_line    0x0000000000001037       0xf0 ../rangefinder_v2_bsp/\libhal_bsp.a(altera_avalon_uart_fd.o)
 .debug_line    0x0000000000001127      0x182 ../rangefinder_v2_bsp/\libhal_bsp.a(altera_avalon_uart_init.o)
 .debug_line    0x00000000000012a9      0x183 ../rangefinder_v2_bsp/\libhal_bsp.a(altera_avalon_uart_read.o)
 .debug_line    0x000000000000142c      0x166 ../rangefinder_v2_bsp/\libhal_bsp.a(altera_avalon_uart_write.o)
 .debug_line    0x0000000000001592      0x188 ../rangefinder_v2_bsp/\libhal_bsp.a(alt_close.o)
 .debug_line    0x000000000000171a       0x61 ../rangefinder_v2_bsp/\libhal_bsp.a(alt_dcache_flush_all.o)
 .debug_line    0x000000000000177b      0x11b ../rangefinder_v2_bsp/\libhal_bsp.a(alt_dev.o)
 .debug_line    0x0000000000001896       0xd0 ../rangefinder_v2_bsp/\libhal_bsp.a(alt_dev_llist_insert.o)
 .debug_line    0x0000000000001966       0x59 ../rangefinder_v2_bsp/\libhal_bsp.a(alt_do_ctors.o)
 .debug_line    0x00000000000019bf       0x59 ../rangefinder_v2_bsp/\libhal_bsp.a(alt_do_dtors.o)
 .debug_line    0x0000000000001a18       0x51 ../rangefinder_v2_bsp/\libhal_bsp.a(alt_errno.o)
 .debug_line    0x0000000000001a69       0xab ../rangefinder_v2_bsp/\libhal_bsp.a(alt_exception_entry.o)
 .debug_line    0x0000000000001b14       0x50 ../rangefinder_v2_bsp/\libhal_bsp.a(alt_icache_flush_all.o)
 .debug_line    0x0000000000001b64      0x156 ../rangefinder_v2_bsp/\libhal_bsp.a(alt_io_redirect.o)
 .debug_line    0x0000000000001cba      0x125 ../rangefinder_v2_bsp/\libhal_bsp.a(alt_open.o)
 .debug_line    0x0000000000001ddf       0xae ../rangefinder_v2_bsp/\libhal_bsp.a(alt_release_fd.o)
 .debug_line    0x0000000000001e8d      0x102 ../rangefinder_v2_bsp/\libhal_bsp.a(alt_tick.o)
 .debug_line    0x0000000000001f8f       0x51 ../rangefinder_v2_bsp/\libhal_bsp.a(altera_nios2_qsys_irq.o)
 .debug_line    0x0000000000001fe0       0xb9 ../rangefinder_v2_bsp/\libhal_bsp.a(alt_find_dev.o)
 .debug_line    0x0000000000002099       0xd5 ../rangefinder_v2_bsp/\libhal_bsp.a(alt_find_file.o)
 .debug_line    0x000000000000216e       0xd1 ../rangefinder_v2_bsp/\libhal_bsp.a(alt_get_fd.o)
 .debug_line    0x000000000000223f       0x81 ../rangefinder_v2_bsp/\libhal_bsp.a(alt_icache_flush.o)
 .debug_line    0x00000000000022c0      0x169 d:/altera/14.0/nios2eds/bin/gnu/h-x86_64-mingw32/bin/../lib/gcc/nios2-elf/4.7.3/../../../../../H-x86_64-mingw32/nios2-elf/lib\libc.a(lib_a-atexit.o)
 .debug_line    0x0000000000002429      0x215 d:/altera/14.0/nios2eds/bin/gnu/h-x86_64-mingw32/bin/../lib/gcc/nios2-elf/4.7.3/../../../../../H-x86_64-mingw32/nios2-elf/lib\libc.a(lib_a-exit.o)
 .debug_line    0x000000000000263e      0x171 d:/altera/14.0/nios2eds/bin/gnu/h-x86_64-mingw32/bin/../lib/gcc/nios2-elf/4.7.3/../../../../../H-x86_64-mingw32/nios2-elf/lib\libc.a(lib_a-impure.o)
 .debug_line    0x00000000000027af       0x5d d:/altera/14.0/nios2eds/bin/gnu/h-x86_64-mingw32/bin/../lib/gcc/nios2-elf/4.7.3/../../../../../H-x86_64-mingw32/nios2-elf/lib\libc.a(lib_a-int_errno.o)
 .debug_line    0x000000000000280c      0x18b d:/altera/14.0/nios2eds/bin/gnu/h-x86_64-mingw32/bin/../lib/gcc/nios2-elf/4.7.3/../../../../../H-x86_64-mingw32/nios2-elf/lib\libc.a(lib_a-memcmp.o)
 .debug_line    0x0000000000002997      0x180 d:/altera/14.0/nios2eds/bin/gnu/h-x86_64-mingw32/bin/../lib/gcc/nios2-elf/4.7.3/../../../../../H-x86_64-mingw32/nios2-elf/lib\libc.a(lib_a-strlen.o)
 .debug_line    0x0000000000002b17      0x24c d:/altera/14.0/nios2eds/bin/gnu/h-x86_64-mingw32/bin/../lib/gcc/nios2-elf/4.7.3/../../../../../H-x86_64-mingw32/nios2-elf/lib\libc.a(lib_a-__atexit.o)
 .debug_line    0x0000000000002d63      0x260 d:/altera/14.0/nios2eds/bin/gnu/h-x86_64-mingw32/bin/../lib/gcc/nios2-elf/4.7.3/../../../../../H-x86_64-mingw32/nios2-elf/lib\libc.a(lib_a-__call_atexit.o)
 .debug_line    0x0000000000002fc3       0x71 ../rangefinder_v2_bsp/\libhal_bsp.a(alt_exit.o)

.debug_frame    0x0000000000000000      0xf50
 *(.debug_frame)
 .debug_frame   0x0000000000000000       0x9c obj/default/accelerometer.o
 .debug_frame   0x000000000000009c       0x64 obj/default/buttons.o
 .debug_frame   0x0000000000000100      0x198 obj/default/i2c.o
 .debug_frame   0x0000000000000298       0x48 obj/default/laser.o
 .debug_frame   0x00000000000002e0       0x64 obj/default/leds.o
 .debug_frame   0x0000000000000344       0x64 obj/default/main.o
 .debug_frame   0x00000000000003a8       0x48 obj/default/measurement.o
 .debug_frame   0x00000000000003f0       0xd8 obj/default/sample_loader.o
 .debug_frame   0x00000000000004c8       0x80 obj/default/tdc.o
 .debug_frame   0x0000000000000548       0x48 obj/default/test_generator.o
 .debug_frame   0x0000000000000590       0xf0 obj/default/timer.o
 .debug_frame   0x0000000000000680       0x80 obj/default/uart.o
 .debug_frame   0x0000000000000700       0x48 obj/default/vga.o
 .debug_frame   0x0000000000000748       0x80 ../rangefinder_v2_bsp/\libhal_bsp.a(alt_iic.o)
 .debug_frame   0x00000000000007c8       0x2c ../rangefinder_v2_bsp/\libhal_bsp.a(alt_iic_isr_register.o)
 .debug_frame   0x00000000000007f4       0x2c ../rangefinder_v2_bsp/\libhal_bsp.a(alt_irq_handler.o)
 .debug_frame   0x0000000000000820       0x48 ../rangefinder_v2_bsp/\libhal_bsp.a(alt_load.o)
 .debug_frame   0x0000000000000868       0x2c ../rangefinder_v2_bsp/\libhal_bsp.a(alt_main.o)
 .debug_frame   0x0000000000000894       0x64 ../rangefinder_v2_bsp/\libhal_bsp.a(alt_sys_init.o)
 .debug_frame   0x00000000000008f8       0x48 ../rangefinder_v2_bsp/\libhal_bsp.a(altera_avalon_timer_sc.o)
 .debug_frame   0x0000000000000940       0x64 ../rangefinder_v2_bsp/\libhal_bsp.a(altera_avalon_uart_fd.o)
 .debug_frame   0x00000000000009a4       0x9c ../rangefinder_v2_bsp/\libhal_bsp.a(altera_avalon_uart_init.o)
 .debug_frame   0x0000000000000a40       0x48 ../rangefinder_v2_bsp/\libhal_bsp.a(altera_avalon_uart_read.o)
 .debug_frame   0x0000000000000a88       0x48 ../rangefinder_v2_bsp/\libhal_bsp.a(altera_avalon_uart_write.o)
 .debug_frame   0x0000000000000ad0       0x48 ../rangefinder_v2_bsp/\libhal_bsp.a(alt_close.o)
 .debug_frame   0x0000000000000b18       0x2c ../rangefinder_v2_bsp/\libhal_bsp.a(alt_dcache_flush_all.o)
 .debug_frame   0x0000000000000b44       0x2c ../rangefinder_v2_bsp/\libhal_bsp.a(alt_dev.o)
 .debug_frame   0x0000000000000b70       0x48 ../rangefinder_v2_bsp/\libhal_bsp.a(alt_dev_llist_insert.o)
 .debug_frame   0x0000000000000bb8       0x2c ../rangefinder_v2_bsp/\libhal_bsp.a(alt_do_ctors.o)
 .debug_frame   0x0000000000000be4       0x2c ../rangefinder_v2_bsp/\libhal_bsp.a(alt_do_dtors.o)
 .debug_frame   0x0000000000000c10       0x2c ../rangefinder_v2_bsp/\libhal_bsp.a(alt_icache_flush_all.o)
 .debug_frame   0x0000000000000c3c       0x48 ../rangefinder_v2_bsp/\libhal_bsp.a(alt_io_redirect.o)
 .debug_frame   0x0000000000000c84       0x64 ../rangefinder_v2_bsp/\libhal_bsp.a(alt_open.o)
 .debug_frame   0x0000000000000ce8       0x2c ../rangefinder_v2_bsp/\libhal_bsp.a(alt_release_fd.o)
 .debug_frame   0x0000000000000d14       0x48 ../rangefinder_v2_bsp/\libhal_bsp.a(alt_tick.o)
 .debug_frame   0x0000000000000d5c       0x2c ../rangefinder_v2_bsp/\libhal_bsp.a(altera_nios2_qsys_irq.o)
 .debug_frame   0x0000000000000d88       0x2c ../rangefinder_v2_bsp/\libhal_bsp.a(alt_find_dev.o)
 .debug_frame   0x0000000000000db4       0x2c ../rangefinder_v2_bsp/\libhal_bsp.a(alt_find_file.o)
 .debug_frame   0x0000000000000de0       0x2c ../rangefinder_v2_bsp/\libhal_bsp.a(alt_get_fd.o)
 .debug_frame   0x0000000000000e0c       0x2c ../rangefinder_v2_bsp/\libhal_bsp.a(alt_icache_flush.o)
 .debug_frame   0x0000000000000e38       0x20 d:/altera/14.0/nios2eds/bin/gnu/h-x86_64-mingw32/bin/../lib/gcc/nios2-elf/4.7.3/../../../../../H-x86_64-mingw32/nios2-elf/lib\libc.a(lib_a-atexit.o)
 .debug_frame   0x0000000000000e58       0x28 d:/altera/14.0/nios2eds/bin/gnu/h-x86_64-mingw32/bin/../lib/gcc/nios2-elf/4.7.3/../../../../../H-x86_64-mingw32/nios2-elf/lib\libc.a(lib_a-exit.o)
 .debug_frame   0x0000000000000e80       0x20 d:/altera/14.0/nios2eds/bin/gnu/h-x86_64-mingw32/bin/../lib/gcc/nios2-elf/4.7.3/../../../../../H-x86_64-mingw32/nios2-elf/lib\libc.a(lib_a-memcmp.o)
 .debug_frame   0x0000000000000ea0       0x20 d:/altera/14.0/nios2eds/bin/gnu/h-x86_64-mingw32/bin/../lib/gcc/nios2-elf/4.7.3/../../../../../H-x86_64-mingw32/nios2-elf/lib\libc.a(lib_a-strlen.o)
 .debug_frame   0x0000000000000ec0       0x2c d:/altera/14.0/nios2eds/bin/gnu/h-x86_64-mingw32/bin/../lib/gcc/nios2-elf/4.7.3/../../../../../H-x86_64-mingw32/nios2-elf/lib\libc.a(lib_a-__atexit.o)
 .debug_frame   0x0000000000000eec       0x38 d:/altera/14.0/nios2eds/bin/gnu/h-x86_64-mingw32/bin/../lib/gcc/nios2-elf/4.7.3/../../../../../H-x86_64-mingw32/nios2-elf/lib\libc.a(lib_a-__call_atexit.o)
 .debug_frame   0x0000000000000f24       0x2c ../rangefinder_v2_bsp/\libhal_bsp.a(alt_exit.o)

.debug_str      0x0000000000000000     0x1bae
 *(.debug_str)
 .debug_str     0x0000000000000000       0xf6 obj/default/accelerometer.o
 .debug_str     0x00000000000000f6      0x1a6 obj/default/buttons.o
                                        0x24a (size before relaxing)
 .debug_str     0x000000000000029c       0xcb obj/default/i2c.o
                                        0x1d5 (size before relaxing)
 .debug_str     0x0000000000000367       0x29 obj/default/laser.o
                                         0xf0 (size before relaxing)
 .debug_str     0x0000000000000390       0x8a obj/default/leds.o
                                        0x159 (size before relaxing)
 .debug_str     0x000000000000041a       0x12 obj/default/main.o
                                        0x105 (size before relaxing)
 .debug_str     0x000000000000042c       0x41 obj/default/measurement.o
                                         0xb0 (size before relaxing)
 .debug_str     0x000000000000046d      0x156 obj/default/sample_loader.o
                                        0x254 (size before relaxing)
 .debug_str     0x00000000000005c3       0x86 obj/default/tdc.o
                                        0x16d (size before relaxing)
 .debug_str     0x0000000000000649       0x66 obj/default/test_generator.o
                                        0x166 (size before relaxing)
 .debug_str     0x00000000000006af       0xdc obj/default/timer.o
                                        0x1e1 (size before relaxing)
 .debug_str     0x000000000000078b       0x29 obj/default/uart.o
                                        0x10b (size before relaxing)
 .debug_str     0x00000000000007b4       0xa7 obj/default/vga.o
                                        0x1aa (size before relaxing)
 .debug_str     0x000000000000085b      0x129 ../rangefinder_v2_bsp/\libhal_bsp.a(alt_iic.o)
                                        0x1fc (size before relaxing)
 .debug_str     0x0000000000000984       0x4c ../rangefinder_v2_bsp/\libhal_bsp.a(alt_iic_isr_register.o)
                                        0x1a6 (size before relaxing)
 .debug_str     0x00000000000009d0       0x3a ../rangefinder_v2_bsp/\libhal_bsp.a(alt_irq_handler.o)
                                        0x155 (size before relaxing)
 .debug_str     0x0000000000000a0a       0x17 ../rangefinder_v2_bsp/\libhal_bsp.a(alt_irq_vars.o)
                                        0x104 (size before relaxing)
 .debug_str     0x0000000000000a21       0xe9 ../rangefinder_v2_bsp/\libhal_bsp.a(alt_load.o)
                                        0x1d0 (size before relaxing)
 .debug_str     0x0000000000000b0a       0x70 ../rangefinder_v2_bsp/\libhal_bsp.a(alt_main.o)
                                        0x15b (size before relaxing)
 .debug_str     0x0000000000000b7a      0x17f ../rangefinder_v2_bsp/\libhal_bsp.a(alt_sys_init.o)
                                        0x2d0 (size before relaxing)
 .debug_str     0x0000000000000cf9       0x9a ../rangefinder_v2_bsp/\libhal_bsp.a(altera_avalon_timer_sc.o)
                                        0x209 (size before relaxing)
 .debug_str     0x0000000000000d93       0x7d ../rangefinder_v2_bsp/\libhal_bsp.a(altera_avalon_uart_fd.o)
                                        0x2b3 (size before relaxing)
 .debug_str     0x0000000000000e10       0xaa ../rangefinder_v2_bsp/\libhal_bsp.a(altera_avalon_uart_init.o)
                                        0x275 (size before relaxing)
 .debug_str     0x0000000000000eba       0x5d ../rangefinder_v2_bsp/\libhal_bsp.a(altera_avalon_uart_read.o)
                                        0x256 (size before relaxing)
 .debug_str     0x0000000000000f17       0x49 ../rangefinder_v2_bsp/\libhal_bsp.a(altera_avalon_uart_write.o)
                                        0x24a (size before relaxing)
 .debug_str     0x0000000000000f60       0x2c ../rangefinder_v2_bsp/\libhal_bsp.a(alt_close.o)
                                        0x1c9 (size before relaxing)
 .debug_str     0x0000000000000f8c       0x34 ../rangefinder_v2_bsp/\libhal_bsp.a(alt_dcache_flush_all.o)
                                        0x113 (size before relaxing)
 .debug_str     0x0000000000000fc0      0x120 ../rangefinder_v2_bsp/\libhal_bsp.a(alt_dev.o)
                                        0x2c3 (size before relaxing)
 .debug_str     0x00000000000010e0       0x4b ../rangefinder_v2_bsp/\libhal_bsp.a(alt_dev_llist_insert.o)
                                        0x18a (size before relaxing)
 .debug_str     0x000000000000112b       0x48 ../rangefinder_v2_bsp/\libhal_bsp.a(alt_do_ctors.o)
                                         0x9a (size before relaxing)
 .debug_str     0x0000000000001173       0x4c ../rangefinder_v2_bsp/\libhal_bsp.a(alt_do_dtors.o)
                                         0x99 (size before relaxing)
 .debug_str     0x00000000000011bf       0x14 ../rangefinder_v2_bsp/\libhal_bsp.a(alt_errno.o)
                                        0x103 (size before relaxing)
 .debug_str     0x00000000000011d3       0x34 ../rangefinder_v2_bsp/\libhal_bsp.a(alt_icache_flush_all.o)
                                        0x113 (size before relaxing)
 .debug_str     0x0000000000001207       0x56 ../rangefinder_v2_bsp/\libhal_bsp.a(alt_io_redirect.o)
                                        0x2d4 (size before relaxing)
 .debug_str     0x000000000000125d       0x2f ../rangefinder_v2_bsp/\libhal_bsp.a(alt_open.o)
                                        0x209 (size before relaxing)
 .debug_str     0x000000000000128c       0x28 ../rangefinder_v2_bsp/\libhal_bsp.a(alt_release_fd.o)
                                        0x19d (size before relaxing)
 .debug_str     0x00000000000012b4       0x78 ../rangefinder_v2_bsp/\libhal_bsp.a(alt_tick.o)
                                        0x210 (size before relaxing)
 .debug_str     0x000000000000132c       0x3b ../rangefinder_v2_bsp/\libhal_bsp.a(altera_nios2_qsys_irq.o)
                                        0x11a (size before relaxing)
 .debug_str     0x0000000000001367       0x24 ../rangefinder_v2_bsp/\libhal_bsp.a(alt_find_dev.o)
                                        0x1aa (size before relaxing)
 .debug_str     0x000000000000138b       0x26 ../rangefinder_v2_bsp/\libhal_bsp.a(alt_find_file.o)
                                        0x1b8 (size before relaxing)
 .debug_str     0x00000000000013b1       0x30 ../rangefinder_v2_bsp/\libhal_bsp.a(alt_get_fd.o)
                                        0x1da (size before relaxing)
 .debug_str     0x00000000000013e1       0x2c ../rangefinder_v2_bsp/\libhal_bsp.a(alt_icache_flush.o)
                                        0x119 (size before relaxing)
 .debug_str     0x000000000000140d      0x15a d:/altera/14.0/nios2eds/bin/gnu/h-x86_64-mingw32/bin/../lib/gcc/nios2-elf/4.7.3/../../../../../H-x86_64-mingw32/nios2-elf/lib\libc.a(lib_a-atexit.o)
                                        0x20d (size before relaxing)
 .debug_str     0x0000000000001567      0x34b d:/altera/14.0/nios2eds/bin/gnu/h-x86_64-mingw32/bin/../lib/gcc/nios2-elf/4.7.3/../../../../../H-x86_64-mingw32/nios2-elf/lib\libc.a(lib_a-exit.o)
                                        0x52d (size before relaxing)
 .debug_str     0x00000000000018b2       0xd2 d:/altera/14.0/nios2eds/bin/gnu/h-x86_64-mingw32/bin/../lib/gcc/nios2-elf/4.7.3/../../../../../H-x86_64-mingw32/nios2-elf/lib\libc.a(lib_a-impure.o)
                                        0x524 (size before relaxing)
 .debug_str     0x0000000000001984       0x3d d:/altera/14.0/nios2eds/bin/gnu/h-x86_64-mingw32/bin/../lib/gcc/nios2-elf/4.7.3/../../../../../H-x86_64-mingw32/nios2-elf/lib\libc.a(lib_a-int_errno.o)
                                        0x16d (size before relaxing)
 .debug_str     0x00000000000019c1       0xd6 d:/altera/14.0/nios2eds/bin/gnu/h-x86_64-mingw32/bin/../lib/gcc/nios2-elf/4.7.3/../../../../../H-x86_64-mingw32/nios2-elf/lib\libc.a(lib_a-memcmp.o)
                                        0x174 (size before relaxing)
 .debug_str     0x0000000000001a97       0x4f d:/altera/14.0/nios2eds/bin/gnu/h-x86_64-mingw32/bin/../lib/gcc/nios2-elf/4.7.3/../../../../../H-x86_64-mingw32/nios2-elf/lib\libc.a(lib_a-strlen.o)
                                        0x187 (size before relaxing)
 .debug_str     0x0000000000001ae6       0x3d d:/altera/14.0/nios2eds/bin/gnu/h-x86_64-mingw32/bin/../lib/gcc/nios2-elf/4.7.3/../../../../../H-x86_64-mingw32/nios2-elf/lib\libc.a(lib_a-__atexit.o)
                                        0x571 (size before relaxing)
 .debug_str     0x0000000000001b23       0x61 d:/altera/14.0/nios2eds/bin/gnu/h-x86_64-mingw32/bin/../lib/gcc/nios2-elf/4.7.3/../../../../../H-x86_64-mingw32/nios2-elf/lib\libc.a(lib_a-__call_atexit.o)
                                        0x54f (size before relaxing)
 .debug_str     0x0000000000001b84       0x2a ../rangefinder_v2_bsp/\libhal_bsp.a(alt_exit.o)
                                        0x10f (size before relaxing)

.debug_loc      0x0000000000000000     0x17c5
 *(.debug_loc)
 .debug_loc     0x0000000000000000       0xdc obj/default/accelerometer.o
 .debug_loc     0x00000000000000dc       0x84 obj/default/buttons.o
 .debug_loc     0x0000000000000160      0x268 obj/default/i2c.o
 .debug_loc     0x00000000000003c8       0x58 obj/default/laser.o
 .debug_loc     0x0000000000000420       0x84 obj/default/leds.o
 .debug_loc     0x00000000000004a4       0x84 obj/default/main.o
 .debug_loc     0x0000000000000528       0x58 obj/default/measurement.o
 .debug_loc     0x0000000000000580      0x134 obj/default/sample_loader.o
 .debug_loc     0x00000000000006b4       0xb1 obj/default/tdc.o
 .debug_loc     0x0000000000000765       0x58 obj/default/test_generator.o
 .debug_loc     0x00000000000007bd      0x160 obj/default/timer.o
 .debug_loc     0x000000000000091d       0xb0 obj/default/uart.o
 .debug_loc     0x00000000000009cd       0x58 obj/default/vga.o
 .debug_loc     0x0000000000000a25       0xb0 ../rangefinder_v2_bsp/\libhal_bsp.a(alt_iic.o)
 .debug_loc     0x0000000000000ad5       0x2c ../rangefinder_v2_bsp/\libhal_bsp.a(alt_iic_isr_register.o)
 .debug_loc     0x0000000000000b01       0x2c ../rangefinder_v2_bsp/\libhal_bsp.a(alt_irq_handler.o)
 .debug_loc     0x0000000000000b2d       0x58 ../rangefinder_v2_bsp/\libhal_bsp.a(alt_load.o)
 .debug_loc     0x0000000000000b85       0x2c ../rangefinder_v2_bsp/\libhal_bsp.a(alt_main.o)
 .debug_loc     0x0000000000000bb1       0x84 ../rangefinder_v2_bsp/\libhal_bsp.a(alt_sys_init.o)
 .debug_loc     0x0000000000000c35       0x58 ../rangefinder_v2_bsp/\libhal_bsp.a(altera_avalon_timer_sc.o)
 .debug_loc     0x0000000000000c8d       0x84 ../rangefinder_v2_bsp/\libhal_bsp.a(altera_avalon_uart_fd.o)
 .debug_loc     0x0000000000000d11       0xdc ../rangefinder_v2_bsp/\libhal_bsp.a(altera_avalon_uart_init.o)
 .debug_loc     0x0000000000000ded       0x58 ../rangefinder_v2_bsp/\libhal_bsp.a(altera_avalon_uart_read.o)
 .debug_loc     0x0000000000000e45       0x58 ../rangefinder_v2_bsp/\libhal_bsp.a(altera_avalon_uart_write.o)
 .debug_loc     0x0000000000000e9d       0x58 ../rangefinder_v2_bsp/\libhal_bsp.a(alt_close.o)
 .debug_loc     0x0000000000000ef5       0x2c ../rangefinder_v2_bsp/\libhal_bsp.a(alt_dcache_flush_all.o)
 .debug_loc     0x0000000000000f21       0x2c ../rangefinder_v2_bsp/\libhal_bsp.a(alt_dev.o)
 .debug_loc     0x0000000000000f4d       0x58 ../rangefinder_v2_bsp/\libhal_bsp.a(alt_dev_llist_insert.o)
 .debug_loc     0x0000000000000fa5       0x2c ../rangefinder_v2_bsp/\libhal_bsp.a(alt_do_ctors.o)
 .debug_loc     0x0000000000000fd1       0x2c ../rangefinder_v2_bsp/\libhal_bsp.a(alt_do_dtors.o)
 .debug_loc     0x0000000000000ffd       0x2c ../rangefinder_v2_bsp/\libhal_bsp.a(alt_icache_flush_all.o)
 .debug_loc     0x0000000000001029       0x58 ../rangefinder_v2_bsp/\libhal_bsp.a(alt_io_redirect.o)
 .debug_loc     0x0000000000001081       0x84 ../rangefinder_v2_bsp/\libhal_bsp.a(alt_open.o)
 .debug_loc     0x0000000000001105       0x2c ../rangefinder_v2_bsp/\libhal_bsp.a(alt_release_fd.o)
 .debug_loc     0x0000000000001131       0x58 ../rangefinder_v2_bsp/\libhal_bsp.a(alt_tick.o)
 .debug_loc     0x0000000000001189       0x2c ../rangefinder_v2_bsp/\libhal_bsp.a(altera_nios2_qsys_irq.o)
 .debug_loc     0x00000000000011b5       0x2c ../rangefinder_v2_bsp/\libhal_bsp.a(alt_find_dev.o)
 .debug_loc     0x00000000000011e1       0x2c ../rangefinder_v2_bsp/\libhal_bsp.a(alt_find_file.o)
 .debug_loc     0x000000000000120d       0x2c ../rangefinder_v2_bsp/\libhal_bsp.a(alt_get_fd.o)
 .debug_loc     0x0000000000001239       0x2c ../rangefinder_v2_bsp/\libhal_bsp.a(alt_icache_flush.o)
 .debug_loc     0x0000000000001265       0x2c d:/altera/14.0/nios2eds/bin/gnu/h-x86_64-mingw32/bin/../lib/gcc/nios2-elf/4.7.3/../../../../../H-x86_64-mingw32/nios2-elf/lib\libc.a(lib_a-atexit.o)
 .debug_loc     0x0000000000001291       0x3e d:/altera/14.0/nios2eds/bin/gnu/h-x86_64-mingw32/bin/../lib/gcc/nios2-elf/4.7.3/../../../../../H-x86_64-mingw32/nios2-elf/lib\libc.a(lib_a-exit.o)
 .debug_loc     0x00000000000012cf      0x103 d:/altera/14.0/nios2eds/bin/gnu/h-x86_64-mingw32/bin/../lib/gcc/nios2-elf/4.7.3/../../../../../H-x86_64-mingw32/nios2-elf/lib\libc.a(lib_a-memcmp.o)
 .debug_loc     0x00000000000013d2       0x52 d:/altera/14.0/nios2eds/bin/gnu/h-x86_64-mingw32/bin/../lib/gcc/nios2-elf/4.7.3/../../../../../H-x86_64-mingw32/nios2-elf/lib\libc.a(lib_a-strlen.o)
 .debug_loc     0x0000000000001424      0x194 d:/altera/14.0/nios2eds/bin/gnu/h-x86_64-mingw32/bin/../lib/gcc/nios2-elf/4.7.3/../../../../../H-x86_64-mingw32/nios2-elf/lib\libc.a(lib_a-__atexit.o)
 .debug_loc     0x00000000000015b8      0x1e1 d:/altera/14.0/nios2eds/bin/gnu/h-x86_64-mingw32/bin/../lib/gcc/nios2-elf/4.7.3/../../../../../H-x86_64-mingw32/nios2-elf/lib\libc.a(lib_a-__call_atexit.o)
 .debug_loc     0x0000000000001799       0x2c ../rangefinder_v2_bsp/\libhal_bsp.a(alt_exit.o)

.debug_macinfo
 *(.debug_macinfo)

.debug_weaknames
 *(.debug_weaknames)

.debug_funcnames
 *(.debug_funcnames)

.debug_typenames
 *(.debug_typenames)

.debug_varnames
 *(.debug_varnames)

.debug_alt_sim_info
                0x0000000000000000       0x30
 *(.debug_alt_sim_info)
 .debug_alt_sim_info
                0x0000000000000000       0x30 ../rangefinder_v2_bsp//obj/HAL/src/crt0.o
                0x0000000000008000                __alt_data_end = 0x8000
                0x0000000000008000                PROVIDE (__alt_stack_pointer, __alt_data_end)
                0x00000000000053c0                PROVIDE (__alt_stack_limit, __alt_stack_base)
                0x00000000000053c0                PROVIDE (__alt_heap_start, end)
                0x0000000000008000                PROVIDE (__alt_heap_limit, 0x8000)
OUTPUT(rangefinder_v2.elf elf32-littlenios2)

.debug_ranges   0x0000000000000000       0xd0
 .debug_ranges  0x0000000000000000       0x20 ../rangefinder_v2_bsp//obj/HAL/src/crt0.o
 .debug_ranges  0x0000000000000020       0x30 ../rangefinder_v2_bsp/\libhal_bsp.a(alt_iic.o)
 .debug_ranges  0x0000000000000050       0x28 ../rangefinder_v2_bsp/\libhal_bsp.a(alt_irq_entry.o)