Archive member included because of file (symbol)

../rangefinder_v1_bsp/\libhal_bsp.a(alt_iic.o)
                              obj/default/timer.o (alt_ic_isr_register)
../rangefinder_v1_bsp/\libhal_bsp.a(alt_iic_isr_register.o)
                              ../rangefinder_v1_bsp/\libhal_bsp.a(alt_iic.o) (alt_iic_isr_register)
../rangefinder_v1_bsp/\libhal_bsp.a(alt_irq_entry.o)
                              ../rangefinder_v1_bsp/\libhal_bsp.a(alt_iic_isr_register.o) (alt_irq_entry)
../rangefinder_v1_bsp/\libhal_bsp.a(alt_irq_handler.o)
                              ../rangefinder_v1_bsp/\libhal_bsp.a(alt_iic_isr_register.o) (alt_irq)
../rangefinder_v1_bsp/\libhal_bsp.a(alt_irq_vars.o)
                              ../rangefinder_v1_bsp/\libhal_bsp.a(alt_iic.o) (alt_irq_active)
../rangefinder_v1_bsp/\libhal_bsp.a(alt_load.o)
                              ../rangefinder_v1_bsp//obj/HAL/src/crt0.o (alt_load)
../rangefinder_v1_bsp/\libhal_bsp.a(alt_main.o)
                              ../rangefinder_v1_bsp//obj/HAL/src/crt0.o (alt_main)
../rangefinder_v1_bsp/\libhal_bsp.a(alt_sys_init.o)
                              ../rangefinder_v1_bsp/\libhal_bsp.a(alt_main.o) (alt_irq_init)
../rangefinder_v1_bsp/\libhal_bsp.a(altera_avalon_timer_sc.o)
                              ../rangefinder_v1_bsp/\libhal_bsp.a(alt_sys_init.o) (alt_avalon_timer_sc_init)
../rangefinder_v1_bsp/\libhal_bsp.a(altera_avalon_uart_fd.o)
                              ../rangefinder_v1_bsp/\libhal_bsp.a(alt_sys_init.o) (altera_avalon_uart_read_fd)
../rangefinder_v1_bsp/\libhal_bsp.a(altera_avalon_uart_init.o)
                              ../rangefinder_v1_bsp/\libhal_bsp.a(alt_sys_init.o) (altera_avalon_uart_init)
../rangefinder_v1_bsp/\libhal_bsp.a(altera_avalon_uart_read.o)
                              ../rangefinder_v1_bsp/\libhal_bsp.a(altera_avalon_uart_fd.o) (altera_avalon_uart_read)
../rangefinder_v1_bsp/\libhal_bsp.a(altera_avalon_uart_write.o)
                              ../rangefinder_v1_bsp/\libhal_bsp.a(altera_avalon_uart_fd.o) (altera_avalon_uart_write)
../rangefinder_v1_bsp/\libhal_bsp.a(alt_close.o)
                              ../rangefinder_v1_bsp/\libhal_bsp.a(alt_main.o) (close)
../rangefinder_v1_bsp/\libhal_bsp.a(alt_dcache_flush_all.o)
                              ../rangefinder_v1_bsp/\libhal_bsp.a(alt_load.o) (alt_dcache_flush_all)
../rangefinder_v1_bsp/\libhal_bsp.a(alt_dev.o)
                              ../rangefinder_v1_bsp/\libhal_bsp.a(alt_sys_init.o) (alt_dev_list)
../rangefinder_v1_bsp/\libhal_bsp.a(alt_dev_llist_insert.o)
                              ../rangefinder_v1_bsp/\libhal_bsp.a(alt_sys_init.o) (alt_dev_llist_insert)
../rangefinder_v1_bsp/\libhal_bsp.a(alt_do_ctors.o)
                              ../rangefinder_v1_bsp/\libhal_bsp.a(alt_main.o) (_do_ctors)
../rangefinder_v1_bsp/\libhal_bsp.a(alt_do_dtors.o)
                              ../rangefinder_v1_bsp/\libhal_bsp.a(alt_main.o) (_do_dtors)
../rangefinder_v1_bsp/\libhal_bsp.a(alt_errno.o)
                              ../rangefinder_v1_bsp/\libhal_bsp.a(altera_avalon_uart_read.o) (alt_errno)
../rangefinder_v1_bsp/\libhal_bsp.a(alt_exception_entry.o)
                              ../rangefinder_v1_bsp/\libhal_bsp.a(alt_irq_entry.o) (alt_exception)
../rangefinder_v1_bsp/\libhal_bsp.a(alt_icache_flush_all.o)
                              ../rangefinder_v1_bsp/\libhal_bsp.a(alt_load.o) (alt_icache_flush_all)
../rangefinder_v1_bsp/\libhal_bsp.a(alt_io_redirect.o)
                              ../rangefinder_v1_bsp/\libhal_bsp.a(alt_main.o) (alt_io_redirect)
../rangefinder_v1_bsp/\libhal_bsp.a(alt_open.o)
                              ../rangefinder_v1_bsp/\libhal_bsp.a(alt_io_redirect.o) (open)
../rangefinder_v1_bsp/\libhal_bsp.a(alt_release_fd.o)
                              ../rangefinder_v1_bsp/\libhal_bsp.a(alt_close.o) (alt_release_fd)
../rangefinder_v1_bsp/\libhal_bsp.a(alt_tick.o)
                              ../rangefinder_v1_bsp/\libhal_bsp.a(altera_avalon_timer_sc.o) (_alt_tick_rate)
../rangefinder_v1_bsp/\libhal_bsp.a(altera_nios2_qsys_irq.o)
                              ../rangefinder_v1_bsp/\libhal_bsp.a(alt_sys_init.o) (altera_nios2_qsys_irq_init)
../rangefinder_v1_bsp/\libhal_bsp.a(alt_find_dev.o)
                              ../rangefinder_v1_bsp/\libhal_bsp.a(alt_open.o) (alt_find_dev)
../rangefinder_v1_bsp/\libhal_bsp.a(alt_find_file.o)
                              ../rangefinder_v1_bsp/\libhal_bsp.a(alt_open.o) (alt_find_file)
../rangefinder_v1_bsp/\libhal_bsp.a(alt_get_fd.o)
                              ../rangefinder_v1_bsp/\libhal_bsp.a(alt_open.o) (alt_get_fd)
../rangefinder_v1_bsp/\libhal_bsp.a(alt_icache_flush.o)
                              ../rangefinder_v1_bsp/\libhal_bsp.a(alt_icache_flush_all.o) (alt_icache_flush)
[...]
Memory Configuration

Name             Origin             Length             Attributes
reset            0x0000000000000000 0x0000000000000020
ram_cpu          0x0000000000000020 0x0000000000007fe0
ram_sample_5     0x0000000000009000 0x0000000000000100
ram_sample_4     0x0000000000009100 0x0000000000000100
ram_sample_3     0x0000000000009200 0x0000000000000100
ram_sample_2     0x0000000000009300 0x0000000000000100
ram_sample_1     0x0000000000009400 0x0000000000000100
ram_sample_0     0x0000000000009500 0x0000000000000100
*default*        0x0000000000000000 0xffffffffffffffff

Linker script and memory map

LOAD ../rangefinder_v1_bsp//obj/HAL/src/crt0.o
LOAD obj/default/accelerometer.o
LOAD obj/default/buttons.o
LOAD obj/default/i2c.o
LOAD obj/default/laser.o
LOAD obj/default/leds.o
LOAD obj/default/main.o
LOAD obj/default/measurement.o
LOAD obj/default/sample_loader.o
LOAD obj/default/timer.o
LOAD obj/default/uart.o
LOAD e:/altera/14.0/nios2eds/bin/gnu/h-x86_64-mingw32/bin/../lib/gcc/nios2-elf/4.7.3/../../../../../H-x86_64-mingw32/nios2-elf/lib\libstdc++.a
LOAD e:/altera/14.0/nios2eds/bin/gnu/h-x86_64-mingw32/bin/../lib/gcc/nios2-elf/4.7.3/../../../../../H-x86_64-mingw32/nios2-elf/lib\libm.a
LOAD e:/altera/14.0/nios2eds/bin/gnu/h-x86_64-mingw32/bin/../lib/gcc/nios2-elf/4.7.3\libgcc.a
START GROUP
LOAD e:/altera/14.0/nios2eds/bin/gnu/h-x86_64-mingw32/bin/../lib/gcc/nios2-elf/4.7.3/../../../../../H-x86_64-mingw32/nios2-elf/lib\libc.a
LOAD e:/altera/14.0/nios2eds/bin/gnu/h-x86_64-mingw32/bin/../lib/gcc/nios2-elf/4.7.3\libgcc.a
LOAD ../rangefinder_v1_bsp/\libhal_bsp.a
END GROUP
LOAD e:/altera/14.0/nios2eds/bin/gnu/h-x86_64-mingw32/bin/../lib/gcc/nios2-elf/4.7.3\libgcc.a
                0x0000000000000000                __alt_mem_ram_cpu = 0x0
                0x0000000000009000                __alt_mem_ram_sample_5 = 0x9000
                0x0000000000009100                __alt_mem_ram_sample_4 = 0x9100
                0x0000000000009200                __alt_mem_ram_sample_3 = 0x9200
                0x0000000000009300                __alt_mem_ram_sample_2 = 0x9300
                0x0000000000009400                __alt_mem_ram_sample_1 = 0x9400
                0x0000000000009500                __alt_mem_ram_sample_0 = 0x9500

.entry          0x0000000000000000       0x20
 *(.entry)
 .entry         0x0000000000000000       0x20 ../rangefinder_v1_bsp//obj/HAL/src/crt0.o
                0x0000000000000000                __reset

.exceptions     0x0000000000000020      0x198
                0x0000000000000020                PROVIDE (__ram_exceptions_start, ABSOLUTE (.))
                0x0000000000000020                . = ALIGN (0x20)
 *(.irq)
 *(.exceptions.entry.label)
 .exceptions.entry.label
                0x0000000000000020        0x0 ../rangefinder_v1_bsp/\libhal_bsp.a(alt_irq_entry.o)
                0x0000000000000020                alt_irq_entry
 .exceptions.entry.label
                0x0000000000000020        0x0 ../rangefinder_v1_bsp/\libhal_bsp.a(alt_exception_entry.o)
                0x0000000000000020                alt_exception
 *(.exceptions.entry.user)
 *(.exceptions.entry.ecc_fatal)
 *(.exceptions.entry)
 .exceptions.entry
                0x0000000000000020       0x54 ../rangefinder_v1_bsp/\libhal_bsp.a(alt_exception_entry.o)
 *(.exceptions.irqtest.user)
 *(.exceptions.irqtest)
 .exceptions.irqtest
                0x0000000000000074       0x10 ../rangefinder_v1_bsp/\libhal_bsp.a(alt_irq_entry.o)
 *(.exceptions.irqhandler.user)
 *(.exceptions.irqhandler)
 .exceptions.irqhandler
                0x0000000000000084        0x4 ../rangefinder_v1_bsp/\libhal_bsp.a(alt_irq_entry.o)
 *(.exceptions.irqreturn.user)
 *(.exceptions.irqreturn)
 .exceptions.irqreturn
                0x0000000000000088        0x4 ../rangefinder_v1_bsp/\libhal_bsp.a(alt_irq_entry.o)
 *(.exceptions.notirq.label)
 .exceptions.notirq.label
                0x000000000000008c        0x0 ../rangefinder_v1_bsp/\libhal_bsp.a(alt_irq_entry.o)
 *(.exceptions.notirq.user)
 *(.exceptions.notirq)
 .exceptions.notirq
                0x000000000000008c        0x8 ../rangefinder_v1_bsp/\libhal_bsp.a(alt_exception_entry.o)
 *(.exceptions.soft.user)
 *(.exceptions.soft)
 *(.exceptions.unknown.user)
 *(.exceptions.unknown)
 .exceptions.unknown
                0x0000000000000094        0x4 ../rangefinder_v1_bsp/\libhal_bsp.a(alt_exception_entry.o)
 *(.exceptions.exit.label)
 .exceptions.exit.label
                0x0000000000000098        0x0 ../rangefinder_v1_bsp/\libhal_bsp.a(alt_irq_entry.o)
 .exceptions.exit.label
                0x0000000000000098        0x0 ../rangefinder_v1_bsp/\libhal_bsp.a(alt_exception_entry.o)
 *(.exceptions.exit.user)
 *(.exceptions.exit)
 .exceptions.exit
                0x0000000000000098       0x54 ../rangefinder_v1_bsp/\libhal_bsp.a(alt_exception_entry.o)
 *(.exceptions)
 .exceptions    0x00000000000000ec       0xcc ../rangefinder_v1_bsp/\libhal_bsp.a(alt_irq_handler.o)
                0x00000000000000ec                alt_irq_handler
                0x00000000000001b8                PROVIDE (__ram_exceptions_end, ABSOLUTE (.))
                0x0000000000000020                PROVIDE (__flash_exceptions_start, LOADADDR (.exceptions))

.text           0x00000000000001b8     0x3980
                0x00000000000001b8                PROVIDE (stext, ABSOLUTE (.))
 *(.interp)
 *(.hash)
 *(.dynsym)
 *(.dynstr)
 *(.gnu.version)
 *(.gnu.version_d)
 *(.gnu.version_r)
 *(.rel.init)
 *(.rela.init)
 *(.rel.text .rel.text.* .rel.gnu.linkonce.t.*)
 *(.rela.text .rela.text.* .rela.gnu.linkonce.t.*)
 *(.rel.fini)
 *(.rela.fini)
 *(.rel.rodata .rel.rodata.* .rel.gnu.linkonce.r.*)
 *(.rela.rodata .rela.rodata.* .rela.gnu.linkonce.r.*)
 *(.rel.data .rel.data.* .rel.gnu.linkonce.d.*)
 *(.rela.data .rela.data.* .rela.gnu.linkonce.d.*)
 *(.rel.tdata .rel.tdata.* .rel.gnu.linkonce.td.*)
 *(.rela.tdata .rela.tdata.* .rela.gnu.linkonce.td.*)
 *(.rel.tbss .rel.tbss.* .rel.gnu.linkonce.tb.*)
 *(.rela.tbss .rela.tbss.* .rela.gnu.linkonce.tb.*)
 *(.rel.ctors)
 *(.rela.ctors)
 *(.rel.dtors)
 *(.rela.dtors)
 *(.rel.got)
 *(.rela.got)
 *(.rel.sdata .rel.sdata.* .rel.gnu.linkonce.s.*)
 *(.rela.sdata .rela.sdata.* .rela.gnu.linkonce.s.*)
 *(.rel.sbss .rel.sbss.* .rel.gnu.linkonce.sb.*)
 *(.rela.sbss .rela.sbss.* .rela.gnu.linkonce.sb.*)
 *(.rel.sdata2 .rel.sdata2.* .rel.gnu.linkonce.s2.*)
 *(.rela.sdata2 .rela.sdata2.* .rela.gnu.linkonce.s2.*)
 *(.rel.sbss2 .rel.sbss2.* .rel.gnu.linkonce.sb2.*)
 *(.rela.sbss2 .rela.sbss2.* .rela.gnu.linkonce.sb2.*)
 *(.rel.bss .rel.bss.* .rel.gnu.linkonce.b.*)
 *(.rela.bss .rela.bss.* .rela.gnu.linkonce.b.*)
 *(.rel.plt)
 *(.rela.plt)
 *(.rel.dyn)
 *(.init)
 *(.plt)
 *(.text .stub .text.* .gnu.linkonce.t.*)
 .text          0x00000000000001b8       0x4c ../rangefinder_v1_bsp//obj/HAL/src/crt0.o
                0x00000000000001b8                _start
 .text          0x0000000000000204      0x1a8 obj/default/accelerometer.o
                0x0000000000000204                accelerometer_init
                0x000000000000024c                refresh_accelerometer_data
                0x000000000000034c                get_x_coord
                0x000000000000036c                get_y_coord
                0x000000000000038c                get_z_coord
 .text          0x00000000000003ac      0x3c0 obj/default/buttons.o
                0x00000000000003ac                buttons_handler_init
                0x0000000000000494                read_but
                0x000000000000074c                buttons_status
 .text          0x000000000000076c      0x880 obj/default/i2c.o
                0x000000000000076c                i2c_start
                0x00000000000007cc                i2c_stop
                0x000000000000082c                i2c_send_bit
                0x00000000000008b8                i2c_read_bit
                0x0000000000000938                i2c_send_byte
                0x0000000000000a70                i2c_read_byte
                0x0000000000000c48                read_ack
                0x0000000000000cc8                write_ack
                0x0000000000000d4c                i2c_delay
                0x0000000000000d90                i2c_init
                0x0000000000000dd0                write_command
                0x0000000000000e38                write_command_multiple
                0x0000000000000ed8                read_command
                0x0000000000000f4c                read_word_command
 .text          0x0000000000000fec       0x7c obj/default/laser.o
                0x0000000000000fec                laser_init
                0x0000000000001020                generate_pulse
 .text          0x0000000000001068      0x17c obj/default/leds.o
                0x0000000000001068                change_axis
                0x00000000000010a4                leds_init
                0x00000000000010d0                leds_driver
 .text          0x00000000000011e4       0xec obj/default/main.o
                0x00000000000011e4                main
                0x0000000000001200                sys_init
                0x0000000000001240                mainloop
 .text          0x00000000000012d0       0xe8 obj/default/measurement.o
                0x00000000000012d0                make_measurement
                0x0000000000001374                delay
 .text          0x00000000000013b8      0x518 obj/default/sample_loader.o
                0x00000000000013b8                start_recording
                0x0000000000001400                get_buffer_status
                0x000000000000141c                reset_ram_buffers
                0x0000000000001488                reset_memory_master
                0x00000000000014d4                read_abs_counter
                0x0000000000001504                refresh_meas_data
                0x000000000000184c                get_max
 .text          0x00000000000018d0      0x1f8 obj/default/timer.o
                0x0000000000001930                sys_timer_init
                0x0000000000001994                sys_timer_start
                0x00000000000019dc                sys_timer_stop
                0x0000000000001a24                register_sys_timer_interrupt
                0x0000000000001a68                check_timer_event
                0x0000000000001a88                reset_timer_event_flag
                0x0000000000001aa8                read_sys_time_ms
 .text          0x0000000000001ac8      0x134 obj/default/uart.o
                0x0000000000001ac8                uart_init
                0x0000000000001ae4                send_uart
                0x0000000000001b38                send_uart_n
                0x0000000000001bb4                send_com2pc
 .text          0x0000000000001bfc      0x1d8 ../rangefinder_v1_bsp/\libhal_bsp.a(alt_iic.o)
                0x0000000000001bfc                alt_ic_isr_register
                0x0000000000001c4c                alt_ic_irq_enable
                0x0000000000001ce8                alt_ic_irq_disable
                0x0000000000001d88                alt_ic_irq_enabled
 .text          0x0000000000001dd4       0xf0 ../rangefinder_v1_bsp/\libhal_bsp.a(alt_iic_isr_register.o)
                0x0000000000001dd4                alt_iic_isr_register
 .text          0x0000000000001ec4        0x0 ../rangefinder_v1_bsp/\libhal_bsp.a(alt_irq_entry.o)
 .text          0x0000000000001ec4        0x0 ../rangefinder_v1_bsp/\libhal_bsp.a(alt_irq_handler.o)
 .text          0x0000000000001ec4        0x0 ../rangefinder_v1_bsp/\libhal_bsp.a(alt_irq_vars.o)
 .text          0x0000000000001ec4       0xec ../rangefinder_v1_bsp/\libhal_bsp.a(alt_load.o)
                0x0000000000001f30                alt_load
 .text          0x0000000000001fb0       0x78 ../rangefinder_v1_bsp/\libhal_bsp.a(alt_main.o)
                0x0000000000001fb0                alt_main
 .text          0x0000000000002028       0xcc ../rangefinder_v1_bsp/\libhal_bsp.a(alt_sys_init.o)
                0x0000000000002060                alt_irq_init
                0x0000000000002094                alt_sys_init
 .text          0x00000000000020f4       0xfc ../rangefinder_v1_bsp/\libhal_bsp.a(altera_avalon_timer_sc.o)
                0x0000000000002168                alt_avalon_timer_sc_init
 .text          0x00000000000021f0      0x110 ../rangefinder_v1_bsp/\libhal_bsp.a(altera_avalon_uart_fd.o)
                0x00000000000021f0                altera_avalon_uart_read_fd
                0x0000000000002250                altera_avalon_uart_write_fd
                0x00000000000022b0                altera_avalon_uart_close_fd
 .text          0x0000000000002300      0x3a8 ../rangefinder_v1_bsp/\libhal_bsp.a(altera_avalon_uart_init.o)
                0x0000000000002300                altera_avalon_uart_init
                0x0000000000002654                altera_avalon_uart_close
 .text          0x00000000000026a8      0x230 ../rangefinder_v1_bsp/\libhal_bsp.a(altera_avalon_uart_read.o)
                0x00000000000026f8                altera_avalon_uart_read
 .text          0x00000000000028d8      0x1f8 ../rangefinder_v1_bsp/\libhal_bsp.a(altera_avalon_uart_write.o)
                0x0000000000002928                altera_avalon_uart_write
 .text          0x0000000000002ad0      0x118 ../rangefinder_v1_bsp/\libhal_bsp.a(alt_close.o)
                0x0000000000002b20                close
 .text          0x0000000000002be8       0x44 ../rangefinder_v1_bsp/\libhal_bsp.a(alt_dcache_flush_all.o)
                0x0000000000002be8                alt_dcache_flush_all
 .text          0x0000000000002c2c       0x2c ../rangefinder_v1_bsp/\libhal_bsp.a(alt_dev.o)
 .text          0x0000000000002c58       0xf0 ../rangefinder_v1_bsp/\libhal_bsp.a(alt_dev_llist_insert.o)
                0x0000000000002ca8                alt_dev_llist_insert
 .text          0x0000000000002d48       0x5c ../rangefinder_v1_bsp/\libhal_bsp.a(alt_do_ctors.o)
                0x0000000000002d48                _do_ctors
 .text          0x0000000000002da4       0x5c ../rangefinder_v1_bsp/\libhal_bsp.a(alt_do_dtors.o)
                0x0000000000002da4                _do_dtors
 .text          0x0000000000002e00        0x0 ../rangefinder_v1_bsp/\libhal_bsp.a(alt_errno.o)
 .text          0x0000000000002e00        0x0 ../rangefinder_v1_bsp/\libhal_bsp.a(alt_exception_entry.o)
 .text          0x0000000000002e00       0x30 ../rangefinder_v1_bsp/\libhal_bsp.a(alt_icache_flush_all.o)
                0x0000000000002e00                alt_icache_flush_all
 .text          0x0000000000002e30      0x138 ../rangefinder_v1_bsp/\libhal_bsp.a(alt_io_redirect.o)
                0x0000000000002ef0                alt_io_redirect
 .text          0x0000000000002f68      0x270 ../rangefinder_v1_bsp/\libhal_bsp.a(alt_open.o)
                0x0000000000003084                open
 .text          0x00000000000031d8       0x60 ../rangefinder_v1_bsp/\libhal_bsp.a(alt_release_fd.o)
                0x00000000000031d8                alt_release_fd
 .text          0x0000000000003238      0x19c ../rangefinder_v1_bsp/\libhal_bsp.a(alt_tick.o)
                0x0000000000003238                alt_alarm_stop
                0x00000000000032d0                alt_tick
 .text          0x00000000000033d4       0x20 ../rangefinder_v1_bsp/\libhal_bsp.a(altera_nios2_qsys_irq.o)
                0x00000000000033d4                altera_nios2_qsys_irq_init
 .text          0x00000000000033f4       0x90 ../rangefinder_v1_bsp/\libhal_bsp.a(alt_find_dev.o)
                0x00000000000033f4                alt_find_dev
 .text          0x0000000000003484      0x114 ../rangefinder_v1_bsp/\libhal_bsp.a(alt_find_file.o)
                0x0000000000003484                alt_find_file
 .text          0x0000000000003598       0xb4 ../rangefinder_v1_bsp/\libhal_bsp.a(alt_get_fd.o)
                0x0000000000003598                alt_get_fd
 .text          0x000000000000364c       0x8c ../rangefinder_v1_bsp/\libhal_bsp.a(alt_icache_flush.o)
                0x000000000000364c                alt_icache_flush
 .text          0x00000000000036d8       0x14 e:/altera/14.0/nios2eds/bin/gnu/h-x86_64-mingw32/bin/../lib/gcc/nios2-elf/4.7.3/../../../../../H-x86_64-mingw32/nios2-elf/lib\libc.a(lib_a-atexit.o)
                0x00000000000036d8                atexit
 .text          0x00000000000036ec       0x38 e:/altera/14.0/nios2eds/bin/gnu/h-x86_64-mingw32/bin/../lib/gcc/nios2-elf/4.7.3/../../../../../H-x86_64-mingw32/nios2-elf/lib\libc.a(lib_a-exit.o)
                0x00000000000036ec                exit
 .text          0x0000000000003724        0x0 e:/altera/14.0/nios2eds/bin/gnu/h-x86_64-mingw32/bin/../lib/gcc/nios2-elf/4.7.3/../../../../../H-x86_64-mingw32/nios2-elf/lib\libc.a(lib_a-impure.o)
 .text          0x0000000000003724        0x0 e:/altera/14.0/nios2eds/bin/gnu/h-x86_64-mingw32/bin/../lib/gcc/nios2-elf/4.7.3/../../../../../H-x86_64-mingw32/nios2-elf/lib\libc.a(lib_a-int_errno.o)
 .text          0x0000000000003724       0x7c e:/altera/14.0/nios2eds/bin/gnu/h-x86_64-mingw32/bin/../lib/gcc/nios2-elf/4.7.3/../../../../../H-x86_64-mingw32/nios2-elf/lib\libc.a(lib_a-memcmp.o)
                0x0000000000003724                memcmp
 .text          0x00000000000037a0       0x8c e:/altera/14.0/nios2eds/bin/gnu/h-x86_64-mingw32/bin/../lib/gcc/nios2-elf/4.7.3/../../../../../H-x86_64-mingw32/nios2-elf/lib\libc.a(lib_a-strlen.o)
                0x00000000000037a0                strlen
 .text          0x000000000000382c      0x130 e:/altera/14.0/nios2eds/bin/gnu/h-x86_64-mingw32/bin/../lib/gcc/nios2-elf/4.7.3/../../../../../H-x86_64-mingw32/nios2-elf/lib\libc.a(lib_a-__atexit.o)
                0x000000000000382c                __register_exitproc
 .text          0x000000000000395c      0x1a0 e:/altera/14.0/nios2eds/bin/gnu/h-x86_64-mingw32/bin/../lib/gcc/nios2-elf/4.7.3/../../../../../H-x86_64-mingw32/nios2-elf/lib\libc.a(lib_a-__call_atexit.o)
                0x000000000000395c                __call_exitprocs
 .text          0x0000000000003afc       0x3c ../rangefinder_v1_bsp/\libhal_bsp.a(alt_exit.o)
                0x0000000000003afc                _exit
 *(.gnu.warning.*)
 *(.fini)
                0x0000000000003b38                PROVIDE (__etext, ABSOLUTE (.))
                0x0000000000003b38                PROVIDE (_etext, ABSOLUTE (.))
                0x0000000000003b38                PROVIDE (etext, ABSOLUTE (.))
 *(.eh_frame_hdr)
                0x0000000000003b38                . = ALIGN (0x4)
                0x0000000000003b38                PROVIDE (__preinit_array_start, ABSOLUTE (.))
 *(.preinit_array)
                0x0000000000003b38                PROVIDE (__preinit_array_end, ABSOLUTE (.))
                0x0000000000003b38                PROVIDE (__init_array_start, ABSOLUTE (.))
 *(.init_array)
                0x0000000000003b38                PROVIDE (__init_array_end, ABSOLUTE (.))
                0x0000000000003b38                PROVIDE (__fini_array_start, ABSOLUTE (.))
 *(.fini_array)
                0x0000000000003b38                PROVIDE (__fini_array_end, ABSOLUTE (.))
 *(.eh_frame)
 *(.gcc_except_table .gcc_except_table.*)
 *(.dynamic)
                0x0000000000003b38                PROVIDE (__CTOR_LIST__, ABSOLUTE (.))
 *(.ctors)
 *(SORT(.ctors.*))
                0x0000000000003b38                PROVIDE (__CTOR_END__, ABSOLUTE (.))
                0x0000000000003b38                PROVIDE (__DTOR_LIST__, ABSOLUTE (.))
 *(.dtors)
 *(SORT(.dtors.*))
                0x0000000000003b38                PROVIDE (__DTOR_END__, ABSOLUTE (.))
 *(.jcr)
                0x0000000000003b38                . = ALIGN (0x4)

.rodata         0x0000000000003b38       0x30
                0x0000000000003b38                PROVIDE (__ram_rodata_start, ABSOLUTE (.))
                0x0000000000003b38                . = ALIGN (0x4)
 *(.rodata .rodata.* .gnu.linkonce.r.*)
 .rodata        0x0000000000003b38       0x10 ../rangefinder_v1_bsp/\libhal_bsp.a(alt_main.o)
 .rodata        0x0000000000003b48       0x10 ../rangefinder_v1_bsp/\libhal_bsp.a(alt_sys_init.o)
 .rodata        0x0000000000003b58        0xc ../rangefinder_v1_bsp/\libhal_bsp.a(alt_dev.o)
 .rodata.str1.4
                0x0000000000003b64        0x4 e:/altera/14.0/nios2eds/bin/gnu/h-x86_64-mingw32/bin/../lib/gcc/nios2-elf/4.7.3/../../../../../H-x86_64-mingw32/nios2-elf/lib\libc.a(lib_a-impure.o)
 *(.rodata1)
                0x0000000000003b68                . = ALIGN (0x4)
                0x0000000000003b68                PROVIDE (__ram_rodata_end, ABSOLUTE (.))
                0x0000000000003b38                PROVIDE (__flash_rodata_start, LOADADDR (.rodata))

.rwdata         0x0000000000003b68      0x6a0 load address 0x0000000000004208
                0x0000000000003b68                PROVIDE (__ram_rwdata_start, ABSOLUTE (.))
                0x0000000000003b68                . = ALIGN (0x4)
 *(.got.plt)
 *(.got)
 *(.data1)
 *(.data .data.* .gnu.linkonce.d.*)
 .data          0x0000000000003b68        0x0 ../rangefinder_v1_bsp//obj/HAL/src/crt0.o
 .data          0x0000000000003b68        0x0 obj/default/accelerometer.o
 .data          0x0000000000003b68        0x0 obj/default/buttons.o
 .data          0x0000000000003b68        0x0 obj/default/i2c.o
 .data          0x0000000000003b68        0x0 obj/default/laser.o
 .data          0x0000000000003b68        0x0 obj/default/leds.o
 .data          0x0000000000003b68        0x0 obj/default/main.o
 .data          0x0000000000003b68        0x0 obj/default/measurement.o
 .data          0x0000000000003b68        0x0 obj/default/sample_loader.o
 .data          0x0000000000003b68        0x0 obj/default/timer.o
 .data          0x0000000000003b68        0x0 obj/default/uart.o
 .data          0x0000000000003b68        0x0 ../rangefinder_v1_bsp/\libhal_bsp.a(alt_iic.o)
 .data          0x0000000000003b68        0x0 ../rangefinder_v1_bsp/\libhal_bsp.a(alt_iic_isr_register.o)
 .data          0x0000000000003b68        0x0 ../rangefinder_v1_bsp/\libhal_bsp.a(alt_irq_entry.o)
 .data          0x0000000000003b68        0x0 ../rangefinder_v1_bsp/\libhal_bsp.a(alt_irq_handler.o)
 .data          0x0000000000003b68        0x0 ../rangefinder_v1_bsp/\libhal_bsp.a(alt_irq_vars.o)
 .data          0x0000000000003b68        0x0 ../rangefinder_v1_bsp/\libhal_bsp.a(alt_load.o)
 .data          0x0000000000003b68        0x0 ../rangefinder_v1_bsp/\libhal_bsp.a(alt_main.o)
 .data          0x0000000000003b68       0xc4 ../rangefinder_v1_bsp/\libhal_bsp.a(alt_sys_init.o)
 .data          0x0000000000003c2c        0x0 ../rangefinder_v1_bsp/\libhal_bsp.a(altera_avalon_timer_sc.o)
 .data          0x0000000000003c2c        0x0 ../rangefinder_v1_bsp/\libhal_bsp.a(altera_avalon_uart_fd.o)
 .data          0x0000000000003c2c        0x0 ../rangefinder_v1_bsp/\libhal_bsp.a(altera_avalon_uart_init.o)
 .data          0x0000000000003c2c        0x0 ../rangefinder_v1_bsp/\libhal_bsp.a(altera_avalon_uart_read.o)
 .data          0x0000000000003c2c        0x0 ../rangefinder_v1_bsp/\libhal_bsp.a(altera_avalon_uart_write.o)
 .data          0x0000000000003c2c        0x0 ../rangefinder_v1_bsp/\libhal_bsp.a(alt_close.o)
 .data          0x0000000000003c2c        0x0 ../rangefinder_v1_bsp/\libhal_bsp.a(alt_dcache_flush_all.o)
 .data          0x0000000000003c2c      0x1a8 ../rangefinder_v1_bsp/\libhal_bsp.a(alt_dev.o)
                0x0000000000003c2c                alt_dev_null
                0x0000000000003c54                alt_fd_list
 .data          0x0000000000003dd4        0x0 ../rangefinder_v1_bsp/\libhal_bsp.a(alt_dev_llist_insert.o)
 .data          0x0000000000003dd4        0x0 ../rangefinder_v1_bsp/\libhal_bsp.a(alt_do_ctors.o)
 .data          0x0000000000003dd4        0x0 ../rangefinder_v1_bsp/\libhal_bsp.a(alt_do_dtors.o)
 .data          0x0000000000003dd4        0x0 ../rangefinder_v1_bsp/\libhal_bsp.a(alt_errno.o)
 .data          0x0000000000003dd4        0x0 ../rangefinder_v1_bsp/\libhal_bsp.a(alt_exception_entry.o)
 .data          0x0000000000003dd4        0x0 ../rangefinder_v1_bsp/\libhal_bsp.a(alt_icache_flush_all.o)
 .data          0x0000000000003dd4        0x0 ../rangefinder_v1_bsp/\libhal_bsp.a(alt_io_redirect.o)
 .data          0x0000000000003dd4        0x0 ../rangefinder_v1_bsp/\libhal_bsp.a(alt_open.o)
 .data          0x0000000000003dd4        0x0 ../rangefinder_v1_bsp/\libhal_bsp.a(alt_release_fd.o)
 .data          0x0000000000003dd4        0x0 ../rangefinder_v1_bsp/\libhal_bsp.a(alt_tick.o)
 .data          0x0000000000003dd4        0x0 ../rangefinder_v1_bsp/\libhal_bsp.a(altera_nios2_qsys_irq.o)
 .data          0x0000000000003dd4        0x0 ../rangefinder_v1_bsp/\libhal_bsp.a(alt_find_dev.o)
 .data          0x0000000000003dd4        0x0 ../rangefinder_v1_bsp/\libhal_bsp.a(alt_find_file.o)
 .data          0x0000000000003dd4        0x0 ../rangefinder_v1_bsp/\libhal_bsp.a(alt_get_fd.o)
 .data          0x0000000000003dd4        0x0 ../rangefinder_v1_bsp/\libhal_bsp.a(alt_icache_flush.o)
 .data          0x0000000000003dd4        0x0 e:/altera/14.0/nios2eds/bin/gnu/h-x86_64-mingw32/bin/../lib/gcc/nios2-elf/4.7.3/../../../../../H-x86_64-mingw32/nios2-elf/lib\libc.a(lib_a-atexit.o)
 .data          0x0000000000003dd4        0x0 e:/altera/14.0/nios2eds/bin/gnu/h-x86_64-mingw32/bin/../lib/gcc/nios2-elf/4.7.3/../../../../../H-x86_64-mingw32/nios2-elf/lib\libc.a(lib_a-exit.o)
 .data          0x0000000000003dd4      0x400 e:/altera/14.0/nios2eds/bin/gnu/h-x86_64-mingw32/bin/../lib/gcc/nios2-elf/4.7.3/../../../../../H-x86_64-mingw32/nios2-elf/lib\libc.a(lib_a-impure.o)
 .data          0x00000000000041d4        0x0 e:/altera/14.0/nios2eds/bin/gnu/h-x86_64-mingw32/bin/../lib/gcc/nios2-elf/4.7.3/../../../../../H-x86_64-mingw32/nios2-elf/lib\libc.a(lib_a-int_errno.o)
 .data          0x00000000000041d4        0x0 e:/altera/14.0/nios2eds/bin/gnu/h-x86_64-mingw32/bin/../lib/gcc/nios2-elf/4.7.3/../../../../../H-x86_64-mingw32/nios2-elf/lib\libc.a(lib_a-memcmp.o)
 .data          0x00000000000041d4        0x0 e:/altera/14.0/nios2eds/bin/gnu/h-x86_64-mingw32/bin/../lib/gcc/nios2-elf/4.7.3/../../../../../H-x86_64-mingw32/nios2-elf/lib\libc.a(lib_a-strlen.o)
 .data          0x00000000000041d4        0x0 e:/altera/14.0/nios2eds/bin/gnu/h-x86_64-mingw32/bin/../lib/gcc/nios2-elf/4.7.3/../../../../../H-x86_64-mingw32/nios2-elf/lib\libc.a(lib_a-__atexit.o)
 .data          0x00000000000041d4        0x0 e:/altera/14.0/nios2eds/bin/gnu/h-x86_64-mingw32/bin/../lib/gcc/nios2-elf/4.7.3/../../../../../H-x86_64-mingw32/nios2-elf/lib\libc.a(lib_a-__call_atexit.o)
 .data          0x00000000000041d4        0x0 ../rangefinder_v1_bsp/\libhal_bsp.a(alt_exit.o)
                0x000000000000c1d4                _gp = ABSOLUTE ((. + 0x8000))
                0x000000000000c1d4                PROVIDE (gp, _gp)
 *(.rwdata .rwdata.*)
 *(.sdata .sdata.* .gnu.linkonce.s.*)
 .sdata         0x00000000000041d4        0x1 obj/default/leds.o
                0x00000000000041d4                leds_status
 *fill*         0x00000000000041d5        0x3 
 .sdata         0x00000000000041d8        0x4 obj/default/timer.o
                0x00000000000041d8                timer_context_ptr
 .sdata         0x00000000000041dc        0x4 ../rangefinder_v1_bsp/\libhal_bsp.a(alt_irq_vars.o)
                0x00000000000041dc                alt_priority_mask
 .sdata         0x00000000000041e0       0x14 ../rangefinder_v1_bsp/\libhal_bsp.a(alt_dev.o)
                0x00000000000041e0                alt_fs_list
                0x00000000000041e8                alt_dev_list
                0x00000000000041f0                alt_max_fd
 .sdata         0x00000000000041f4        0x4 ../rangefinder_v1_bsp/\libhal_bsp.a(alt_errno.o)
                0x00000000000041f4                alt_errno
 .sdata         0x00000000000041f8        0x8 ../rangefinder_v1_bsp/\libhal_bsp.a(alt_tick.o)
                0x00000000000041f8                alt_alarm_list
 .sdata         0x0000000000004200        0x8 e:/altera/14.0/nios2eds/bin/gnu/h-x86_64-mingw32/bin/../lib/gcc/nios2-elf/4.7.3/../../../../../H-x86_64-mingw32/nios2-elf/lib\libc.a(lib_a-impure.o)
                0x0000000000004200                _global_impure_ptr
                0x0000000000004204                _impure_ptr
 *(.sdata2 .sdata2.* .gnu.linkonce.s2.*)
                0x0000000000004208                . = ALIGN (0x4)
                0x0000000000004208                _edata = ABSOLUTE (.)
                0x0000000000004208                PROVIDE (edata, ABSOLUTE (.))
                0x0000000000004208                PROVIDE (__ram_rwdata_end, ABSOLUTE (.))
                0x0000000000004208                PROVIDE (__flash_rwdata_start, LOADADDR (.rwdata))

.bss            0x00000000000048a8      0x44c
                0x00000000000048a8                __bss_start = ABSOLUTE (.)
                0x00000000000048a8                PROVIDE (__sbss_start, ABSOLUTE (.))
                0x00000000000048a8                PROVIDE (___sbss_start, ABSOLUTE (.))
 *(.dynsbss)
 *(.sbss .sbss.* .gnu.linkonce.sb.*)
 .sbss          0x00000000000048a8       0x14 obj/default/accelerometer.o
                0x00000000000048a8                DATAX
                0x00000000000048aa                DATAY
                0x00000000000048ac                DATAZ
                0x00000000000048b0                x_angle
                0x00000000000048b4                y_angle
                0x00000000000048b8                z_angle
 .sbss          0x00000000000048bc        0xc obj/default/buttons.o
                0x00000000000048bc                b
                0x00000000000048c0                f
                0x00000000000048c4                flags
 .sbss          0x00000000000048c8        0x8 obj/default/leds.o
                0x00000000000048c8                rigth_blink
                0x00000000000048c9                left_blink
                0x00000000000048ca                direction
                0x00000000000048cb                shift
                0x00000000000048cc                blinky_flag
                0x00000000000048cd                blinky_status
                0x00000000000048ce                axis_num
                0x00000000000048cf                counter
 .sbss          0x00000000000048d0        0x1 obj/default/main.o
                0x00000000000048d0                i
 *fill*         0x00000000000048d1        0x3 
 .sbss          0x00000000000048d4        0xc obj/default/timer.o
                0x00000000000048d4                timer_event_flag
                0x00000000000048d8                sys_abs_time_ms
                0x00000000000048dc                timer_context
 .sbss          0x00000000000048e0        0x4 ../rangefinder_v1_bsp/\libhal_bsp.a(alt_irq_vars.o)
                0x00000000000048e0                alt_irq_active
 .sbss          0x00000000000048e4        0xc ../rangefinder_v1_bsp/\libhal_bsp.a(alt_main.o)
                0x00000000000048e4                alt_argc
                0x00000000000048e8                alt_argv
                0x00000000000048ec                alt_envp
 .sbss          0x00000000000048f0        0x8 ../rangefinder_v1_bsp/\libhal_bsp.a(alt_tick.o)
                0x00000000000048f0                _alt_tick_rate
                0x00000000000048f4                _alt_nticks
 .sbss          0x00000000000048f8        0x4 e:/altera/14.0/nios2eds/bin/gnu/h-x86_64-mingw32/bin/../lib/gcc/nios2-elf/4.7.3/../../../../../H-x86_64-mingw32/nios2-elf/lib\libc.a(lib_a-int_errno.o)
                0x00000000000048f8                errno
 *(.sbss2 .sbss2.* .gnu.linkonce.sb2.*)
 *(.scommon)
                0x00000000000048fc                PROVIDE (__sbss_end, ABSOLUTE (.))
                0x00000000000048fc                PROVIDE (___sbss_end, ABSOLUTE (.))
 *(.dynbss)
 *(.bss .bss.* .gnu.linkonce.b.*)
 .bss           0x00000000000048fc        0x0 ../rangefinder_v1_bsp//obj/HAL/src/crt0.o
 .bss           0x00000000000048fc        0x0 obj/default/accelerometer.o
 .bss           0x00000000000048fc        0x0 obj/default/buttons.o
 .bss           0x00000000000048fc        0x0 obj/default/i2c.o
 .bss           0x00000000000048fc        0x0 obj/default/laser.o
 .bss           0x00000000000048fc        0x0 obj/default/leds.o
 .bss           0x00000000000048fc        0x0 obj/default/main.o
 .bss           0x00000000000048fc        0x0 obj/default/measurement.o
 .bss           0x00000000000048fc        0x0 obj/default/sample_loader.o
 .bss           0x00000000000048fc        0x0 obj/default/timer.o
 .bss           0x00000000000048fc        0x0 obj/default/uart.o
 .bss           0x00000000000048fc        0x0 ../rangefinder_v1_bsp/\libhal_bsp.a(alt_iic.o)
 .bss           0x00000000000048fc        0x0 ../rangefinder_v1_bsp/\libhal_bsp.a(alt_iic_isr_register.o)
 .bss           0x00000000000048fc        0x0 ../rangefinder_v1_bsp/\libhal_bsp.a(alt_irq_entry.o)
 .bss           0x00000000000048fc        0x0 ../rangefinder_v1_bsp/\libhal_bsp.a(alt_irq_handler.o)
 .bss           0x00000000000048fc        0x0 ../rangefinder_v1_bsp/\libhal_bsp.a(alt_irq_vars.o)
 .bss           0x00000000000048fc        0x0 ../rangefinder_v1_bsp/\libhal_bsp.a(alt_load.o)
 .bss           0x00000000000048fc        0x0 ../rangefinder_v1_bsp/\libhal_bsp.a(alt_main.o)
 .bss           0x00000000000048fc        0x0 ../rangefinder_v1_bsp/\libhal_bsp.a(alt_sys_init.o)
 .bss           0x00000000000048fc        0x0 ../rangefinder_v1_bsp/\libhal_bsp.a(altera_avalon_timer_sc.o)
 .bss           0x00000000000048fc        0x0 ../rangefinder_v1_bsp/\libhal_bsp.a(altera_avalon_uart_fd.o)
 .bss           0x00000000000048fc        0x0 ../rangefinder_v1_bsp/\libhal_bsp.a(altera_avalon_uart_init.o)
 .bss           0x00000000000048fc        0x0 ../rangefinder_v1_bsp/\libhal_bsp.a(altera_avalon_uart_read.o)
 .bss           0x00000000000048fc        0x0 ../rangefinder_v1_bsp/\libhal_bsp.a(altera_avalon_uart_write.o)
 .bss           0x00000000000048fc        0x0 ../rangefinder_v1_bsp/\libhal_bsp.a(alt_close.o)
 .bss           0x00000000000048fc        0x0 ../rangefinder_v1_bsp/\libhal_bsp.a(alt_dcache_flush_all.o)
 .bss           0x00000000000048fc        0x0 ../rangefinder_v1_bsp/\libhal_bsp.a(alt_dev.o)
 .bss           0x00000000000048fc        0x0 ../rangefinder_v1_bsp/\libhal_bsp.a(alt_dev_llist_insert.o)
 .bss           0x00000000000048fc        0x0 ../rangefinder_v1_bsp/\libhal_bsp.a(alt_do_ctors.o)
 .bss           0x00000000000048fc        0x0 ../rangefinder_v1_bsp/\libhal_bsp.a(alt_do_dtors.o)
 .bss           0x00000000000048fc        0x0 ../rangefinder_v1_bsp/\libhal_bsp.a(alt_errno.o)
 .bss           0x00000000000048fc        0x0 ../rangefinder_v1_bsp/\libhal_bsp.a(alt_exception_entry.o)
 .bss           0x00000000000048fc        0x0 ../rangefinder_v1_bsp/\libhal_bsp.a(alt_icache_flush_all.o)
 .bss           0x00000000000048fc        0x0 ../rangefinder_v1_bsp/\libhal_bsp.a(alt_io_redirect.o)
 .bss           0x00000000000048fc        0x0 ../rangefinder_v1_bsp/\libhal_bsp.a(alt_open.o)
 .bss           0x00000000000048fc        0x0 ../rangefinder_v1_bsp/\libhal_bsp.a(alt_release_fd.o)
 .bss           0x00000000000048fc        0x0 ../rangefinder_v1_bsp/\libhal_bsp.a(alt_tick.o)
 .bss           0x00000000000048fc        0x0 ../rangefinder_v1_bsp/\libhal_bsp.a(altera_nios2_qsys_irq.o)
 .bss           0x00000000000048fc        0x0 ../rangefinder_v1_bsp/\libhal_bsp.a(alt_find_dev.o)
 .bss           0x00000000000048fc        0x0 ../rangefinder_v1_bsp/\libhal_bsp.a(alt_find_file.o)
 .bss           0x00000000000048fc        0x0 ../rangefinder_v1_bsp/\libhal_bsp.a(alt_get_fd.o)
 .bss           0x00000000000048fc        0x0 ../rangefinder_v1_bsp/\libhal_bsp.a(alt_icache_flush.o)
 .bss           0x00000000000048fc        0x0 e:/altera/14.0/nios2eds/bin/gnu/h-x86_64-mingw32/bin/../lib/gcc/nios2-elf/4.7.3/../../../../../H-x86_64-mingw32/nios2-elf/lib\libc.a(lib_a-atexit.o)
 .bss           0x00000000000048fc        0x0 e:/altera/14.0/nios2eds/bin/gnu/h-x86_64-mingw32/bin/../lib/gcc/nios2-elf/4.7.3/../../../../../H-x86_64-mingw32/nios2-elf/lib\libc.a(lib_a-exit.o)
 .bss           0x00000000000048fc        0x0 e:/altera/14.0/nios2eds/bin/gnu/h-x86_64-mingw32/bin/../lib/gcc/nios2-elf/4.7.3/../../../../../H-x86_64-mingw32/nios2-elf/lib\libc.a(lib_a-impure.o)
 .bss           0x00000000000048fc        0x0 e:/altera/14.0/nios2eds/bin/gnu/h-x86_64-mingw32/bin/../lib/gcc/nios2-elf/4.7.3/../../../../../H-x86_64-mingw32/nios2-elf/lib\libc.a(lib_a-int_errno.o)
 .bss           0x00000000000048fc        0x0 e:/altera/14.0/nios2eds/bin/gnu/h-x86_64-mingw32/bin/../lib/gcc/nios2-elf/4.7.3/../../../../../H-x86_64-mingw32/nios2-elf/lib\libc.a(lib_a-memcmp.o)
 .bss           0x00000000000048fc        0x0 e:/altera/14.0/nios2eds/bin/gnu/h-x86_64-mingw32/bin/../lib/gcc/nios2-elf/4.7.3/../../../../../H-x86_64-mingw32/nios2-elf/lib\libc.a(lib_a-strlen.o)
 .bss           0x00000000000048fc        0x0 e:/altera/14.0/nios2eds/bin/gnu/h-x86_64-mingw32/bin/../lib/gcc/nios2-elf/4.7.3/../../../../../H-x86_64-mingw32/nios2-elf/lib\libc.a(lib_a-__atexit.o)
 .bss           0x00000000000048fc        0x0 e:/altera/14.0/nios2eds/bin/gnu/h-x86_64-mingw32/bin/../lib/gcc/nios2-elf/4.7.3/../../../../../H-x86_64-mingw32/nios2-elf/lib\libc.a(lib_a-__call_atexit.o)
 .bss           0x00000000000048fc        0x0 ../rangefinder_v1_bsp/\libhal_bsp.a(alt_exit.o)
 *(COMMON)
 COMMON         0x00000000000048fc       0x10 obj/default/buttons.o
                0x00000000000048fc                buttons
 COMMON         0x000000000000490c      0x158 obj/default/sample_loader.o
                0x000000000000490c                ram_buffer
                0x000000000000493c                signal
                0x0000000000004964                sample
 COMMON         0x0000000000004a64      0x100 ../rangefinder_v1_bsp/\libhal_bsp.a(alt_irq_handler.o)
                0x0000000000004a64                alt_irq
 COMMON         0x0000000000004b64      0x190 e:/altera/14.0/nios2eds/bin/gnu/h-x86_64-mingw32/bin/../lib/gcc/nios2-elf/4.7.3/../../../../../H-x86_64-mingw32/nios2-elf/lib\libc.a(lib_a-atexit.o)
                0x0000000000004b64                _atexit0
                0x0000000000004cf4                . = ALIGN (0x4)
                0x0000000000004cf4                __bss_end = ABSOLUTE (.)

.ram_cpu        0x0000000000004cf4        0x0
                0x0000000000004cf4                PROVIDE (_alt_partition_ram_cpu_start, ABSOLUTE (.))
 *(.ram_cpu .ram_cpu. ram_cpu.*)
                0x0000000000004cf4                . = ALIGN (0x4)
                0x0000000000004cf4                PROVIDE (_alt_partition_ram_cpu_end, ABSOLUTE (.))
                0x0000000000004cf4                _end = ABSOLUTE (.)
                0x0000000000004cf4                end = ABSOLUTE (.)
                0x0000000000004cf4                __alt_stack_base = ABSOLUTE (.)
                0x0000000000004cf4                PROVIDE (_alt_partition_ram_cpu_load_addr, LOADADDR (.ram_cpu))

.ram_sample_5   0x0000000000009000        0x0 load address 0x0000000000004cf4
                0x0000000000009000                PROVIDE (_alt_partition_ram_sample_5_start, ABSOLUTE (.))
 *(.ram_sample_5 .ram_sample_5. ram_sample_5.*)
                0x0000000000009000                . = ALIGN (0x4)
                0x0000000000009000                PROVIDE (_alt_partition_ram_sample_5_end, ABSOLUTE (.))
                0x0000000000004cf4                PROVIDE (_alt_partition_ram_sample_5_load_addr, LOADADDR (.ram_sample_5))

.ram_sample_4   0x0000000000009100        0x0 load address 0x0000000000004cf4
                0x0000000000009100                PROVIDE (_alt_partition_ram_sample_4_start, ABSOLUTE (.))
 *(.ram_sample_4 .ram_sample_4. ram_sample_4.*)
                0x0000000000009100                . = ALIGN (0x4)
                0x0000000000009100                PROVIDE (_alt_partition_ram_sample_4_end, ABSOLUTE (.))
                0x0000000000004cf4                PROVIDE (_alt_partition_ram_sample_4_load_addr, LOADADDR (.ram_sample_4))

.ram_sample_3   0x0000000000009200        0x0 load address 0x0000000000004cf4
                0x0000000000009200                PROVIDE (_alt_partition_ram_sample_3_start, ABSOLUTE (.))
 *(.ram_sample_3 .ram_sample_3. ram_sample_3.*)
                0x0000000000009200                . = ALIGN (0x4)
                0x0000000000009200                PROVIDE (_alt_partition_ram_sample_3_end, ABSOLUTE (.))
                0x0000000000004cf4                PROVIDE (_alt_partition_ram_sample_3_load_addr, LOADADDR (.ram_sample_3))

.ram_sample_2   0x0000000000009300        0x0 load address 0x0000000000004cf4
                0x0000000000009300                PROVIDE (_alt_partition_ram_sample_2_start, ABSOLUTE (.))
 *(.ram_sample_2 .ram_sample_2. ram_sample_2.*)
                0x0000000000009300                . = ALIGN (0x4)
                0x0000000000009300                PROVIDE (_alt_partition_ram_sample_2_end, ABSOLUTE (.))
                0x0000000000004cf4                PROVIDE (_alt_partition_ram_sample_2_load_addr, LOADADDR (.ram_sample_2))

.ram_sample_1   0x0000000000009400        0x0 load address 0x0000000000004cf4
                0x0000000000009400                PROVIDE (_alt_partition_ram_sample_1_start, ABSOLUTE (.))
 *(.ram_sample_1 .ram_sample_1. ram_sample_1.*)
                0x0000000000009400                . = ALIGN (0x4)
                0x0000000000009400                PROVIDE (_alt_partition_ram_sample_1_end, ABSOLUTE (.))
                0x0000000000004cf4                PROVIDE (_alt_partition_ram_sample_1_load_addr, LOADADDR (.ram_sample_1))

.ram_sample_0   0x0000000000009500        0x0 load address 0x0000000000004cf4
                0x0000000000009500                PROVIDE (_alt_partition_ram_sample_0_start, ABSOLUTE (.))
 *(.ram_sample_0 .ram_sample_0. ram_sample_0.*)
                0x0000000000009500                . = ALIGN (0x4)
                0x0000000000009500                PROVIDE (_alt_partition_ram_sample_0_end, ABSOLUTE (.))
                0x0000000000004cf4                PROVIDE (_alt_partition_ram_sample_0_load_addr, LOADADDR (.ram_sample_0))

.stab
 *(.stab)

.stabstr
 *(.stabstr)

.stab.excl
 *(.stab.excl)

.stab.exclstr
 *(.stab.exclstr)

.stab.index
 *(.stab.index)

.stab.indexstr
 *(.stab.indexstr)

.comment        0x0000000000000000       0x23
 *(.comment)
 .comment       0x0000000000000000       0x23 obj/default/accelerometer.o
                                         0x24 (size before relaxing)
 .comment       0x0000000000000000       0x24 obj/default/buttons.o
 .comment       0x0000000000000000       0x24 obj/default/i2c.o
 .comment       0x0000000000000000       0x24 obj/default/laser.o
 .comment       0x0000000000000000       0x24 obj/default/leds.o
 .comment       0x0000000000000000       0x24 obj/default/main.o
 .comment       0x0000000000000000       0x24 obj/default/measurement.o
 .comment       0x0000000000000000       0x24 obj/default/sample_loader.o
 .comment       0x0000000000000000       0x24 obj/default/timer.o
 .comment       0x0000000000000000       0x24 obj/default/uart.o
 .comment       0x0000000000000000       0x24 ../rangefinder_v1_bsp/\libhal_bsp.a(alt_iic.o)
 .comment       0x0000000000000000       0x24 ../rangefinder_v1_bsp/\libhal_bsp.a(alt_iic_isr_register.o)
 .comment       0x0000000000000000       0x24 ../rangefinder_v1_bsp/\libhal_bsp.a(alt_irq_handler.o)
 .comment       0x0000000000000000       0x24 ../rangefinder_v1_bsp/\libhal_bsp.a(alt_irq_vars.o)
 .comment       0x0000000000000000       0x24 ../rangefinder_v1_bsp/\libhal_bsp.a(alt_load.o)
 .comment       0x0000000000000000       0x24 ../rangefinder_v1_bsp/\libhal_bsp.a(alt_main.o)
 .comment       0x0000000000000000       0x24 ../rangefinder_v1_bsp/\libhal_bsp.a(alt_sys_init.o)
 .comment       0x0000000000000000       0x24 ../rangefinder_v1_bsp/\libhal_bsp.a(altera_avalon_timer_sc.o)
 .comment       0x0000000000000000       0x24 ../rangefinder_v1_bsp/\libhal_bsp.a(altera_avalon_uart_fd.o)
 .comment       0x0000000000000000       0x24 ../rangefinder_v1_bsp/\libhal_bsp.a(altera_avalon_uart_init.o)
 .comment       0x0000000000000000       0x24 ../rangefinder_v1_bsp/\libhal_bsp.a(altera_avalon_uart_read.o)
 .comment       0x0000000000000000       0x24 ../rangefinder_v1_bsp/\libhal_bsp.a(altera_avalon_uart_write.o)
 .comment       0x0000000000000000       0x24 ../rangefinder_v1_bsp/\libhal_bsp.a(alt_close.o)
 .comment       0x0000000000000000       0x24 ../rangefinder_v1_bsp/\libhal_bsp.a(alt_dcache_flush_all.o)
 .comment       0x0000000000000000       0x24 ../rangefinder_v1_bsp/\libhal_bsp.a(alt_dev.o)
 .comment       0x0000000000000000       0x24 ../rangefinder_v1_bsp/\libhal_bsp.a(alt_dev_llist_insert.o)
 .comment       0x0000000000000000       0x24 ../rangefinder_v1_bsp/\libhal_bsp.a(alt_do_ctors.o)
 .comment       0x0000000000000000       0x24 ../rangefinder_v1_bsp/\libhal_bsp.a(alt_do_dtors.o)
 .comment       0x0000000000000000       0x24 ../rangefinder_v1_bsp/\libhal_bsp.a(alt_errno.o)
 .comment       0x0000000000000000       0x24 ../rangefinder_v1_bsp/\libhal_bsp.a(alt_icache_flush_all.o)
 .comment       0x0000000000000000       0x24 ../rangefinder_v1_bsp/\libhal_bsp.a(alt_io_redirect.o)
 .comment       0x0000000000000000       0x24 ../rangefinder_v1_bsp/\libhal_bsp.a(alt_open.o)
 .comment       0x0000000000000000       0x24 ../rangefinder_v1_bsp/\libhal_bsp.a(alt_release_fd.o)
 .comment       0x0000000000000000       0x24 ../rangefinder_v1_bsp/\libhal_bsp.a(alt_tick.o)
 .comment       0x0000000000000000       0x24 ../rangefinder_v1_bsp/\libhal_bsp.a(altera_nios2_qsys_irq.o)
 .comment       0x0000000000000000       0x24 ../rangefinder_v1_bsp/\libhal_bsp.a(alt_find_dev.o)
 .comment       0x0000000000000000       0x24 ../rangefinder_v1_bsp/\libhal_bsp.a(alt_find_file.o)
 .comment       0x0000000000000000       0x24 ../rangefinder_v1_bsp/\libhal_bsp.a(alt_get_fd.o)
 .comment       0x0000000000000000       0x24 ../rangefinder_v1_bsp/\libhal_bsp.a(alt_icache_flush.o)
 .comment       0x0000000000000000       0x24 e:/altera/14.0/nios2eds/bin/gnu/h-x86_64-mingw32/bin/../lib/gcc/nios2-elf/4.7.3/../../../../../H-x86_64-mingw32/nios2-elf/lib\libc.a(lib_a-atexit.o)
 .comment       0x0000000000000000       0x24 e:/altera/14.0/nios2eds/bin/gnu/h-x86_64-mingw32/bin/../lib/gcc/nios2-elf/4.7.3/../../../../../H-x86_64-mingw32/nios2-elf/lib\libc.a(lib_a-exit.o)
 .comment       0x0000000000000000       0x24 e:/altera/14.0/nios2eds/bin/gnu/h-x86_64-mingw32/bin/../lib/gcc/nios2-elf/4.7.3/../../../../../H-x86_64-mingw32/nios2-elf/lib\libc.a(lib_a-impure.o)
 .comment       0x0000000000000000       0x24 e:/altera/14.0/nios2eds/bin/gnu/h-x86_64-mingw32/bin/../lib/gcc/nios2-elf/4.7.3/../../../../../H-x86_64-mingw32/nios2-elf/lib\libc.a(lib_a-int_errno.o)
 .comment       0x0000000000000000       0x24 e:/altera/14.0/nios2eds/bin/gnu/h-x86_64-mingw32/bin/../lib/gcc/nios2-elf/4.7.3/../../../../../H-x86_64-mingw32/nios2-elf/lib\libc.a(lib_a-memcmp.o)
 .comment       0x0000000000000000       0x24 e:/altera/14.0/nios2eds/bin/gnu/h-x86_64-mingw32/bin/../lib/gcc/nios2-elf/4.7.3/../../../../../H-x86_64-mingw32/nios2-elf/lib\libc.a(lib_a-strlen.o)
 .comment       0x0000000000000000       0x24 e:/altera/14.0/nios2eds/bin/gnu/h-x86_64-mingw32/bin/../lib/gcc/nios2-elf/4.7.3/../../../../../H-x86_64-mingw32/nios2-elf/lib\libc.a(lib_a-__atexit.o)
 .comment       0x0000000000000000       0x24 e:/altera/14.0/nios2eds/bin/gnu/h-x86_64-mingw32/bin/../lib/gcc/nios2-elf/4.7.3/../../../../../H-x86_64-mingw32/nios2-elf/lib\libc.a(lib_a-__call_atexit.o)
 .comment       0x0000000000000000       0x24 ../rangefinder_v1_bsp/\libhal_bsp.a(alt_exit.o)

.debug
 *(.debug)

.line
 *(.line)

.debug_srcinfo
 *(.debug_srcinfo)

.debug_sfnames
 *(.debug_sfnames)

.debug_aranges  0x0000000000000000      0x670
 *(.debug_aranges)
 .debug_aranges
                0x0000000000000000       0x28 ../rangefinder_v1_bsp//obj/HAL/src/crt0.o
 .debug_aranges
                0x0000000000000028       0x20 obj/default/accelerometer.o
 .debug_aranges
                0x0000000000000048       0x20 obj/default/buttons.o
 .debug_aranges
                0x0000000000000068       0x20 obj/default/i2c.o
 .debug_aranges
                0x0000000000000088       0x20 obj/default/laser.o
 .debug_aranges
                0x00000000000000a8       0x20 obj/default/leds.o
 .debug_aranges
                0x00000000000000c8       0x20 obj/default/main.o
 .debug_aranges
                0x00000000000000e8       0x20 obj/default/measurement.o
 .debug_aranges
                0x0000000000000108       0x20 obj/default/sample_loader.o
 .debug_aranges
                0x0000000000000128       0x20 obj/default/timer.o
 .debug_aranges
                0x0000000000000148       0x20 obj/default/uart.o
 .debug_aranges
                0x0000000000000168       0x20 ../rangefinder_v1_bsp/\libhal_bsp.a(alt_iic.o)
 .debug_aranges
                0x0000000000000188       0x20 ../rangefinder_v1_bsp/\libhal_bsp.a(alt_iic_isr_register.o)
 .debug_aranges
                0x00000000000001a8       0x30 ../rangefinder_v1_bsp/\libhal_bsp.a(alt_irq_entry.o)
 .debug_aranges
                0x00000000000001d8       0x20 ../rangefinder_v1_bsp/\libhal_bsp.a(alt_irq_handler.o)
 .debug_aranges
                0x00000000000001f8       0x18 ../rangefinder_v1_bsp/\libhal_bsp.a(alt_irq_vars.o)
 .debug_aranges
                0x0000000000000210       0x20 ../rangefinder_v1_bsp/\libhal_bsp.a(alt_load.o)
 .debug_aranges
                0x0000000000000230       0x20 ../rangefinder_v1_bsp/\libhal_bsp.a(alt_main.o)
 .debug_aranges
                0x0000000000000250       0x20 ../rangefinder_v1_bsp/\libhal_bsp.a(alt_sys_init.o)
 .debug_aranges
                0x0000000000000270       0x20 ../rangefinder_v1_bsp/\libhal_bsp.a(altera_avalon_timer_sc.o)
 .debug_aranges
                0x0000000000000290       0x20 ../rangefinder_v1_bsp/\libhal_bsp.a(altera_avalon_uart_fd.o)
 .debug_aranges
                0x00000000000002b0       0x20 ../rangefinder_v1_bsp/\libhal_bsp.a(altera_avalon_uart_init.o)
 .debug_aranges
                0x00000000000002d0       0x20 ../rangefinder_v1_bsp/\libhal_bsp.a(altera_avalon_uart_read.o)
 .debug_aranges
                0x00000000000002f0       0x20 ../rangefinder_v1_bsp/\libhal_bsp.a(altera_avalon_uart_write.o)
 .debug_aranges
                0x0000000000000310       0x20 ../rangefinder_v1_bsp/\libhal_bsp.a(alt_close.o)
 .debug_aranges
                0x0000000000000330       0x20 ../rangefinder_v1_bsp/\libhal_bsp.a(alt_dcache_flush_all.o)
 .debug_aranges
                0x0000000000000350       0x20 ../rangefinder_v1_bsp/\libhal_bsp.a(alt_dev.o)
 .debug_aranges
                0x0000000000000370       0x20 ../rangefinder_v1_bsp/\libhal_bsp.a(alt_dev_llist_insert.o)
 .debug_aranges
                0x0000000000000390       0x20 ../rangefinder_v1_bsp/\libhal_bsp.a(alt_do_ctors.o)
 .debug_aranges
                0x00000000000003b0       0x20 ../rangefinder_v1_bsp/\libhal_bsp.a(alt_do_dtors.o)
 .debug_aranges
                0x00000000000003d0       0x18 ../rangefinder_v1_bsp/\libhal_bsp.a(alt_errno.o)
 .debug_aranges
                0x00000000000003e8       0x38 ../rangefinder_v1_bsp/\libhal_bsp.a(alt_exception_entry.o)
 .debug_aranges
                0x0000000000000420       0x20 ../rangefinder_v1_bsp/\libhal_bsp.a(alt_icache_flush_all.o)
 .debug_aranges
                0x0000000000000440       0x20 ../rangefinder_v1_bsp/\libhal_bsp.a(alt_io_redirect.o)
 .debug_aranges
                0x0000000000000460       0x20 ../rangefinder_v1_bsp/\libhal_bsp.a(alt_open.o)
 .debug_aranges
                0x0000000000000480       0x20 ../rangefinder_v1_bsp/\libhal_bsp.a(alt_release_fd.o)
 .debug_aranges
                0x00000000000004a0       0x20 ../rangefinder_v1_bsp/\libhal_bsp.a(alt_tick.o)
 .debug_aranges
                0x00000000000004c0       0x20 ../rangefinder_v1_bsp/\libhal_bsp.a(altera_nios2_qsys_irq.o)
 .debug_aranges
                0x00000000000004e0       0x20 ../rangefinder_v1_bsp/\libhal_bsp.a(alt_find_dev.o)
 .debug_aranges
                0x0000000000000500       0x20 ../rangefinder_v1_bsp/\libhal_bsp.a(alt_find_file.o)
 .debug_aranges
                0x0000000000000520       0x20 ../rangefinder_v1_bsp/\libhal_bsp.a(alt_get_fd.o)
 .debug_aranges
                0x0000000000000540       0x20 ../rangefinder_v1_bsp/\libhal_bsp.a(alt_icache_flush.o)
 .debug_aranges
                0x0000000000000560       0x20 e:/altera/14.0/nios2eds/bin/gnu/h-x86_64-mingw32/bin/../lib/gcc/nios2-elf/4.7.3/../../../../../H-x86_64-mingw32/nios2-elf/lib\libc.a(lib_a-atexit.o)
 .debug_aranges
                0x0000000000000580       0x20 e:/altera/14.0/nios2eds/bin/gnu/h-x86_64-mingw32/bin/../lib/gcc/nios2-elf/4.7.3/../../../../../H-x86_64-mingw32/nios2-elf/lib\libc.a(lib_a-exit.o)
 .debug_aranges
                0x00000000000005a0       0x18 e:/altera/14.0/nios2eds/bin/gnu/h-x86_64-mingw32/bin/../lib/gcc/nios2-elf/4.7.3/../../../../../H-x86_64-mingw32/nios2-elf/lib\libc.a(lib_a-impure.o)
 .debug_aranges
                0x00000000000005b8       0x18 e:/altera/14.0/nios2eds/bin/gnu/h-x86_64-mingw32/bin/../lib/gcc/nios2-elf/4.7.3/../../../../../H-x86_64-mingw32/nios2-elf/lib\libc.a(lib_a-int_errno.o)
 .debug_aranges
                0x00000000000005d0       0x20 e:/altera/14.0/nios2eds/bin/gnu/h-x86_64-mingw32/bin/../lib/gcc/nios2-elf/4.7.3/../../../../../H-x86_64-mingw32/nios2-elf/lib\libc.a(lib_a-memcmp.o)
 .debug_aranges
                0x00000000000005f0       0x20 e:/altera/14.0/nios2eds/bin/gnu/h-x86_64-mingw32/bin/../lib/gcc/nios2-elf/4.7.3/../../../../../H-x86_64-mingw32/nios2-elf/lib\libc.a(lib_a-strlen.o)
 .debug_aranges
                0x0000000000000610       0x20 e:/altera/14.0/nios2eds/bin/gnu/h-x86_64-mingw32/bin/../lib/gcc/nios2-elf/4.7.3/../../../../../H-x86_64-mingw32/nios2-elf/lib\libc.a(lib_a-__atexit.o)
 .debug_aranges
                0x0000000000000630       0x20 e:/altera/14.0/nios2eds/bin/gnu/h-x86_64-mingw32/bin/../lib/gcc/nios2-elf/4.7.3/../../../../../H-x86_64-mingw32/nios2-elf/lib\libc.a(lib_a-__call_atexit.o)
 .debug_aranges
                0x0000000000000650       0x20 ../rangefinder_v1_bsp/\libhal_bsp.a(alt_exit.o)

.debug_pubnames
 *(.debug_pubnames)

.debug_info     0x0000000000000000     0x832f
 *(.debug_info .gnu.linkonce.wi.*)
 .debug_info    0x0000000000000000       0x75 ../rangefinder_v1_bsp//obj/HAL/src/crt0.o
 .debug_info    0x0000000000000075      0x12f obj/default/accelerometer.o
 .debug_info    0x00000000000001a4      0x22e obj/default/buttons.o
 .debug_info    0x00000000000003d2      0x32a obj/default/i2c.o
 .debug_info    0x00000000000006fc       0xa3 obj/default/laser.o
 .debug_info    0x000000000000079f      0x16b obj/default/leds.o
 .debug_info    0x000000000000090a       0xeb obj/default/main.o
 .debug_info    0x00000000000009f5       0xb1 obj/default/measurement.o
 .debug_info    0x0000000000000aa6      0x334 obj/default/sample_loader.o
 .debug_info    0x0000000000000dda      0x1e5 obj/default/timer.o
 .debug_info    0x0000000000000fbf      0x152 obj/default/uart.o
 .debug_info    0x0000000000001111      0x364 ../rangefinder_v1_bsp/\libhal_bsp.a(alt_iic.o)
 .debug_info    0x0000000000001475      0x1f6 ../rangefinder_v1_bsp/\libhal_bsp.a(alt_iic_isr_register.o)
 .debug_info    0x000000000000166b       0x7e ../rangefinder_v1_bsp/\libhal_bsp.a(alt_irq_entry.o)
 .debug_info    0x00000000000016e9      0x190 ../rangefinder_v1_bsp/\libhal_bsp.a(alt_irq_handler.o)
 .debug_info    0x0000000000001879       0x8a ../rangefinder_v1_bsp/\libhal_bsp.a(alt_irq_vars.o)
 .debug_info    0x0000000000001903      0x159 ../rangefinder_v1_bsp/\libhal_bsp.a(alt_load.o)
 .debug_info    0x0000000000001a5c      0x139 ../rangefinder_v1_bsp/\libhal_bsp.a(alt_main.o)
 .debug_info    0x0000000000001b95      0x486 ../rangefinder_v1_bsp/\libhal_bsp.a(alt_sys_init.o)
 .debug_info    0x000000000000201b      0x235 ../rangefinder_v1_bsp/\libhal_bsp.a(altera_avalon_timer_sc.o)
 .debug_info    0x0000000000002250      0x481 ../rangefinder_v1_bsp/\libhal_bsp.a(altera_avalon_uart_fd.o)
 .debug_info    0x00000000000026d1      0x356 ../rangefinder_v1_bsp/\libhal_bsp.a(altera_avalon_uart_init.o)
 .debug_info    0x0000000000002a27      0x331 ../rangefinder_v1_bsp/\libhal_bsp.a(altera_avalon_uart_read.o)
 .debug_info    0x0000000000002d58      0x336 ../rangefinder_v1_bsp/\libhal_bsp.a(altera_avalon_uart_write.o)
 .debug_info    0x000000000000308e      0x350 ../rangefinder_v1_bsp/\libhal_bsp.a(alt_close.o)
 .debug_info    0x00000000000033de       0xa3 ../rangefinder_v1_bsp/\libhal_bsp.a(alt_dcache_flush_all.o)
 .debug_info    0x0000000000003481      0x4e3 ../rangefinder_v1_bsp/\libhal_bsp.a(alt_dev.o)
 .debug_info    0x0000000000003964      0x1b9 ../rangefinder_v1_bsp/\libhal_bsp.a(alt_dev_llist_insert.o)
 .debug_info    0x0000000000003b1d       0x8d ../rangefinder_v1_bsp/\libhal_bsp.a(alt_do_ctors.o)
 .debug_info    0x0000000000003baa       0x8d ../rangefinder_v1_bsp/\libhal_bsp.a(alt_do_dtors.o)
 .debug_info    0x0000000000003c37       0xa3 ../rangefinder_v1_bsp/\libhal_bsp.a(alt_errno.o)
 .debug_info    0x0000000000003cda       0x84 ../rangefinder_v1_bsp/\libhal_bsp.a(alt_exception_entry.o)
 .debug_info    0x0000000000003d5e       0x90 ../rangefinder_v1_bsp/\libhal_bsp.a(alt_icache_flush_all.o)
 .debug_info    0x0000000000003dee      0x4f0 ../rangefinder_v1_bsp/\libhal_bsp.a(alt_io_redirect.o)
 .debug_info    0x00000000000042de      0x3f0 ../rangefinder_v1_bsp/\libhal_bsp.a(alt_open.o)
 .debug_info    0x00000000000046ce      0x2dd ../rangefinder_v1_bsp/\libhal_bsp.a(alt_release_fd.o)
 .debug_info    0x00000000000049ab      0x2b1 ../rangefinder_v1_bsp/\libhal_bsp.a(alt_tick.o)
 .debug_info    0x0000000000004c5c       0x90 ../rangefinder_v1_bsp/\libhal_bsp.a(altera_nios2_qsys_irq.o)
 .debug_info    0x0000000000004cec      0x30d ../rangefinder_v1_bsp/\libhal_bsp.a(alt_find_dev.o)
 .debug_info    0x0000000000004ff9      0x30c ../rangefinder_v1_bsp/\libhal_bsp.a(alt_find_file.o)
 .debug_info    0x0000000000005305      0x339 ../rangefinder_v1_bsp/\libhal_bsp.a(alt_get_fd.o)
 .debug_info    0x000000000000563e       0xda ../rangefinder_v1_bsp/\libhal_bsp.a(alt_icache_flush.o)
 .debug_info    0x0000000000005718      0x1e6 e:/altera/14.0/nios2eds/bin/gnu/h-x86_64-mingw32/bin/../lib/gcc/nios2-elf/4.7.3/../../../../../H-x86_64-mingw32/nios2-elf/lib\libc.a(lib_a-atexit.o)
 .debug_info    0x00000000000058fe      0x993 e:/altera/14.0/nios2eds/bin/gnu/h-x86_64-mingw32/bin/../lib/gcc/nios2-elf/4.7.3/../../../../../H-x86_64-mingw32/nios2-elf/lib\libc.a(lib_a-exit.o)
 .debug_info    0x0000000000006291      0x938 e:/altera/14.0/nios2eds/bin/gnu/h-x86_64-mingw32/bin/../lib/gcc/nios2-elf/4.7.3/../../../../../H-x86_64-mingw32/nios2-elf/lib\libc.a(lib_a-impure.o)
 .debug_info    0x0000000000006bc9       0x84 e:/altera/14.0/nios2eds/bin/gnu/h-x86_64-mingw32/bin/../lib/gcc/nios2-elf/4.7.3/../../../../../H-x86_64-mingw32/nios2-elf/lib\libc.a(lib_a-int_errno.o)
 .debug_info    0x0000000000006c4d      0x117 e:/altera/14.0/nios2eds/bin/gnu/h-x86_64-mingw32/bin/../lib/gcc/nios2-elf/4.7.3/../../../../../H-x86_64-mingw32/nios2-elf/lib\libc.a(lib_a-memcmp.o)
 .debug_info    0x0000000000006d64       0xdf e:/altera/14.0/nios2eds/bin/gnu/h-x86_64-mingw32/bin/../lib/gcc/nios2-elf/4.7.3/../../../../../H-x86_64-mingw32/nios2-elf/lib\libc.a(lib_a-strlen.o)
 .debug_info    0x0000000000006e43      0x9f9 e:/altera/14.0/nios2eds/bin/gnu/h-x86_64-mingw32/bin/../lib/gcc/nios2-elf/4.7.3/../../../../../H-x86_64-mingw32/nios2-elf/lib\libc.a(lib_a-__atexit.o)
 .debug_info    0x000000000000783c      0xa07 e:/altera/14.0/nios2eds/bin/gnu/h-x86_64-mingw32/bin/../lib/gcc/nios2-elf/4.7.3/../../../../../H-x86_64-mingw32/nios2-elf/lib\libc.a(lib_a-__call_atexit.o)
 .debug_info    0x0000000000008243       0xec ../rangefinder_v1_bsp/\libhal_bsp.a(alt_exit.o)

.debug_abbrev   0x0000000000000000     0x2d74
 *(.debug_abbrev)
 .debug_abbrev  0x0000000000000000       0x12 ../rangefinder_v1_bsp//obj/HAL/src/crt0.o
 .debug_abbrev  0x0000000000000012       0x90 obj/default/accelerometer.o
 .debug_abbrev  0x00000000000000a2       0xdf obj/default/buttons.o
 .debug_abbrev  0x0000000000000181      0x12e obj/default/i2c.o
 .debug_abbrev  0x00000000000002af       0x69 obj/default/laser.o
 .debug_abbrev  0x0000000000000318       0x7a obj/default/leds.o
 .debug_abbrev  0x0000000000000392       0xa0 obj/default/main.o
 .debug_abbrev  0x0000000000000432       0x9d obj/default/measurement.o
 .debug_abbrev  0x00000000000004cf      0x150 obj/default/sample_loader.o
 .debug_abbrev  0x000000000000061f      0x10f obj/default/timer.o
 .debug_abbrev  0x000000000000072e       0xd5 obj/default/uart.o
 .debug_abbrev  0x0000000000000803      0x16a ../rangefinder_v1_bsp/\libhal_bsp.a(alt_iic.o)
 .debug_abbrev  0x000000000000096d      0x169 ../rangefinder_v1_bsp/\libhal_bsp.a(alt_iic_isr_register.o)
 .debug_abbrev  0x0000000000000ad6       0x12 ../rangefinder_v1_bsp/\libhal_bsp.a(alt_irq_entry.o)
 .debug_abbrev  0x0000000000000ae8      0x124 ../rangefinder_v1_bsp/\libhal_bsp.a(alt_irq_handler.o)
 .debug_abbrev  0x0000000000000c0c       0x40 ../rangefinder_v1_bsp/\libhal_bsp.a(alt_irq_vars.o)
 .debug_abbrev  0x0000000000000c4c       0x9f ../rangefinder_v1_bsp/\libhal_bsp.a(alt_load.o)
 .debug_abbrev  0x0000000000000ceb       0xba ../rangefinder_v1_bsp/\libhal_bsp.a(alt_main.o)
 .debug_abbrev  0x0000000000000da5      0x167 ../rangefinder_v1_bsp/\libhal_bsp.a(alt_sys_init.o)
 .debug_abbrev  0x0000000000000f0c      0x155 ../rangefinder_v1_bsp/\libhal_bsp.a(altera_avalon_timer_sc.o)
 .debug_abbrev  0x0000000000001061      0x109 ../rangefinder_v1_bsp/\libhal_bsp.a(altera_avalon_uart_fd.o)
 .debug_abbrev  0x000000000000116a      0x178 ../rangefinder_v1_bsp/\libhal_bsp.a(altera_avalon_uart_init.o)
 .debug_abbrev  0x00000000000012e2      0x183 ../rangefinder_v1_bsp/\libhal_bsp.a(altera_avalon_uart_read.o)
 .debug_abbrev  0x0000000000001465      0x18a ../rangefinder_v1_bsp/\libhal_bsp.a(altera_avalon_uart_write.o)
 .debug_abbrev  0x00000000000015ef      0x11f ../rangefinder_v1_bsp/\libhal_bsp.a(alt_close.o)
 .debug_abbrev  0x000000000000170e       0x5a ../rangefinder_v1_bsp/\libhal_bsp.a(alt_dcache_flush_all.o)
 .debug_abbrev  0x0000000000001768       0xd9 ../rangefinder_v1_bsp/\libhal_bsp.a(alt_dev.o)
 .debug_abbrev  0x0000000000001841      0x114 ../rangefinder_v1_bsp/\libhal_bsp.a(alt_dev_llist_insert.o)
 .debug_abbrev  0x0000000000001955       0x79 ../rangefinder_v1_bsp/\libhal_bsp.a(alt_do_ctors.o)
 .debug_abbrev  0x00000000000019ce       0x79 ../rangefinder_v1_bsp/\libhal_bsp.a(alt_do_dtors.o)
 .debug_abbrev  0x0000000000001a47       0x5a ../rangefinder_v1_bsp/\libhal_bsp.a(alt_errno.o)
 .debug_abbrev  0x0000000000001aa1       0x12 ../rangefinder_v1_bsp/\libhal_bsp.a(alt_exception_entry.o)
 .debug_abbrev  0x0000000000001ab3       0x42 ../rangefinder_v1_bsp/\libhal_bsp.a(alt_icache_flush_all.o)
 .debug_abbrev  0x0000000000001af5      0x114 ../rangefinder_v1_bsp/\libhal_bsp.a(alt_io_redirect.o)
 .debug_abbrev  0x0000000000001c09      0x148 ../rangefinder_v1_bsp/\libhal_bsp.a(alt_open.o)
 .debug_abbrev  0x0000000000001d51       0xde ../rangefinder_v1_bsp/\libhal_bsp.a(alt_release_fd.o)
 .debug_abbrev  0x0000000000001e2f      0x15a ../rangefinder_v1_bsp/\libhal_bsp.a(alt_tick.o)
 .debug_abbrev  0x0000000000001f89       0x42 ../rangefinder_v1_bsp/\libhal_bsp.a(altera_nios2_qsys_irq.o)
 .debug_abbrev  0x0000000000001fcb       0xf0 ../rangefinder_v1_bsp/\libhal_bsp.a(alt_find_dev.o)
 .debug_abbrev  0x00000000000020bb       0xf0 ../rangefinder_v1_bsp/\libhal_bsp.a(alt_find_file.o)
 .debug_abbrev  0x00000000000021ab      0x10d ../rangefinder_v1_bsp/\libhal_bsp.a(alt_get_fd.o)
 .debug_abbrev  0x00000000000022b8       0x8c ../rangefinder_v1_bsp/\libhal_bsp.a(alt_icache_flush.o)
 .debug_abbrev  0x0000000000002344      0x106 e:/altera/14.0/nios2eds/bin/gnu/h-x86_64-mingw32/bin/../lib/gcc/nios2-elf/4.7.3/../../../../../H-x86_64-mingw32/nios2-elf/lib\libc.a(lib_a-atexit.o)
 .debug_abbrev  0x000000000000244a      0x1c8 e:/altera/14.0/nios2eds/bin/gnu/h-x86_64-mingw32/bin/../lib/gcc/nios2-elf/4.7.3/../../../../../H-x86_64-mingw32/nios2-elf/lib\libc.a(lib_a-exit.o)
 .debug_abbrev  0x0000000000002612      0x162 e:/altera/14.0/nios2eds/bin/gnu/h-x86_64-mingw32/bin/../lib/gcc/nios2-elf/4.7.3/../../../../../H-x86_64-mingw32/nios2-elf/lib\libc.a(lib_a-impure.o)
 .debug_abbrev  0x0000000000002774       0x37 e:/altera/14.0/nios2eds/bin/gnu/h-x86_64-mingw32/bin/../lib/gcc/nios2-elf/4.7.3/../../../../../H-x86_64-mingw32/nios2-elf/lib\libc.a(lib_a-int_errno.o)
 .debug_abbrev  0x00000000000027ab       0x7f e:/altera/14.0/nios2eds/bin/gnu/h-x86_64-mingw32/bin/../lib/gcc/nios2-elf/4.7.3/../../../../../H-x86_64-mingw32/nios2-elf/lib\libc.a(lib_a-memcmp.o)
 .debug_abbrev  0x000000000000282a       0x90 e:/altera/14.0/nios2eds/bin/gnu/h-x86_64-mingw32/bin/../lib/gcc/nios2-elf/4.7.3/../../../../../H-x86_64-mingw32/nios2-elf/lib\libc.a(lib_a-strlen.o)
 .debug_abbrev  0x00000000000028ba      0x211 e:/altera/14.0/nios2eds/bin/gnu/h-x86_64-mingw32/bin/../lib/gcc/nios2-elf/4.7.3/../../../../../H-x86_64-mingw32/nios2-elf/lib\libc.a(lib_a-__atexit.o)
 .debug_abbrev  0x0000000000002acb      0x203 e:/altera/14.0/nios2eds/bin/gnu/h-x86_64-mingw32/bin/../lib/gcc/nios2-elf/4.7.3/../../../../../H-x86_64-mingw32/nios2-elf/lib\libc.a(lib_a-__call_atexit.o)
 .debug_abbrev  0x0000000000002cce       0xa6 ../rangefinder_v1_bsp/\libhal_bsp.a(alt_exit.o)

.debug_line     0x0000000000000000     0x2e2d
 *(.debug_line)
 .debug_line    0x0000000000000000       0x72 ../rangefinder_v1_bsp//obj/HAL/src/crt0.o
 .debug_line    0x0000000000000072       0x63 obj/default/accelerometer.o
 .debug_line    0x00000000000000d5       0xe1 obj/default/buttons.o
 .debug_line    0x00000000000001b6      0x1df obj/default/i2c.o
 .debug_line    0x0000000000000395       0x6e obj/default/laser.o
 .debug_line    0x0000000000000403       0xb8 obj/default/leds.o
 .debug_line    0x00000000000004bb       0x54 obj/default/main.o
 .debug_line    0x000000000000050f       0x63 obj/default/measurement.o
 .debug_line    0x0000000000000572      0x111 obj/default/sample_loader.o
 .debug_line    0x0000000000000683       0x90 obj/default/timer.o
 .debug_line    0x0000000000000713       0x8e obj/default/uart.o
 .debug_line    0x00000000000007a1       0xed ../rangefinder_v1_bsp/\libhal_bsp.a(alt_iic.o)
 .debug_line    0x000000000000088e       0xdb ../rangefinder_v1_bsp/\libhal_bsp.a(alt_iic_isr_register.o)
 .debug_line    0x0000000000000969       0x6b ../rangefinder_v1_bsp/\libhal_bsp.a(alt_irq_entry.o)
 .debug_line    0x00000000000009d4       0xae ../rangefinder_v1_bsp/\libhal_bsp.a(alt_irq_handler.o)
 .debug_line    0x0000000000000a82       0x50 ../rangefinder_v1_bsp/\libhal_bsp.a(alt_irq_vars.o)
 .debug_line    0x0000000000000ad2       0x92 ../rangefinder_v1_bsp/\libhal_bsp.a(alt_load.o)
 .debug_line    0x0000000000000b64       0xa4 ../rangefinder_v1_bsp/\libhal_bsp.a(alt_main.o)
 .debug_line    0x0000000000000c08      0x12b ../rangefinder_v1_bsp/\libhal_bsp.a(alt_sys_init.o)
 .debug_line    0x0000000000000d33       0xfd ../rangefinder_v1_bsp/\libhal_bsp.a(altera_avalon_timer_sc.o)
 .debug_line    0x0000000000000e30       0xf0 ../rangefinder_v1_bsp/\libhal_bsp.a(altera_avalon_uart_fd.o)
 .debug_line    0x0000000000000f20      0x182 ../rangefinder_v1_bsp/\libhal_bsp.a(altera_avalon_uart_init.o)
 .debug_line    0x00000000000010a2      0x183 ../rangefinder_v1_bsp/\libhal_bsp.a(altera_avalon_uart_read.o)
 .debug_line    0x0000000000001225      0x166 ../rangefinder_v1_bsp/\libhal_bsp.a(altera_avalon_uart_write.o)
 .debug_line    0x000000000000138b      0x188 ../rangefinder_v1_bsp/\libhal_bsp.a(alt_close.o)
 .debug_line    0x0000000000001513       0x61 ../rangefinder_v1_bsp/\libhal_bsp.a(alt_dcache_flush_all.o)
 .debug_line    0x0000000000001574      0x11b ../rangefinder_v1_bsp/\libhal_bsp.a(alt_dev.o)
 .debug_line    0x000000000000168f       0xd0 ../rangefinder_v1_bsp/\libhal_bsp.a(alt_dev_llist_insert.o)
 .debug_line    0x000000000000175f       0x59 ../rangefinder_v1_bsp/\libhal_bsp.a(alt_do_ctors.o)
 .debug_line    0x00000000000017b8       0x59 ../rangefinder_v1_bsp/\libhal_bsp.a(alt_do_dtors.o)
 .debug_line    0x0000000000001811       0x51 ../rangefinder_v1_bsp/\libhal_bsp.a(alt_errno.o)
 .debug_line    0x0000000000001862       0xab ../rangefinder_v1_bsp/\libhal_bsp.a(alt_exception_entry.o)
 .debug_line    0x000000000000190d       0x50 ../rangefinder_v1_bsp/\libhal_bsp.a(alt_icache_flush_all.o)
 .debug_line    0x000000000000195d      0x156 ../rangefinder_v1_bsp/\libhal_bsp.a(alt_io_redirect.o)
 .debug_line    0x0000000000001ab3      0x125 ../rangefinder_v1_bsp/\libhal_bsp.a(alt_open.o)
 .debug_line    0x0000000000001bd8       0xae ../rangefinder_v1_bsp/\libhal_bsp.a(alt_release_fd.o)
 .debug_line    0x0000000000001c86      0x102 ../rangefinder_v1_bsp/\libhal_bsp.a(alt_tick.o)
 .debug_line    0x0000000000001d88       0x51 ../rangefinder_v1_bsp/\libhal_bsp.a(altera_nios2_qsys_irq.o)
 .debug_line    0x0000000000001dd9       0xb9 ../rangefinder_v1_bsp/\libhal_bsp.a(alt_find_dev.o)
 .debug_line    0x0000000000001e92       0xd5 ../rangefinder_v1_bsp/\libhal_bsp.a(alt_find_file.o)
 .debug_line    0x0000000000001f67       0xd1 ../rangefinder_v1_bsp/\libhal_bsp.a(alt_get_fd.o)
 .debug_line    0x0000000000002038       0x81 ../rangefinder_v1_bsp/\libhal_bsp.a(alt_icache_flush.o)
 .debug_line    0x00000000000020b9      0x169 e:/altera/14.0/nios2eds/bin/gnu/h-x86_64-mingw32/bin/../lib/gcc/nios2-elf/4.7.3/../../../../../H-x86_64-mingw32/nios2-elf/lib\libc.a(lib_a-atexit.o)
 .debug_line    0x0000000000002222      0x215 e:/altera/14.0/nios2eds/bin/gnu/h-x86_64-mingw32/bin/../lib/gcc/nios2-elf/4.7.3/../../../../../H-x86_64-mingw32/nios2-elf/lib\libc.a(lib_a-exit.o)
 .debug_line    0x0000000000002437      0x171 e:/altera/14.0/nios2eds/bin/gnu/h-x86_64-mingw32/bin/../lib/gcc/nios2-elf/4.7.3/../../../../../H-x86_64-mingw32/nios2-elf/lib\libc.a(lib_a-impure.o)
 .debug_line    0x00000000000025a8       0x5d e:/altera/14.0/nios2eds/bin/gnu/h-x86_64-mingw32/bin/../lib/gcc/nios2-elf/4.7.3/../../../../../H-x86_64-mingw32/nios2-elf/lib\libc.a(lib_a-int_errno.o)
 .debug_line    0x0000000000002605      0x18b e:/altera/14.0/nios2eds/bin/gnu/h-x86_64-mingw32/bin/../lib/gcc/nios2-elf/4.7.3/../../../../../H-x86_64-mingw32/nios2-elf/lib\libc.a(lib_a-memcmp.o)
 .debug_line    0x0000000000002790      0x180 e:/altera/14.0/nios2eds/bin/gnu/h-x86_64-mingw32/bin/../lib/gcc/nios2-elf/4.7.3/../../../../../H-x86_64-mingw32/nios2-elf/lib\libc.a(lib_a-strlen.o)
 .debug_line    0x0000000000002910      0x24c e:/altera/14.0/nios2eds/bin/gnu/h-x86_64-mingw32/bin/../lib/gcc/nios2-elf/4.7.3/../../../../../H-x86_64-mingw32/nios2-elf/lib\libc.a(lib_a-__atexit.o)
 .debug_line    0x0000000000002b5c      0x260 e:/altera/14.0/nios2eds/bin/gnu/h-x86_64-mingw32/bin/../lib/gcc/nios2-elf/4.7.3/../../../../../H-x86_64-mingw32/nios2-elf/lib\libc.a(lib_a-__call_atexit.o)
 .debug_line    0x0000000000002dbc       0x71 ../rangefinder_v1_bsp/\libhal_bsp.a(alt_exit.o)

.debug_frame    0x0000000000000000      0xe40
 *(.debug_frame)
 .debug_frame   0x0000000000000000       0x9c obj/default/accelerometer.o
 .debug_frame   0x000000000000009c       0x64 obj/default/buttons.o
 .debug_frame   0x0000000000000100      0x198 obj/default/i2c.o
 .debug_frame   0x0000000000000298       0x48 obj/default/laser.o
 .debug_frame   0x00000000000002e0       0x64 obj/default/leds.o
 .debug_frame   0x0000000000000344       0x64 obj/default/main.o
 .debug_frame   0x00000000000003a8       0x48 obj/default/measurement.o
 .debug_frame   0x00000000000003f0       0xd8 obj/default/sample_loader.o
 .debug_frame   0x00000000000004c8       0xf0 obj/default/timer.o
 .debug_frame   0x00000000000005b8       0x80 obj/default/uart.o
 .debug_frame   0x0000000000000638       0x80 ../rangefinder_v1_bsp/\libhal_bsp.a(alt_iic.o)
 .debug_frame   0x00000000000006b8       0x2c ../rangefinder_v1_bsp/\libhal_bsp.a(alt_iic_isr_register.o)
 .debug_frame   0x00000000000006e4       0x2c ../rangefinder_v1_bsp/\libhal_bsp.a(alt_irq_handler.o)
 .debug_frame   0x0000000000000710       0x48 ../rangefinder_v1_bsp/\libhal_bsp.a(alt_load.o)
 .debug_frame   0x0000000000000758       0x2c ../rangefinder_v1_bsp/\libhal_bsp.a(alt_main.o)
 .debug_frame   0x0000000000000784       0x64 ../rangefinder_v1_bsp/\libhal_bsp.a(alt_sys_init.o)
 .debug_frame   0x00000000000007e8       0x48 ../rangefinder_v1_bsp/\libhal_bsp.a(altera_avalon_timer_sc.o)
 .debug_frame   0x0000000000000830       0x64 ../rangefinder_v1_bsp/\libhal_bsp.a(altera_avalon_uart_fd.o)
 .debug_frame   0x0000000000000894       0x9c ../rangefinder_v1_bsp/\libhal_bsp.a(altera_avalon_uart_init.o)
 .debug_frame   0x0000000000000930       0x48 ../rangefinder_v1_bsp/\libhal_bsp.a(altera_avalon_uart_read.o)
 .debug_frame   0x0000000000000978       0x48 ../rangefinder_v1_bsp/\libhal_bsp.a(altera_avalon_uart_write.o)
 .debug_frame   0x00000000000009c0       0x48 ../rangefinder_v1_bsp/\libhal_bsp.a(alt_close.o)
 .debug_frame   0x0000000000000a08       0x2c ../rangefinder_v1_bsp/\libhal_bsp.a(alt_dcache_flush_all.o)
 .debug_frame   0x0000000000000a34       0x2c ../rangefinder_v1_bsp/\libhal_bsp.a(alt_dev.o)
 .debug_frame   0x0000000000000a60       0x48 ../rangefinder_v1_bsp/\libhal_bsp.a(alt_dev_llist_insert.o)
 .debug_frame   0x0000000000000aa8       0x2c ../rangefinder_v1_bsp/\libhal_bsp.a(alt_do_ctors.o)
 .debug_frame   0x0000000000000ad4       0x2c ../rangefinder_v1_bsp/\libhal_bsp.a(alt_do_dtors.o)
 .debug_frame   0x0000000000000b00       0x2c ../rangefinder_v1_bsp/\libhal_bsp.a(alt_icache_flush_all.o)
 .debug_frame   0x0000000000000b2c       0x48 ../rangefinder_v1_bsp/\libhal_bsp.a(alt_io_redirect.o)
 .debug_frame   0x0000000000000b74       0x64 ../rangefinder_v1_bsp/\libhal_bsp.a(alt_open.o)
 .debug_frame   0x0000000000000bd8       0x2c ../rangefinder_v1_bsp/\libhal_bsp.a(alt_release_fd.o)
 .debug_frame   0x0000000000000c04       0x48 ../rangefinder_v1_bsp/\libhal_bsp.a(alt_tick.o)
 .debug_frame   0x0000000000000c4c       0x2c ../rangefinder_v1_bsp/\libhal_bsp.a(altera_nios2_qsys_irq.o)
 .debug_frame   0x0000000000000c78       0x2c ../rangefinder_v1_bsp/\libhal_bsp.a(alt_find_dev.o)
 .debug_frame   0x0000000000000ca4       0x2c ../rangefinder_v1_bsp/\libhal_bsp.a(alt_find_file.o)
 .debug_frame   0x0000000000000cd0       0x2c ../rangefinder_v1_bsp/\libhal_bsp.a(alt_get_fd.o)
 .debug_frame   0x0000000000000cfc       0x2c ../rangefinder_v1_bsp/\libhal_bsp.a(alt_icache_flush.o)
 .debug_frame   0x0000000000000d28       0x20 e:/altera/14.0/nios2eds/bin/gnu/h-x86_64-mingw32/bin/../lib/gcc/nios2-elf/4.7.3/../../../../../H-x86_64-mingw32/nios2-elf/lib\libc.a(lib_a-atexit.o)
 .debug_frame   0x0000000000000d48       0x28 e:/altera/14.0/nios2eds/bin/gnu/h-x86_64-mingw32/bin/../lib/gcc/nios2-elf/4.7.3/../../../../../H-x86_64-mingw32/nios2-elf/lib\libc.a(lib_a-exit.o)
 .debug_frame   0x0000000000000d70       0x20 e:/altera/14.0/nios2eds/bin/gnu/h-x86_64-mingw32/bin/../lib/gcc/nios2-elf/4.7.3/../../../../../H-x86_64-mingw32/nios2-elf/lib\libc.a(lib_a-memcmp.o)
 .debug_frame   0x0000000000000d90       0x20 e:/altera/14.0/nios2eds/bin/gnu/h-x86_64-mingw32/bin/../lib/gcc/nios2-elf/4.7.3/../../../../../H-x86_64-mingw32/nios2-elf/lib\libc.a(lib_a-strlen.o)
 .debug_frame   0x0000000000000db0       0x2c e:/altera/14.0/nios2eds/bin/gnu/h-x86_64-mingw32/bin/../lib/gcc/nios2-elf/4.7.3/../../../../../H-x86_64-mingw32/nios2-elf/lib\libc.a(lib_a-__atexit.o)
 .debug_frame   0x0000000000000ddc       0x38 e:/altera/14.0/nios2eds/bin/gnu/h-x86_64-mingw32/bin/../lib/gcc/nios2-elf/4.7.3/../../../../../H-x86_64-mingw32/nios2-elf/lib\libc.a(lib_a-__call_atexit.o)
 .debug_frame   0x0000000000000e14       0x2c ../rangefinder_v1_bsp/\libhal_bsp.a(alt_exit.o)

.debug_str      0x0000000000000000     0x1a34
 *(.debug_str)
 .debug_str     0x0000000000000000       0xf6 obj/default/accelerometer.o
 .debug_str     0x00000000000000f6      0x1a6 obj/default/buttons.o
                                        0x24a (size before relaxing)
 .debug_str     0x000000000000029c       0xcb obj/default/i2c.o
                                        0x1d5 (size before relaxing)
 .debug_str     0x0000000000000367       0x29 obj/default/laser.o
                                         0xf0 (size before relaxing)
 .debug_str     0x0000000000000390       0x8a obj/default/leds.o
                                        0x159 (size before relaxing)
 .debug_str     0x000000000000041a       0x12 obj/default/main.o
                                        0x105 (size before relaxing)
 .debug_str     0x000000000000042c       0x41 obj/default/measurement.o
                                         0xb0 (size before relaxing)
 .debug_str     0x000000000000046d      0x156 obj/default/sample_loader.o
                                        0x254 (size before relaxing)
 .debug_str     0x00000000000005c3       0xed obj/default/timer.o
                                        0x1e1 (size before relaxing)
 .debug_str     0x00000000000006b0       0x29 obj/default/uart.o
                                        0x10b (size before relaxing)
 .debug_str     0x00000000000006d9      0x129 ../rangefinder_v1_bsp/\libhal_bsp.a(alt_iic.o)
                                        0x1fc (size before relaxing)
 .debug_str     0x0000000000000802       0x4c ../rangefinder_v1_bsp/\libhal_bsp.a(alt_iic_isr_register.o)
                                        0x1a6 (size before relaxing)
 .debug_str     0x000000000000084e       0x3a ../rangefinder_v1_bsp/\libhal_bsp.a(alt_irq_handler.o)
                                        0x155 (size before relaxing)
 .debug_str     0x0000000000000888       0x17 ../rangefinder_v1_bsp/\libhal_bsp.a(alt_irq_vars.o)
                                        0x104 (size before relaxing)
 .debug_str     0x000000000000089f       0xe9 ../rangefinder_v1_bsp/\libhal_bsp.a(alt_load.o)
                                        0x1d0 (size before relaxing)
 .debug_str     0x0000000000000988       0x70 ../rangefinder_v1_bsp/\libhal_bsp.a(alt_main.o)
                                        0x15b (size before relaxing)
 .debug_str     0x00000000000009f8      0x17f ../rangefinder_v1_bsp/\libhal_bsp.a(alt_sys_init.o)
                                        0x2d0 (size before relaxing)
 .debug_str     0x0000000000000b77       0x9a ../rangefinder_v1_bsp/\libhal_bsp.a(altera_avalon_timer_sc.o)
                                        0x209 (size before relaxing)
 .debug_str     0x0000000000000c11       0x7d ../rangefinder_v1_bsp/\libhal_bsp.a(altera_avalon_uart_fd.o)
                                        0x2b3 (size before relaxing)
 .debug_str     0x0000000000000c8e       0xaa ../rangefinder_v1_bsp/\libhal_bsp.a(altera_avalon_uart_init.o)
                                        0x275 (size before relaxing)
 .debug_str     0x0000000000000d38       0x5d ../rangefinder_v1_bsp/\libhal_bsp.a(altera_avalon_uart_read.o)
                                        0x256 (size before relaxing)
 .debug_str     0x0000000000000d95       0x49 ../rangefinder_v1_bsp/\libhal_bsp.a(altera_avalon_uart_write.o)
                                        0x24a (size before relaxing)
 .debug_str     0x0000000000000dde       0x2c ../rangefinder_v1_bsp/\libhal_bsp.a(alt_close.o)
                                        0x1c9 (size before relaxing)
 .debug_str     0x0000000000000e0a       0x34 ../rangefinder_v1_bsp/\libhal_bsp.a(alt_dcache_flush_all.o)
                                        0x113 (size before relaxing)
 .debug_str     0x0000000000000e3e      0x120 ../rangefinder_v1_bsp/\libhal_bsp.a(alt_dev.o)
                                        0x2c3 (size before relaxing)
 .debug_str     0x0000000000000f5e       0x4b ../rangefinder_v1_bsp/\libhal_bsp.a(alt_dev_llist_insert.o)
                                        0x18a (size before relaxing)
 .debug_str     0x0000000000000fa9       0x48 ../rangefinder_v1_bsp/\libhal_bsp.a(alt_do_ctors.o)
                                         0x9a (size before relaxing)
 .debug_str     0x0000000000000ff1       0x4c ../rangefinder_v1_bsp/\libhal_bsp.a(alt_do_dtors.o)
                                         0x99 (size before relaxing)
 .debug_str     0x000000000000103d       0x14 ../rangefinder_v1_bsp/\libhal_bsp.a(alt_errno.o)
                                        0x103 (size before relaxing)
 .debug_str     0x0000000000001051       0x34 ../rangefinder_v1_bsp/\libhal_bsp.a(alt_icache_flush_all.o)
                                        0x113 (size before relaxing)
 .debug_str     0x0000000000001085       0x56 ../rangefinder_v1_bsp/\libhal_bsp.a(alt_io_redirect.o)
                                        0x2d4 (size before relaxing)
 .debug_str     0x00000000000010db       0x2f ../rangefinder_v1_bsp/\libhal_bsp.a(alt_open.o)
                                        0x209 (size before relaxing)
 .debug_str     0x000000000000110a       0x28 ../rangefinder_v1_bsp/\libhal_bsp.a(alt_release_fd.o)
                                        0x19d (size before relaxing)
 .debug_str     0x0000000000001132       0x78 ../rangefinder_v1_bsp/\libhal_bsp.a(alt_tick.o)
                                        0x210 (size before relaxing)
 .debug_str     0x00000000000011aa       0x3b ../rangefinder_v1_bsp/\libhal_bsp.a(altera_nios2_qsys_irq.o)
                                        0x11a (size before relaxing)
 .debug_str     0x00000000000011e5       0x24 ../rangefinder_v1_bsp/\libhal_bsp.a(alt_find_dev.o)
                                        0x1aa (size before relaxing)
 .debug_str     0x0000000000001209       0x26 ../rangefinder_v1_bsp/\libhal_bsp.a(alt_find_file.o)
                                        0x1b8 (size before relaxing)
 .debug_str     0x000000000000122f       0x30 ../rangefinder_v1_bsp/\libhal_bsp.a(alt_get_fd.o)
                                        0x1da (size before relaxing)
 .debug_str     0x000000000000125f       0x2c ../rangefinder_v1_bsp/\libhal_bsp.a(alt_icache_flush.o)
                                        0x119 (size before relaxing)
 .debug_str     0x000000000000128b      0x15a e:/altera/14.0/nios2eds/bin/gnu/h-x86_64-mingw32/bin/../lib/gcc/nios2-elf/4.7.3/../../../../../H-x86_64-mingw32/nios2-elf/lib\libc.a(lib_a-atexit.o)
                                        0x20d (size before relaxing)
 .debug_str     0x00000000000013e5      0x353 e:/altera/14.0/nios2eds/bin/gnu/h-x86_64-mingw32/bin/../lib/gcc/nios2-elf/4.7.3/../../../../../H-x86_64-mingw32/nios2-elf/lib\libc.a(lib_a-exit.o)
                                        0x52d (size before relaxing)
 .debug_str     0x0000000000001738       0xd2 e:/altera/14.0/nios2eds/bin/gnu/h-x86_64-mingw32/bin/../lib/gcc/nios2-elf/4.7.3/../../../../../H-x86_64-mingw32/nios2-elf/lib\libc.a(lib_a-impure.o)
                                        0x524 (size before relaxing)
 .debug_str     0x000000000000180a       0x3d e:/altera/14.0/nios2eds/bin/gnu/h-x86_64-mingw32/bin/../lib/gcc/nios2-elf/4.7.3/../../../../../H-x86_64-mingw32/nios2-elf/lib\libc.a(lib_a-int_errno.o)
                                        0x16d (size before relaxing)
 .debug_str     0x0000000000001847       0xd6 e:/altera/14.0/nios2eds/bin/gnu/h-x86_64-mingw32/bin/../lib/gcc/nios2-elf/4.7.3/../../../../../H-x86_64-mingw32/nios2-elf/lib\libc.a(lib_a-memcmp.o)
                                        0x174 (size before relaxing)
 .debug_str     0x000000000000191d       0x4f e:/altera/14.0/nios2eds/bin/gnu/h-x86_64-mingw32/bin/../lib/gcc/nios2-elf/4.7.3/../../../../../H-x86_64-mingw32/nios2-elf/lib\libc.a(lib_a-strlen.o)
                                        0x187 (size before relaxing)
 .debug_str     0x000000000000196c       0x3d e:/altera/14.0/nios2eds/bin/gnu/h-x86_64-mingw32/bin/../lib/gcc/nios2-elf/4.7.3/../../../../../H-x86_64-mingw32/nios2-elf/lib\libc.a(lib_a-__atexit.o)
                                        0x571 (size before relaxing)
 .debug_str     0x00000000000019a9       0x61 e:/altera/14.0/nios2eds/bin/gnu/h-x86_64-mingw32/bin/../lib/gcc/nios2-elf/4.7.3/../../../../../H-x86_64-mingw32/nios2-elf/lib\libc.a(lib_a-__call_atexit.o)
                                        0x54f (size before relaxing)
 .debug_str     0x0000000000001a0a       0x2a ../rangefinder_v1_bsp/\libhal_bsp.a(alt_exit.o)
                                        0x10f (size before relaxing)

.debug_loc      0x0000000000000000     0x1664
 *(.debug_loc)
 .debug_loc     0x0000000000000000       0xdc obj/default/accelerometer.o
 .debug_loc     0x00000000000000dc       0x84 obj/default/buttons.o
 .debug_loc     0x0000000000000160      0x268 obj/default/i2c.o
 .debug_loc     0x00000000000003c8       0x58 obj/default/laser.o
 .debug_loc     0x0000000000000420       0x84 obj/default/leds.o
 .debug_loc     0x00000000000004a4       0x84 obj/default/main.o
 .debug_loc     0x0000000000000528       0x58 obj/default/measurement.o
 .debug_loc     0x0000000000000580      0x134 obj/default/sample_loader.o
 .debug_loc     0x00000000000006b4      0x160 obj/default/timer.o
 .debug_loc     0x0000000000000814       0xb0 obj/default/uart.o
 .debug_loc     0x00000000000008c4       0xb0 ../rangefinder_v1_bsp/\libhal_bsp.a(alt_iic.o)
 .debug_loc     0x0000000000000974       0x2c ../rangefinder_v1_bsp/\libhal_bsp.a(alt_iic_isr_register.o)
 .debug_loc     0x00000000000009a0       0x2c ../rangefinder_v1_bsp/\libhal_bsp.a(alt_irq_handler.o)
 .debug_loc     0x00000000000009cc       0x58 ../rangefinder_v1_bsp/\libhal_bsp.a(alt_load.o)
 .debug_loc     0x0000000000000a24       0x2c ../rangefinder_v1_bsp/\libhal_bsp.a(alt_main.o)
 .debug_loc     0x0000000000000a50       0x84 ../rangefinder_v1_bsp/\libhal_bsp.a(alt_sys_init.o)
 .debug_loc     0x0000000000000ad4       0x58 ../rangefinder_v1_bsp/\libhal_bsp.a(altera_avalon_timer_sc.o)
 .debug_loc     0x0000000000000b2c       0x84 ../rangefinder_v1_bsp/\libhal_bsp.a(altera_avalon_uart_fd.o)
 .debug_loc     0x0000000000000bb0       0xdc ../rangefinder_v1_bsp/\libhal_bsp.a(altera_avalon_uart_init.o)
 .debug_loc     0x0000000000000c8c       0x58 ../rangefinder_v1_bsp/\libhal_bsp.a(altera_avalon_uart_read.o)
 .debug_loc     0x0000000000000ce4       0x58 ../rangefinder_v1_bsp/\libhal_bsp.a(altera_avalon_uart_write.o)
 .debug_loc     0x0000000000000d3c       0x58 ../rangefinder_v1_bsp/\libhal_bsp.a(alt_close.o)
 .debug_loc     0x0000000000000d94       0x2c ../rangefinder_v1_bsp/\libhal_bsp.a(alt_dcache_flush_all.o)
 .debug_loc     0x0000000000000dc0       0x2c ../rangefinder_v1_bsp/\libhal_bsp.a(alt_dev.o)
 .debug_loc     0x0000000000000dec       0x58 ../rangefinder_v1_bsp/\libhal_bsp.a(alt_dev_llist_insert.o)
 .debug_loc     0x0000000000000e44       0x2c ../rangefinder_v1_bsp/\libhal_bsp.a(alt_do_ctors.o)
 .debug_loc     0x0000000000000e70       0x2c ../rangefinder_v1_bsp/\libhal_bsp.a(alt_do_dtors.o)
 .debug_loc     0x0000000000000e9c       0x2c ../rangefinder_v1_bsp/\libhal_bsp.a(alt_icache_flush_all.o)
 .debug_loc     0x0000000000000ec8       0x58 ../rangefinder_v1_bsp/\libhal_bsp.a(alt_io_redirect.o)
 .debug_loc     0x0000000000000f20       0x84 ../rangefinder_v1_bsp/\libhal_bsp.a(alt_open.o)
 .debug_loc     0x0000000000000fa4       0x2c ../rangefinder_v1_bsp/\libhal_bsp.a(alt_release_fd.o)
 .debug_loc     0x0000000000000fd0       0x58 ../rangefinder_v1_bsp/\libhal_bsp.a(alt_tick.o)
 .debug_loc     0x0000000000001028       0x2c ../rangefinder_v1_bsp/\libhal_bsp.a(altera_nios2_qsys_irq.o)
 .debug_loc     0x0000000000001054       0x2c ../rangefinder_v1_bsp/\libhal_bsp.a(alt_find_dev.o)
 .debug_loc     0x0000000000001080       0x2c ../rangefinder_v1_bsp/\libhal_bsp.a(alt_find_file.o)
 .debug_loc     0x00000000000010ac       0x2c ../rangefinder_v1_bsp/\libhal_bsp.a(alt_get_fd.o)
 .debug_loc     0x00000000000010d8       0x2c ../rangefinder_v1_bsp/\libhal_bsp.a(alt_icache_flush.o)
 .debug_loc     0x0000000000001104       0x2c e:/altera/14.0/nios2eds/bin/gnu/h-x86_64-mingw32/bin/../lib/gcc/nios2-elf/4.7.3/../../../../../H-x86_64-mingw32/nios2-elf/lib\libc.a(lib_a-atexit.o)
 .debug_loc     0x0000000000001130       0x3e e:/altera/14.0/nios2eds/bin/gnu/h-x86_64-mingw32/bin/../lib/gcc/nios2-elf/4.7.3/../../../../../H-x86_64-mingw32/nios2-elf/lib\libc.a(lib_a-exit.o)
 .debug_loc     0x000000000000116e      0x103 e:/altera/14.0/nios2eds/bin/gnu/h-x86_64-mingw32/bin/../lib/gcc/nios2-elf/4.7.3/../../../../../H-x86_64-mingw32/nios2-elf/lib\libc.a(lib_a-memcmp.o)
 .debug_loc     0x0000000000001271       0x52 e:/altera/14.0/nios2eds/bin/gnu/h-x86_64-mingw32/bin/../lib/gcc/nios2-elf/4.7.3/../../../../../H-x86_64-mingw32/nios2-elf/lib\libc.a(lib_a-strlen.o)
 .debug_loc     0x00000000000012c3      0x194 e:/altera/14.0/nios2eds/bin/gnu/h-x86_64-mingw32/bin/../lib/gcc/nios2-elf/4.7.3/../../../../../H-x86_64-mingw32/nios2-elf/lib\libc.a(lib_a-__atexit.o)
 .debug_loc     0x0000000000001457      0x1e1 e:/altera/14.0/nios2eds/bin/gnu/h-x86_64-mingw32/bin/../lib/gcc/nios2-elf/4.7.3/../../../../../H-x86_64-mingw32/nios2-elf/lib\libc.a(lib_a-__call_atexit.o)
 .debug_loc     0x0000000000001638       0x2c ../rangefinder_v1_bsp/\libhal_bsp.a(alt_exit.o)

.debug_macinfo
 *(.debug_macinfo)

.debug_weaknames
 *(.debug_weaknames)

.debug_funcnames
 *(.debug_funcnames)

.debug_typenames
 *(.debug_typenames)

.debug_varnames
 *(.debug_varnames)

.debug_alt_sim_info
                0x0000000000000000       0x30
 *(.debug_alt_sim_info)
 .debug_alt_sim_info
                0x0000000000000000       0x30 ../rangefinder_v1_bsp//obj/HAL/src/crt0.o
                0x0000000000008000                __alt_data_end = 0x8000
                0x0000000000008000                PROVIDE (__alt_stack_pointer, __alt_data_end)
                0x0000000000004cf4                PROVIDE (__alt_stack_limit, __alt_stack_base)
                0x0000000000004cf4                PROVIDE (__alt_heap_start, end)
                0x0000000000008000                PROVIDE (__alt_heap_limit, 0x8000)
OUTPUT(rangefinder_v1.elf elf32-littlenios2)

.debug_ranges   0x0000000000000000       0xd0
 .debug_ranges  0x0000000000000000       0x20 ../rangefinder_v1_bsp//obj/HAL/src/crt0.o
 .debug_ranges  0x0000000000000020       0x30 ../rangefinder_v1_bsp/\libhal_bsp.a(alt_iic.o)
 .debug_ranges  0x0000000000000050       0x28 ../rangefinder_v1_bsp/\libhal_bsp.a(alt_irq_entry.o)
 .debug_ranges  0x0000000000000078       0x10 ../rangefinder_v1_bsp/\libhal_bsp.a(alt_irq_handler.o)
 .debug_ranges  0x0000000000000088       0x30 ../rangefinder_v1_bsp/\libhal_bsp.a(alt_exception_entry.o)
 .debug_ranges  0x00000000000000b8       0x18 e:/altera/14.0/nios2eds/bin/gnu/h-x86_64-mingw32/bin/../lib/gcc/nios2-elf/4.7.3/../../../../../H-x86_64-mingw32/nios2-elf/lib\libc.a(lib_a-__call_atexit.o)
